Archive member included because of file (symbol)

e:/isystem/winideaopen9/gcc/arm/bin/../lib/gcc/arm-none-eabi/4.9.3/../../../../arm-none-eabi/lib/cortex-m7\libc.a(lib_a-assert.o)
                              F:\git\iteso\LinTarea1\Tarea1_HdrLIN\workspace\Debug\pmc.o (__assert_func)
e:/isystem/winideaopen9/gcc/arm/bin/../lib/gcc/arm-none-eabi/4.9.3/../../../../arm-none-eabi/lib/cortex-m7\libc.a(lib_a-fiprintf.o)
                              e:/isystem/winideaopen9/gcc/arm/bin/../lib/gcc/arm-none-eabi/4.9.3/../../../../arm-none-eabi/lib/cortex-m7\libc.a(lib_a-assert.o) (fiprintf)
e:/isystem/winideaopen9/gcc/arm/bin/../lib/gcc/arm-none-eabi/4.9.3/../../../../arm-none-eabi/lib/cortex-m7\libc.a(lib_a-impure.o)
                              F:\git\iteso\LinTarea1\Tarea1_HdrLIN\workspace\Debug\dbg_console.o (_impure_ptr)
e:/isystem/winideaopen9/gcc/arm/bin/../lib/gcc/arm-none-eabi/4.9.3/../../../../arm-none-eabi/lib/cortex-m7\libc.a(lib_a-memcpy.o)
                              F:\git\iteso\LinTarea1\Tarea1_HdrLIN\workspace\Debug\board_memories.o (memcpy)
e:/isystem/winideaopen9/gcc/arm/bin/../lib/gcc/arm-none-eabi/4.9.3/../../../../arm-none-eabi/lib/cortex-m7\libc.a(lib_a-printf.o)
                              F:\git\iteso\LinTarea1\Tarea1_HdrLIN\workspace\Debug\dbg_console.o (printf)
e:/isystem/winideaopen9/gcc/arm/bin/../lib/gcc/arm-none-eabi/4.9.3/../../../../arm-none-eabi/lib/cortex-m7\libc.a(lib_a-putchar.o)
                              F:\git\iteso\LinTarea1\Tarea1_HdrLIN\workspace\Debug\dbg_console.o (putchar)
e:/isystem/winideaopen9/gcc/arm/bin/../lib/gcc/arm-none-eabi/4.9.3/../../../../arm-none-eabi/lib/cortex-m7\libc.a(lib_a-setvbuf.o)
                              F:\git\iteso\LinTarea1\Tarea1_HdrLIN\workspace\Debug\dbg_console.o (setvbuf)
e:/isystem/winideaopen9/gcc/arm/bin/../lib/gcc/arm-none-eabi/4.9.3/../../../../arm-none-eabi/lib/cortex-m7\libc.a(lib_a-vfiprintf.o)
                              e:/isystem/winideaopen9/gcc/arm/bin/../lib/gcc/arm-none-eabi/4.9.3/../../../../arm-none-eabi/lib/cortex-m7\libc.a(lib_a-fiprintf.o) (_vfiprintf_r)
e:/isystem/winideaopen9/gcc/arm/bin/../lib/gcc/arm-none-eabi/4.9.3/../../../../arm-none-eabi/lib/cortex-m7\libc.a(lib_a-vfprintf.o)
                              e:/isystem/winideaopen9/gcc/arm/bin/../lib/gcc/arm-none-eabi/4.9.3/../../../../arm-none-eabi/lib/cortex-m7\libc.a(lib_a-printf.o) (_vfprintf_r)
e:/isystem/winideaopen9/gcc/arm/bin/../lib/gcc/arm-none-eabi/4.9.3/../../../../arm-none-eabi/lib/cortex-m7\libc.a(lib_a-wsetup.o)
                              e:/isystem/winideaopen9/gcc/arm/bin/../lib/gcc/arm-none-eabi/4.9.3/../../../../arm-none-eabi/lib/cortex-m7\libc.a(lib_a-vfiprintf.o) (__swsetup_r)
e:/isystem/winideaopen9/gcc/arm/bin/../lib/gcc/arm-none-eabi/4.9.3/../../../../arm-none-eabi/lib/cortex-m7\libc.a(lib_a-abort.o)
                              e:/isystem/winideaopen9/gcc/arm/bin/../lib/gcc/arm-none-eabi/4.9.3/../../../../arm-none-eabi/lib/cortex-m7\libc.a(lib_a-assert.o) (abort)
e:/isystem/winideaopen9/gcc/arm/bin/../lib/gcc/arm-none-eabi/4.9.3/../../../../arm-none-eabi/lib/cortex-m7\libc.a(lib_a-dtoa.o)
                              e:/isystem/winideaopen9/gcc/arm/bin/../lib/gcc/arm-none-eabi/4.9.3/../../../../arm-none-eabi/lib/cortex-m7\libc.a(lib_a-vfprintf.o) (_dtoa_r)
e:/isystem/winideaopen9/gcc/arm/bin/../lib/gcc/arm-none-eabi/4.9.3/../../../../arm-none-eabi/lib/cortex-m7\libc.a(lib_a-fflush.o)
                              e:/isystem/winideaopen9/gcc/arm/bin/../lib/gcc/arm-none-eabi/4.9.3/../../../../arm-none-eabi/lib/cortex-m7\libc.a(lib_a-setvbuf.o) (_fflush_r)
e:/isystem/winideaopen9/gcc/arm/bin/../lib/gcc/arm-none-eabi/4.9.3/../../../../arm-none-eabi/lib/cortex-m7\libc.a(lib_a-findfp.o)
                              e:/isystem/winideaopen9/gcc/arm/bin/../lib/gcc/arm-none-eabi/4.9.3/../../../../arm-none-eabi/lib/cortex-m7\libc.a(lib_a-setvbuf.o) (_cleanup_r)
e:/isystem/winideaopen9/gcc/arm/bin/../lib/gcc/arm-none-eabi/4.9.3/../../../../arm-none-eabi/lib/cortex-m7\libc.a(lib_a-fputwc.o)
                              e:/isystem/winideaopen9/gcc/arm/bin/../lib/gcc/arm-none-eabi/4.9.3/../../../../arm-none-eabi/lib/cortex-m7\libc.a(lib_a-vfiprintf.o) (_fputwc_r)
e:/isystem/winideaopen9/gcc/arm/bin/../lib/gcc/arm-none-eabi/4.9.3/../../../../arm-none-eabi/lib/cortex-m7\libc.a(lib_a-freer.o)
                              e:/isystem/winideaopen9/gcc/arm/bin/../lib/gcc/arm-none-eabi/4.9.3/../../../../arm-none-eabi/lib/cortex-m7\libc.a(lib_a-setvbuf.o) (_free_r)
e:/isystem/winideaopen9/gcc/arm/bin/../lib/gcc/arm-none-eabi/4.9.3/../../../../arm-none-eabi/lib/cortex-m7\libc.a(lib_a-fvwrite.o)
                              e:/isystem/winideaopen9/gcc/arm/bin/../lib/gcc/arm-none-eabi/4.9.3/../../../../arm-none-eabi/lib/cortex-m7\libc.a(lib_a-vfiprintf.o) (__sfvwrite_r)
e:/isystem/winideaopen9/gcc/arm/bin/../lib/gcc/arm-none-eabi/4.9.3/../../../../arm-none-eabi/lib/cortex-m7\libc.a(lib_a-fwalk.o)
[...]
Memory Configuration

Name             Origin             Length             Attributes
rom              0x00400000         0x00200000         xr
ram              0x20400000         0x00050000         xrw
ram_heap         0x20450000         0x00010000         xrw
sdram            0x70000000         0x00200000         xrw
*default*        0x00000000         0xffffffff

Linker script and memory map

LOAD F:\git\iteso\LinTarea1\Tarea1_HdrLIN\workspace\Debug\dbg_console.o
LOAD F:\git\iteso\LinTarea1\Tarea1_HdrLIN\workspace\Debug\board_lowlevel.o
LOAD F:\git\iteso\LinTarea1\Tarea1_HdrLIN\workspace\Debug\board_memories.o
LOAD F:\git\iteso\LinTarea1\Tarea1_HdrLIN\workspace\Debug\exceptions.o
LOAD F:\git\iteso\LinTarea1\Tarea1_HdrLIN\workspace\Debug\pio.o
LOAD F:\git\iteso\LinTarea1\Tarea1_HdrLIN\workspace\Debug\mpu.o
LOAD F:\git\iteso\LinTarea1\Tarea1_HdrLIN\workspace\Debug\pmc.o
LOAD F:\git\iteso\LinTarea1\Tarea1_HdrLIN\workspace\Debug\wdt.o
LOAD F:\git\iteso\LinTarea1\Tarea1_HdrLIN\workspace\Debug\pio_it.o
LOAD F:\git\iteso\LinTarea1\Tarea1_HdrLIN\workspace\Debug\supc.o
LOAD F:\git\iteso\LinTarea1\Tarea1_HdrLIN\workspace\Debug\tc.o
LOAD F:\git\iteso\LinTarea1\Tarea1_HdrLIN\workspace\Debug\xdma_hardware_interface.o
LOAD F:\git\iteso\LinTarea1\Tarea1_HdrLIN\workspace\Debug\xdmac.o
LOAD F:\git\iteso\LinTarea1\Tarea1_HdrLIN\workspace\Debug\uart.o
LOAD F:\git\iteso\LinTarea1\Tarea1_HdrLIN\workspace\Debug\xdmad.o
LOAD F:\git\iteso\LinTarea1\Tarea1_HdrLIN\workspace\Debug\syscalls.o
LOAD F:\git\iteso\LinTarea1\Tarea1_HdrLIN\workspace\Debug\system_sam.o
LOAD F:\git\iteso\LinTarea1\Tarea1_HdrLIN\workspace\Debug\timetick.o
LOAD F:\git\iteso\LinTarea1\Tarea1_HdrLIN\workspace\Debug\app_scheduler.o
LOAD F:\git\iteso\LinTarea1\Tarea1_HdrLIN\workspace\Debug\led.o
LOAD F:\git\iteso\LinTarea1\Tarea1_HdrLIN\workspace\Debug\linif.o
LOAD F:\git\iteso\LinTarea1\Tarea1_HdrLIN\workspace\Debug\linif_cfg.o
LOAD F:\git\iteso\LinTarea1\Tarea1_HdrLIN\workspace\Debug\main.o
LOAD F:\git\iteso\LinTarea1\Tarea1_HdrLIN\workspace\Debug\Tasks.o
LOAD F:\git\iteso\LinTarea1\Tarea1_HdrLIN\workspace\Debug\startup_sam.o
                0x00002000                STACK_SIZE = DEFINED (STACK_SIZE)?STACK_SIZE:0x2000
                0x00001000                HEAP_SIZE = DEFINED (HEAP_SIZE)?HEAP_SIZE:0x1000
                0x00010000                MY_HEAP_SIZE = DEFINED (MY_HEAP_SIZE)?MY_HEAP_SIZE:0x10000

.text           0x00400000     0x9b48
                0x00400000                . = ALIGN (0x4)
                0x00400000                _sfixed = .
 *(.vectors .vectors.*)
 .vectors       0x00400000      0x140 F:\git\iteso\LinTarea1\Tarea1_HdrLIN\workspace\Debug\startup_sam.o
                0x00400000                exception_table
 *(.text .text.* .gnu.linkonce.t.*)
 .text          0x00400140      0x56c F:\git\iteso\LinTarea1\Tarea1_HdrLIN\workspace\Debug\dbg_console.o
                0x00400140                DBG_Configure
                0x004001f0                DBG_PutChar
                0x00400244                DBG_GetChar
                0x00400288                DBG_IsRxReady
                0x004002c0                DBG_DumpFrame
                0x00400304                DBG_DumpMemory
                0x00400468                DBG_GetInteger
                0x00400538                DBG_GetIntegerMinMax
                0x00400598                DBG_GetHexa32
                0x00400640                puts
                0x0040066c                gets
 .text          0x004006ac      0x19c F:\git\iteso\LinTarea1\Tarea1_HdrLIN\workspace\Debug\board_lowlevel.o
                0x004006ac                _SetupMemoryRegion
                0x00400838                LowLevelInit
 .text          0x00400848       0xe8 F:\git\iteso\LinTarea1\Tarea1_HdrLIN\workspace\Debug\exceptions.o
                0x00400848                NMI_Handler
                0x004008d0                HardFault_Handler
                0x004008e4                MemManage_Handler
                0x004008fc                BusFault_Handler
                0x00400918                UsageFault_Handler
 .text          0x00400930      0x540 F:\git\iteso\LinTarea1\Tarea1_HdrLIN\workspace\Debug\pio.o
                0x00400ba0                PIO_Configure
                0x00400d04                PIO_Set
                0x00400d20                PIO_Clear
                0x00400d3c                PIO_Get
                0x00400d84                PIO_GetOutputDataStatus
                0x00400db0                PIO_SetDebounceFilter
                0x00400dec                PIO_EnableWriteProtect
                0x00400e10                PIO_DisableWriteProtect
                0x00400e34                PIO_GetWriteProtectViolationInfo
                0x00400e54                PIO_SetPinType
 .text          0x00400e70       0xf0 F:\git\iteso\LinTarea1\Tarea1_HdrLIN\workspace\Debug\mpu.o
                0x00400e70                MPU_Enable
                0x00400e8c                MPU_SetRegionNum
                0x00400ea8                MPU_DisableRegion
                0x00400ec4                MPU_SetRegion
                0x00400ee8                MPU_CalMPURegionSize
                0x00400f28                MPU_UpdateRegions
 .text          0x00400f60      0x76c F:\git\iteso\LinTarea1\Tarea1_HdrLIN\workspace\Debug\pmc.o
                0x00401034                PMC_EnablePeripheral
                0x004010c4                PMC_DisablePeripheral
                0x00401154                PMC_EnableAllPeripherals
                0x00401194                PMC_DisableAllPeripherals
                0x004011d0                PMC_IsPeriphEnabled
                0x0040122c                PMC_EnableExtOsc
                0x004012a8                PMC_DisableExtOsc
                0x004012e4                PMC_SelectExtOsc
                0x00401350                PMC_SelectExtBypassOsc
                0x004013bc                PMC_EnableIntRC4_8_12MHz
                0x00401448                PMC_DisableIntRC4_8_12MHz
                0x0040148c                PMC_SetPllaClock
                0x004014e4                PMC_SetMckSelection
                0x00401528                PMC_DisableAllClocks
                0x00401578                PMC_ConfigureMckWithPlla
                0x004015b0                PMC_EnableXT32KFME
                0x004015dc                PMC_ConfigurePCK0
                0x0040162c                PMC_ConfigurePCK1
                0x0040167c                PMC_ConfigurePCK2
 .text          0x004016cc       0xa8 F:\git\iteso\LinTarea1\Tarea1_HdrLIN\workspace\Debug\wdt.o
                0x004016cc                WDT_Enable
                0x004016e8                WDT_Disable
                0x00401704                WDT_Restart
                0x00401720                WDT_GetStatus
                0x0040173c                WDT_GetPeriod
 .text          0x00401774      0x4ac F:\git\iteso\LinTarea1\Tarea1_HdrLIN\workspace\Debug\pio_it.o
                0x00401860                PioInterruptHandler
                0x00401910                PIOA_Handler
                0x00401924                PIOB_Handler
                0x00401938                PIOC_Handler
                0x0040194c                PIOD_Handler
                0x00401960                PIOE_Handler
                0x00401974                PIO_InitializeInterrupts
                0x00401a7c                PIO_ConfigureIt
                0x00401b58                PIO_EnableIt
                0x00401be8                PIO_DisableIt
 .text          0x00401c20      0x304 F:\git\iteso\LinTarea1\Tarea1_HdrLIN\workspace\Debug\uart.o
                0x00401c20                UART_Configure
                0x00401c7c                UART_SetTransmitterEnabled
                0x00401ca8                UART_UpdateBaudRate
                0x00401cd0                UART_SetReceiverEnabled
                0x00401cfc                UART_IsRxReady
                0x00401d18                UART_GetChar
                0x00401d3c                UART_IsTxReady
                0x00401d74                UART_PutChar
                0x00401db4                UART_PutCharIT
                0x00401de0                UART_GetStatus
                0x00401df8                UART_EnableIt
                0x00401e14                UART_DisableIt
                0x00401e30                UART_GetItMask
                0x00401e48                UART_SendBuffer
                0x00401e88                UART_ReceiveBuffer
                0x00401ec8                UART_CompareConfig
                0x00401ef4                UART4_Handler
                0x00401f0c                UART2_Handler
 .text          0x00401f24      0x164 F:\git\iteso\LinTarea1\Tarea1_HdrLIN\workspace\Debug\syscalls.o
                0x00401f24                _sbrk
                0x00401f64                link
                0x00401f80                _close
                0x00401f98                _fstat
                0x00401fb8                _isatty
                0x00401fd0                _lseek
                0x00401fec                _read
                0x00402008                _write
                0x00402044                _exit
                0x0040205c                _kill
                0x00402074                _getpid
 .text          0x00402088      0x378 F:\git\iteso\LinTarea1\Tarea1_HdrLIN\workspace\Debug\system_sam.o
                0x00402088                SystemInit
                0x00402194                SystemCoreClockUpdate
                0x004022fc                system_init_flash
                0x00402390                sysclk_enable_usb
                0x004023cc                sysclk_disable_usb
 .text          0x00402400      0x33c F:\git\iteso\LinTarea1\Tarea1_HdrLIN\workspace\Debug\timetick.o
                0x00402498                SysTick_Handler
                0x00402520                SetTimeEvent
                0x0040253c                TimeTick_Configure
                0x004025fc                GetDelayInTicks
                0x00402648                GetTicks
                0x0040267c                Wait
                0x004026dc                Sleep
 .text          0x0040273c      0x26c F:\git\iteso\LinTarea1\Tarea1_HdrLIN\workspace\Debug\app_scheduler.o
                0x0040273c                vfnScheduler_Callback
                0x00402868                vfnScheduler_Init
                0x004028ec                vfnScheduler_Start
                0x00402908                vfnScheduler_Stop
                0x00402920                vfnTask_Scheduler
 .text          0x004029a8      0x168 F:\git\iteso\LinTarea1\Tarea1_HdrLIN\workspace\Debug\led.o
                0x004029a8                LED_Configure
                0x004029e0                LED_Set
                0x00402a44                LED_Clear
                0x00402aa8                LED_Toggle
 .text          0x00402b10      0x250 F:\git\iteso\LinTarea1\Tarea1_HdrLIN\workspace\Debug\linif.o
                0x00402bc8                Lin_Init
                0x00402c54                Lin_SendFrame
                0x00402c84                Lin_Isr
 .text          0x00402d60       0x4c F:\git\iteso\LinTarea1\Tarea1_HdrLIN\workspace\Debug\main.o
                0x00402d74                main
 .text          0x00402dac       0xa8 F:\git\iteso\LinTarea1\Tarea1_HdrLIN\workspace\Debug\Tasks.o
                0x00402dac                vfnTsk_1ms
                0x00402db8                vfnTsk_2msA
                0x00402dc4                vfnTsk_2msB
                0x00402dd0                vfnTsk_10ms
                0x00402e00                vfnTsk_50ms
                0x00402e0c                vfnTsk_100ms
 .text          0x00402e54       0xe0 F:\git\iteso\LinTarea1\Tarea1_HdrLIN\workspace\Debug\startup_sam.o
                0x00402e94                Reset_Handler
                0x00402f2c                DebugMon_Handler
                0x00402f2c                UART3_Handler
                0x00402f2c                TRNG_Handler
                0x00402f2c                TC2_Handler
                0x00402f2c                AFEC1_Handler
                0x00402f2c                PendSV_Handler
                0x00402f2c                TC7_Handler
                0x00402f2c                QSPI_Handler
                0x00402f2c                ISI_Handler
                0x00402f2c                TC9_Handler
                0x00402f2c                RSWDT_Handler
                0x00402f2c                MCAN1_Handler
                0x00402f2c                USART0_Handler
                0x00402f2c                RTT_Handler
                0x00402f2c                USBHS_Handler
                0x00402f2c                CCF_Handler
                0x00402f2c                RTC_Handler
                0x00402f2c                TC6_Handler
                0x00402f2c                WDT_Handler
                0x00402f2c                TC4_Handler
                0x00402f2c                TC1_Handler
                0x00402f2c                HSMCI_Handler
                0x00402f2c                UART1_Handler
                0x00402f2c                DACC_Handler
                0x00402f2c                TC3_Handler
                0x00402f2c                Dummy_Handler
                0x00402f2c                TWIHS1_Handler
                0x00402f2c                XDMAC_Handler
                0x00402f2c                PWM1_Handler
                0x00402f2c                USART1_Handler
                0x00402f2c                PWM0_Handler
                0x00402f2c                AFEC0_Handler
                0x00402f2c                CCW_Handler
                0x00402f2c                TC11_Handler
                0x00402f2c                SSC_Handler
                0x00402f2c                ACC_Handler
                0x00402f2c                PMC_Handler
                0x00402f2c                GMAC_Handler
                0x00402f2c                SUPC_Handler
                0x00402f2c                SVC_Handler
                0x00402f2c                TC8_Handler
                0x00402f2c                GMACQ2_Handler
                0x00402f2c                EFC_Handler
                0x00402f2c                USART2_Handler
                0x00402f2c                SDRAMC_Handler
                0x00402f2c                SPI1_Handler
                0x00402f2c                MCAN0_Handler
                0x00402f2c                TC10_Handler
                0x00402f2c                TWIHS2_Handler
                0x00402f2c                MLB_Handler
                0x00402f2c                UART0_Handler
                0x00402f2c                GMACQ1_Handler
                0x00402f2c                MCAN1_Line1_Handler
                0x00402f2c                FPU_Handler
                0x00402f2c                RSTC_Handler
                0x00402f2c                TC0_Handler
                0x00402f2c                MCAN0_Line1_Handler
                0x00402f2c                TC5_Handler
                0x00402f2c                AES_Handler
                0x00402f2c                ICM_Handler
                0x00402f2c                TWIHS0_Handler
                0x00402f2c                SPI0_Handler
 .text.__assert_func
                0x00402f34       0x3c e:/isystem/winideaopen9/gcc/arm/bin/../lib/gcc/arm-none-eabi/4.9.3/../../../../arm-none-eabi/lib/cortex-m7\libc.a(lib_a-assert.o)
                0x00402f34                __assert_func
 .text.fiprintf
                0x00402f70       0x28 e:/isystem/winideaopen9/gcc/arm/bin/../lib/gcc/arm-none-eabi/4.9.3/../../../../arm-none-eabi/lib/cortex-m7\libc.a(lib_a-fiprintf.o)
                0x00402f70                fiprintf
 .text          0x00402f98      0x134 e:/isystem/winideaopen9/gcc/arm/bin/../lib/gcc/arm-none-eabi/4.9.3/../../../../arm-none-eabi/lib/cortex-m7\libc.a(lib_a-memcpy.o)
                0x00402f98                memcpy
 .text.printf   0x004030cc       0x28 e:/isystem/winideaopen9/gcc/arm/bin/../lib/gcc/arm-none-eabi/4.9.3/../../../../arm-none-eabi/lib/cortex-m7\libc.a(lib_a-printf.o)
                0x004030cc                printf
 .text.putchar  0x004030f4       0x10 e:/isystem/winideaopen9/gcc/arm/bin/../lib/gcc/arm-none-eabi/4.9.3/../../../../arm-none-eabi/lib/cortex-m7\libc.a(lib_a-putchar.o)
                0x004030f4                putchar
 .text.setvbuf  0x00403104       0xfc e:/isystem/winideaopen9/gcc/arm/bin/../lib/gcc/arm-none-eabi/4.9.3/../../../../arm-none-eabi/lib/cortex-m7\libc.a(lib_a-setvbuf.o)
                0x00403104                setvbuf
 .text.__sprint_r.part.0
                0x00403200       0x78 e:/isystem/winideaopen9/gcc/arm/bin/../lib/gcc/arm-none-eabi/4.9.3/../../../../arm-none-eabi/lib/cortex-m7\libc.a(lib_a-vfiprintf.o)
 .text.__sprint_r
                0x00403278       0x18 e:/isystem/winideaopen9/gcc/arm/bin/../lib/gcc/arm-none-eabi/4.9.3/../../../../arm-none-eabi/lib/cortex-m7\libc.a(lib_a-vfiprintf.o)
                0x00403278                __sprint_r
 .text._vfiprintf_r
                0x00403290      0xbf4 e:/isystem/winideaopen9/gcc/arm/bin/../lib/gcc/arm-none-eabi/4.9.3/../../../../arm-none-eabi/lib/cortex-m7\libc.a(lib_a-vfiprintf.o)
                0x00403290                _vfiprintf_r
 .text.__sbprintf
                0x00403e84       0x80 e:/isystem/winideaopen9/gcc/arm/bin/../lib/gcc/arm-none-eabi/4.9.3/../../../../arm-none-eabi/lib/cortex-m7\libc.a(lib_a-vfiprintf.o)
 .text._vfprintf_r
                0x00403f04     0x1554 e:/isystem/winideaopen9/gcc/arm/bin/../lib/gcc/arm-none-eabi/4.9.3/../../../../arm-none-eabi/lib/cortex-m7\libc.a(lib_a-vfprintf.o)
                0x00403f04                _vfprintf_r
 .text.__sbprintf
                0x00405458       0x80 e:/isystem/winideaopen9/gcc/arm/bin/../lib/gcc/arm-none-eabi/4.9.3/../../../../arm-none-eabi/lib/cortex-m7\libc.a(lib_a-vfprintf.o)
 .text.__swsetup_r
                0x004054d8       0xc4 e:/isystem/winideaopen9/gcc/arm/bin/../lib/gcc/arm-none-eabi/4.9.3/../../../../arm-none-eabi/lib/cortex-m7\libc.a(lib_a-wsetup.o)
                0x004054d8                __swsetup_r
 .text.abort    0x0040559c       0x10 e:/isystem/winideaopen9/gcc/arm/bin/../lib/gcc/arm-none-eabi/4.9.3/../../../../arm-none-eabi/lib/cortex-m7\libc.a(lib_a-abort.o)
                0x0040559c                abort
 .text.quorem   0x004055ac      0x140 e:/isystem/winideaopen9/gcc/arm/bin/../lib/gcc/arm-none-eabi/4.9.3/../../../../arm-none-eabi/lib/cortex-m7\libc.a(lib_a-dtoa.o)
 *fill*         0x004056ec        0x4 
 .text._dtoa_r  0x004056f0      0xee8 e:/isystem/winideaopen9/gcc/arm/bin/../lib/gcc/arm-none-eabi/4.9.3/../../../../arm-none-eabi/lib/cortex-m7\libc.a(lib_a-dtoa.o)
                0x004056f0                _dtoa_r
 .text.__sflush_r
                0x004065d8      0x148 e:/isystem/winideaopen9/gcc/arm/bin/../lib/gcc/arm-none-eabi/4.9.3/../../../../arm-none-eabi/lib/cortex-m7\libc.a(lib_a-fflush.o)
                0x004065d8                __sflush_r
 .text._fflush_r
                0x00406720       0x2c e:/isystem/winideaopen9/gcc/arm/bin/../lib/gcc/arm-none-eabi/4.9.3/../../../../arm-none-eabi/lib/cortex-m7\libc.a(lib_a-fflush.o)
                0x00406720                _fflush_r
 .text._cleanup_r
                0x0040674c        0xc e:/isystem/winideaopen9/gcc/arm/bin/../lib/gcc/arm-none-eabi/4.9.3/../../../../arm-none-eabi/lib/cortex-m7\libc.a(lib_a-findfp.o)
                0x0040674c                _cleanup_r
 .text.__sinit.part.1
                0x00406758       0xfc e:/isystem/winideaopen9/gcc/arm/bin/../lib/gcc/arm-none-eabi/4.9.3/../../../../arm-none-eabi/lib/cortex-m7\libc.a(lib_a-findfp.o)
 .text.__sinit  0x00406854        0xc e:/isystem/winideaopen9/gcc/arm/bin/../lib/gcc/arm-none-eabi/4.9.3/../../../../arm-none-eabi/lib/cortex-m7\libc.a(lib_a-findfp.o)
                0x00406854                __sinit
 .text.__sfp_lock_acquire
                0x00406860        0x4 e:/isystem/winideaopen9/gcc/arm/bin/../lib/gcc/arm-none-eabi/4.9.3/../../../../arm-none-eabi/lib/cortex-m7\libc.a(lib_a-findfp.o)
                0x00406860                __sfp_lock_acquire
 .text.__sfp_lock_release
                0x00406864        0x4 e:/isystem/winideaopen9/gcc/arm/bin/../lib/gcc/arm-none-eabi/4.9.3/../../../../arm-none-eabi/lib/cortex-m7\libc.a(lib_a-findfp.o)
                0x00406864                __sfp_lock_release
 .text.__fputwc
                0x00406868       0xb0 e:/isystem/winideaopen9/gcc/arm/bin/../lib/gcc/arm-none-eabi/4.9.3/../../../../arm-none-eabi/lib/cortex-m7\libc.a(lib_a-fputwc.o)
                0x00406868                __fputwc
 .text._fputwc_r
                0x00406918       0x24 e:/isystem/winideaopen9/gcc/arm/bin/../lib/gcc/arm-none-eabi/4.9.3/../../../../arm-none-eabi/lib/cortex-m7\libc.a(lib_a-fputwc.o)
                0x00406918                _fputwc_r
 .text._malloc_trim_r
                0x0040693c       0x9c e:/isystem/winideaopen9/gcc/arm/bin/../lib/gcc/arm-none-eabi/4.9.3/../../../../arm-none-eabi/lib/cortex-m7\libc.a(lib_a-freer.o)
                0x0040693c                _malloc_trim_r
 .text._free_r  0x004069d8      0x1b0 e:/isystem/winideaopen9/gcc/arm/bin/../lib/gcc/arm-none-eabi/4.9.3/../../../../arm-none-eabi/lib/cortex-m7\libc.a(lib_a-freer.o)
                0x004069d8                _free_r
 .text.__sfvwrite_r
                0x00406b88      0x324 e:/isystem/winideaopen9/gcc/arm/bin/../lib/gcc/arm-none-eabi/4.9.3/../../../../arm-none-eabi/lib/cortex-m7\libc.a(lib_a-fvwrite.o)
                0x00406b88                __sfvwrite_r
 .text._fwalk_reent
                0x00406eac       0x50 e:/isystem/winideaopen9/gcc/arm/bin/../lib/gcc/arm-none-eabi/4.9.3/../../../../arm-none-eabi/lib/cortex-m7\libc.a(lib_a-fwalk.o)
                0x00406eac                _fwalk_reent
 .text.__locale_charset
                0x00406efc        0x8 e:/isystem/winideaopen9/gcc/arm/bin/../lib/gcc/arm-none-eabi/4.9.3/../../../../arm-none-eabi/lib/cortex-m7\libc.a(lib_a-locale.o)
                0x00406efc                __locale_charset
 .text.__locale_mb_cur_max
                0x00406f04        0xc e:/isystem/winideaopen9/gcc/arm/bin/../lib/gcc/arm-none-eabi/4.9.3/../../../../arm-none-eabi/lib/cortex-m7\libc.a(lib_a-locale.o)
                0x00406f04                __locale_mb_cur_max
 .text._localeconv_r
                0x00406f10        0x8 e:/isystem/winideaopen9/gcc/arm/bin/../lib/gcc/arm-none-eabi/4.9.3/../../../../arm-none-eabi/lib/cortex-m7\libc.a(lib_a-locale.o)
                0x00406f10                _localeconv_r
 .text.__smakebuf_r
                0x00406f18       0xe4 e:/isystem/winideaopen9/gcc/arm/bin/../lib/gcc/arm-none-eabi/4.9.3/../../../../arm-none-eabi/lib/cortex-m7\libc.a(lib_a-makebuf.o)
                0x00406f18                __smakebuf_r
 .text.malloc   0x00406ffc       0x10 e:/isystem/winideaopen9/gcc/arm/bin/../lib/gcc/arm-none-eabi/4.9.3/../../../../arm-none-eabi/lib/cortex-m7\libc.a(lib_a-malloc.o)
                0x00406ffc                malloc
 .text._malloc_r
                0x0040700c      0x558 e:/isystem/winideaopen9/gcc/arm/bin/../lib/gcc/arm-none-eabi/4.9.3/../../../../arm-none-eabi/lib/cortex-m7\libc.a(lib_a-mallocr.o)
                0x0040700c                _malloc_r
 .text.memchr   0x00407564       0x90 e:/isystem/winideaopen9/gcc/arm/bin/../lib/gcc/arm-none-eabi/4.9.3/../../../../arm-none-eabi/lib/cortex-m7\libc.a(lib_a-memchr.o)
                0x00407564                memchr
 .text.memmove  0x004075f4       0xc4 e:/isystem/winideaopen9/gcc/arm/bin/../lib/gcc/arm-none-eabi/4.9.3/../../../../arm-none-eabi/lib/cortex-m7\libc.a(lib_a-memmove.o)
                0x004075f4                memmove
 .text.memset   0x004076b8       0xa0 e:/isystem/winideaopen9/gcc/arm/bin/../lib/gcc/arm-none-eabi/4.9.3/../../../../arm-none-eabi/lib/cortex-m7\libc.a(lib_a-memset.o)
                0x004076b8                memset
 .text.__malloc_lock
                0x00407758        0x4 e:/isystem/winideaopen9/gcc/arm/bin/../lib/gcc/arm-none-eabi/4.9.3/../../../../arm-none-eabi/lib/cortex-m7\libc.a(lib_a-mlock.o)
                0x00407758                __malloc_lock
 .text.__malloc_unlock
                0x0040775c        0x4 e:/isystem/winideaopen9/gcc/arm/bin/../lib/gcc/arm-none-eabi/4.9.3/../../../../arm-none-eabi/lib/cortex-m7\libc.a(lib_a-mlock.o)
                0x0040775c                __malloc_unlock
 .text._Balloc  0x00407760       0x50 e:/isystem/winideaopen9/gcc/arm/bin/../lib/gcc/arm-none-eabi/4.9.3/../../../../arm-none-eabi/lib/cortex-m7\libc.a(lib_a-mprec.o)
                0x00407760                _Balloc
 .text._Bfree   0x004077b0       0x14 e:/isystem/winideaopen9/gcc/arm/bin/../lib/gcc/arm-none-eabi/4.9.3/../../../../arm-none-eabi/lib/cortex-m7\libc.a(lib_a-mprec.o)
                0x004077b0                _Bfree
 .text.__multadd
                0x004077c4       0x84 e:/isystem/winideaopen9/gcc/arm/bin/../lib/gcc/arm-none-eabi/4.9.3/../../../../arm-none-eabi/lib/cortex-m7\libc.a(lib_a-mprec.o)
                0x004077c4                __multadd
 .text.__hi0bits
                0x00407848       0x44 e:/isystem/winideaopen9/gcc/arm/bin/../lib/gcc/arm-none-eabi/4.9.3/../../../../arm-none-eabi/lib/cortex-m7\libc.a(lib_a-mprec.o)
                0x00407848                __hi0bits
 .text.__lo0bits
                0x0040788c       0x64 e:/isystem/winideaopen9/gcc/arm/bin/../lib/gcc/arm-none-eabi/4.9.3/../../../../arm-none-eabi/lib/cortex-m7\libc.a(lib_a-mprec.o)
                0x0040788c                __lo0bits
 .text.__i2b    0x004078f0       0x14 e:/isystem/winideaopen9/gcc/arm/bin/../lib/gcc/arm-none-eabi/4.9.3/../../../../arm-none-eabi/lib/cortex-m7\libc.a(lib_a-mprec.o)
                0x004078f0                __i2b
 .text.__multiply
                0x00407904      0x144 e:/isystem/winideaopen9/gcc/arm/bin/../lib/gcc/arm-none-eabi/4.9.3/../../../../arm-none-eabi/lib/cortex-m7\libc.a(lib_a-mprec.o)
                0x00407904                __multiply
 .text.__pow5mult
                0x00407a48       0xa0 e:/isystem/winideaopen9/gcc/arm/bin/../lib/gcc/arm-none-eabi/4.9.3/../../../../arm-none-eabi/lib/cortex-m7\libc.a(lib_a-mprec.o)
                0x00407a48                __pow5mult
 .text.__lshift
                0x00407ae8       0xb4 e:/isystem/winideaopen9/gcc/arm/bin/../lib/gcc/arm-none-eabi/4.9.3/../../../../arm-none-eabi/lib/cortex-m7\libc.a(lib_a-mprec.o)
                0x00407ae8                __lshift
 .text.__mcmp   0x00407b9c       0x48 e:/isystem/winideaopen9/gcc/arm/bin/../lib/gcc/arm-none-eabi/4.9.3/../../../../arm-none-eabi/lib/cortex-m7\libc.a(lib_a-mprec.o)
                0x00407b9c                __mcmp
 .text.__mdiff  0x00407be4       0xe4 e:/isystem/winideaopen9/gcc/arm/bin/../lib/gcc/arm-none-eabi/4.9.3/../../../../arm-none-eabi/lib/cortex-m7\libc.a(lib_a-mprec.o)
                0x00407be4                __mdiff
 .text.__d2b    0x00407cc8       0xb0 e:/isystem/winideaopen9/gcc/arm/bin/../lib/gcc/arm-none-eabi/4.9.3/../../../../arm-none-eabi/lib/cortex-m7\libc.a(lib_a-mprec.o)
                0x00407cc8                __d2b
 .text._putc_r  0x00407d78       0x58 e:/isystem/winideaopen9/gcc/arm/bin/../lib/gcc/arm-none-eabi/4.9.3/../../../../arm-none-eabi/lib/cortex-m7\libc.a(lib_a-putc.o)
                0x00407d78                _putc_r
 .text._realloc_r
                0x00407dd0      0x3f0 e:/isystem/winideaopen9/gcc/arm/bin/../lib/gcc/arm-none-eabi/4.9.3/../../../../arm-none-eabi/lib/cortex-m7\libc.a(lib_a-reallocr.o)
                0x00407dd0                _realloc_r
 .text.__fpclassifyd
                0x004081c0       0x44 e:/isystem/winideaopen9/gcc/arm/bin/../lib/gcc/arm-none-eabi/4.9.3/../../../../arm-none-eabi/lib/cortex-m7\libc.a(lib_a-s_fpclassify.o)
                0x004081c0                __fpclassifyd
 .text._sbrk_r  0x00408204       0x24 e:/isystem/winideaopen9/gcc/arm/bin/../lib/gcc/arm-none-eabi/4.9.3/../../../../arm-none-eabi/lib/cortex-m7\libc.a(lib_a-sbrkr.o)
                0x00408204                _sbrk_r
 .text._raise_r
                0x00408228       0x58 e:/isystem/winideaopen9/gcc/arm/bin/../lib/gcc/arm-none-eabi/4.9.3/../../../../arm-none-eabi/lib/cortex-m7\libc.a(lib_a-signal.o)
                0x00408228                _raise_r
 .text.raise    0x00408280       0x10 e:/isystem/winideaopen9/gcc/arm/bin/../lib/gcc/arm-none-eabi/4.9.3/../../../../arm-none-eabi/lib/cortex-m7\libc.a(lib_a-signal.o)
                0x00408280                raise
 .text._kill_r  0x00408290       0x28 e:/isystem/winideaopen9/gcc/arm/bin/../lib/gcc/arm-none-eabi/4.9.3/../../../../arm-none-eabi/lib/cortex-m7\libc.a(lib_a-signalr.o)
                0x00408290                _kill_r
 .text._getpid_r
                0x004082b8        0x4 e:/isystem/winideaopen9/gcc/arm/bin/../lib/gcc/arm-none-eabi/4.9.3/../../../../arm-none-eabi/lib/cortex-m7\libc.a(lib_a-signalr.o)
                0x004082b8                _getpid_r
 .text.__sread  0x004082bc       0x24 e:/isystem/winideaopen9/gcc/arm/bin/../lib/gcc/arm-none-eabi/4.9.3/../../../../arm-none-eabi/lib/cortex-m7\libc.a(lib_a-stdio.o)
                0x004082bc                __sread
 .text.__swrite
                0x004082e0       0x38 e:/isystem/winideaopen9/gcc/arm/bin/../lib/gcc/arm-none-eabi/4.9.3/../../../../arm-none-eabi/lib/cortex-m7\libc.a(lib_a-stdio.o)
                0x004082e0                __swrite
 .text.__sseek  0x00408318       0x24 e:/isystem/winideaopen9/gcc/arm/bin/../lib/gcc/arm-none-eabi/4.9.3/../../../../arm-none-eabi/lib/cortex-m7\libc.a(lib_a-stdio.o)
                0x00408318                __sseek
 .text.__sclose
                0x0040833c        0x8 e:/isystem/winideaopen9/gcc/arm/bin/../lib/gcc/arm-none-eabi/4.9.3/../../../../arm-none-eabi/lib/cortex-m7\libc.a(lib_a-stdio.o)
                0x0040833c                __sclose
 .text.strlen   0x00408344       0x5c e:/isystem/winideaopen9/gcc/arm/bin/../lib/gcc/arm-none-eabi/4.9.3/../../../../arm-none-eabi/lib/cortex-m7\libc.a(lib_a-strlen.o)
                0x00408344                strlen
 .text.__swbuf_r
                0x004083a0       0xa8 e:/isystem/winideaopen9/gcc/arm/bin/../lib/gcc/arm-none-eabi/4.9.3/../../../../arm-none-eabi/lib/cortex-m7\libc.a(lib_a-wbuf.o)
                0x004083a0                __swbuf_r
 .text._wcrtomb_r
                0x00408448       0x54 e:/isystem/winideaopen9/gcc/arm/bin/../lib/gcc/arm-none-eabi/4.9.3/../../../../arm-none-eabi/lib/cortex-m7\libc.a(lib_a-wcrtomb.o)
                0x00408448                _wcrtomb_r
 .text.__ascii_wctomb
                0x0040849c       0x18 e:/isystem/winideaopen9/gcc/arm/bin/../lib/gcc/arm-none-eabi/4.9.3/../../../../arm-none-eabi/lib/cortex-m7\libc.a(lib_a-wctomb_r.o)
                0x0040849c                __ascii_wctomb
 .text._write_r
                0x004084b4       0x28 e:/isystem/winideaopen9/gcc/arm/bin/../lib/gcc/arm-none-eabi/4.9.3/../../../../arm-none-eabi/lib/cortex-m7\libc.a(lib_a-writer.o)
                0x004084b4                _write_r
 .text._calloc_r
                0x004084dc       0x60 e:/isystem/winideaopen9/gcc/arm/bin/../lib/gcc/arm-none-eabi/4.9.3/../../../../arm-none-eabi/lib/cortex-m7\libc.a(lib_a-callocr.o)
                0x004084dc                _calloc_r
 .text._close_r
                0x0040853c       0x24 e:/isystem/winideaopen9/gcc/arm/bin/../lib/gcc/arm-none-eabi/4.9.3/../../../../arm-none-eabi/lib/cortex-m7\libc.a(lib_a-closer.o)
                0x0040853c                _close_r
 .text._fclose_r
                0x00408560       0x84 e:/isystem/winideaopen9/gcc/arm/bin/../lib/gcc/arm-none-eabi/4.9.3/../../../../arm-none-eabi/lib/cortex-m7\libc.a(lib_a-fclose.o)
                0x00408560                _fclose_r
 .text._fstat_r
                0x004085e4       0x28 e:/isystem/winideaopen9/gcc/arm/bin/../lib/gcc/arm-none-eabi/4.9.3/../../../../arm-none-eabi/lib/cortex-m7\libc.a(lib_a-fstatr.o)
                0x004085e4                _fstat_r
 .text._isatty_r
                0x0040860c       0x24 e:/isystem/winideaopen9/gcc/arm/bin/../lib/gcc/arm-none-eabi/4.9.3/../../../../arm-none-eabi/lib/cortex-m7\libc.a(lib_a-isattyr.o)
                0x0040860c                _isatty_r
 .text._lseek_r
                0x00408630       0x28 e:/isystem/winideaopen9/gcc/arm/bin/../lib/gcc/arm-none-eabi/4.9.3/../../../../arm-none-eabi/lib/cortex-m7\libc.a(lib_a-lseekr.o)
                0x00408630                _lseek_r
 .text._read_r  0x00408658       0x28 e:/isystem/winideaopen9/gcc/arm/bin/../lib/gcc/arm-none-eabi/4.9.3/../../../../arm-none-eabi/lib/cortex-m7\libc.a(lib_a-readr.o)
                0x00408658                _read_r
 .text          0x00408680      0x370 e:/isystem/winideaopen9/gcc/arm/bin/../lib/gcc/arm-none-eabi/4.9.3/cortex-m7\libgcc.a(_arm_addsubdf3.o)
                0x00408680                __aeabi_drsub
                0x00408688                __aeabi_dsub
                0x00408688                __subdf3
                0x0040868c                __aeabi_dadd
                0x0040868c                __adddf3
                0x00408904                __floatunsidf
                0x00408904                __aeabi_ui2d
                0x00408924                __floatsidf
                0x00408924                __aeabi_i2d
                0x00408948                __aeabi_f2d
                0x00408948                __extendsfdf2
                0x00408984                __floatundidf
                0x00408984                __aeabi_ul2d
                0x00408994                __floatdidf
                0x00408994                __aeabi_l2d
 .text          0x004089f0      0x424 e:/isystem/winideaopen9/gcc/arm/bin/../lib/gcc/arm-none-eabi/4.9.3/cortex-m7\libgcc.a(_arm_muldivdf3.o)
                0x004089f0                __aeabi_dmul
                0x004089f0                __muldf3
                0x00408c44                __divdf3
                0x00408c44                __aeabi_ddiv
 .text          0x00408e14      0x110 e:/isystem/winideaopen9/gcc/arm/bin/../lib/gcc/arm-none-eabi/4.9.3/cortex-m7\libgcc.a(_arm_cmpdf2.o)
                0x00408e14                __gtdf2
                0x00408e14                __gedf2
                0x00408e1c                __ltdf2
                0x00408e1c                __ledf2
                0x00408e24                __nedf2
                0x00408e24                __eqdf2
                0x00408e24                __cmpdf2
                0x00408ea0                __aeabi_cdrcmple
                0x00408eb0                __aeabi_cdcmpeq
                0x00408eb0                __aeabi_cdcmple
                0x00408ec0                __aeabi_dcmpeq
                0x00408ed4                __aeabi_dcmplt
                0x00408ee8                __aeabi_dcmple
                0x00408efc                __aeabi_dcmpge
                0x00408f10                __aeabi_dcmpgt
 .text          0x00408f24       0x50 e:/isystem/winideaopen9/gcc/arm/bin/../lib/gcc/arm-none-eabi/4.9.3/cortex-m7\libgcc.a(_arm_fixdfsi.o)
                0x00408f24                __aeabi_d2iz
                0x00408f24                __fixdfsi
 .text          0x00408f74       0x30 e:/isystem/winideaopen9/gcc/arm/bin/../lib/gcc/arm-none-eabi/4.9.3/cortex-m7\libgcc.a(_aeabi_uldivmod.o)
                0x00408f74                __aeabi_uldivmod
 .text          0x00408fa4       0x60 e:/isystem/winideaopen9/gcc/arm/bin/../lib/gcc/arm-none-eabi/4.9.3/cortex-m7\libgcc.a(bpabi.o)
                0x00408fa4                __gnu_ldivmod_helper
                0x00408fd4                __gnu_uldivmod_helper
 .text          0x00409004        0x4 e:/isystem/winideaopen9/gcc/arm/bin/../lib/gcc/arm-none-eabi/4.9.3/cortex-m7\libgcc.a(_dvmd_tls.o)
                0x00409004                __aeabi_idiv0
                0x00409004                __aeabi_ldiv0
 .text          0x00409008      0x284 e:/isystem/winideaopen9/gcc/arm/bin/../lib/gcc/arm-none-eabi/4.9.3/cortex-m7\libgcc.a(_divdi3.o)
                0x00409008                __divdi3
 .text          0x0040928c      0x248 e:/isystem/winideaopen9/gcc/arm/bin/../lib/gcc/arm-none-eabi/4.9.3/cortex-m7\libgcc.a(_udivdi3.o)
                0x0040928c                __udivdi3
 *(.glue_7t)
 .glue_7t       0x00000000        0x0 linker stubs
 *(.glue_7)
 .glue_7        0x00000000        0x0 linker stubs
 *(.rodata .rodata* .gnu.linkonce.r.*)
 .rodata        0x004094d4       0xf7 F:\git\iteso\LinTarea1\Tarea1_HdrLIN\workspace\Debug\dbg_console.o
 *fill*         0x004095cb        0x1 
 .rodata        0x004095cc       0xe0 F:\git\iteso\LinTarea1\Tarea1_HdrLIN\workspace\Debug\pmc.o
 .rodata        0x004096ac      0x11e F:\git\iteso\LinTarea1\Tarea1_HdrLIN\workspace\Debug\pio_it.o
 *fill*         0x004097ca        0x2 
 .rodata        0x004097cc       0x19 F:\git\iteso\LinTarea1\Tarea1_HdrLIN\workspace\Debug\syscalls.o
 *fill*         0x004097e5        0x3 
 .rodata        0x004097e8      0x126 F:\git\iteso\LinTarea1\Tarea1_HdrLIN\workspace\Debug\timetick.o
 *fill*         0x0040990e        0x2 
 .rodata        0x00409910       0x1c F:\git\iteso\LinTarea1\Tarea1_HdrLIN\workspace\Debug\led.o
 .rodata        0x0040992c        0xc F:\git\iteso\LinTarea1\Tarea1_HdrLIN\workspace\Debug\linif.o
 .rodata        0x00409938       0x2b F:\git\iteso\LinTarea1\Tarea1_HdrLIN\workspace\Debug\main.o
 *fill*         0x00409963        0x1 
 .rodata.str1.4
                0x00409964       0x3f e:/isystem/winideaopen9/gcc/arm/bin/../lib/gcc/arm-none-eabi/4.9.3/../../../../arm-none-eabi/lib/cortex-m7\libc.a(lib_a-assert.o)
                                 0x43 (size before relaxing)
 *fill*         0x004099a3        0x1 
 .rodata.str1.4
                0x004099a4        0x2 e:/isystem/winideaopen9/gcc/arm/bin/../lib/gcc/arm-none-eabi/4.9.3/../../../../arm-none-eabi/lib/cortex-m7\libc.a(lib_a-impure.o)
 *fill*         0x004099a6        0x2 
 .rodata.zeroes.6869
                0x004099a8       0x10 e:/isystem/winideaopen9/gcc/arm/bin/../lib/gcc/arm-none-eabi/4.9.3/../../../../arm-none-eabi/lib/cortex-m7\libc.a(lib_a-vfiprintf.o)
 .rodata.str1.4
                0x004099b8       0x2f e:/isystem/winideaopen9/gcc/arm/bin/../lib/gcc/arm-none-eabi/4.9.3/../../../../arm-none-eabi/lib/cortex-m7\libc.a(lib_a-vfiprintf.o)
 *fill*         0x004099e7        0x1 
 .rodata.blanks.6868
                0x004099e8       0x10 e:/isystem/winideaopen9/gcc/arm/bin/../lib/gcc/arm-none-eabi/4.9.3/../../../../arm-none-eabi/lib/cortex-m7\libc.a(lib_a-vfiprintf.o)
 .rodata.zeroes.6926
                0x004099f8       0x10 e:/isystem/winideaopen9/gcc/arm/bin/../lib/gcc/arm-none-eabi/4.9.3/../../../../arm-none-eabi/lib/cortex-m7\libc.a(lib_a-vfprintf.o)
 .rodata.str1.4
                0x00409a08       0x12 e:/isystem/winideaopen9/gcc/arm/bin/../lib/gcc/arm-none-eabi/4.9.3/../../../../arm-none-eabi/lib/cortex-m7\libc.a(lib_a-vfprintf.o)
                                 0x42 (size before relaxing)
 *fill*         0x00409a1a        0x2 
 .rodata.blanks.6925
                0x00409a1c       0x10 e:/isystem/winideaopen9/gcc/arm/bin/../lib/gcc/arm-none-eabi/4.9.3/../../../../arm-none-eabi/lib/cortex-m7\libc.a(lib_a-vfprintf.o)
 .rodata.str1.4
                0x00409a2c       0x10 e:/isystem/winideaopen9/gcc/arm/bin/../lib/gcc/arm-none-eabi/4.9.3/../../../../arm-none-eabi/lib/cortex-m7\libc.a(lib_a-dtoa.o)
                                 0x12 (size before relaxing)
 .rodata.str1.4
                0x00409a3c        0xc e:/isystem/winideaopen9/gcc/arm/bin/../lib/gcc/arm-none-eabi/4.9.3/../../../../arm-none-eabi/lib/cortex-m7\libc.a(lib_a-locale.o)
                                 0x12 (size before relaxing)
 .rodata.__mprec_tens
                0x00409a48       0xc8 e:/isystem/winideaopen9/gcc/arm/bin/../lib/gcc/arm-none-eabi/4.9.3/../../../../arm-none-eabi/lib/cortex-m7\libc.a(lib_a-mprec.o)
                0x00409a48                __mprec_tens
 .rodata.p05.5302
                0x00409b10        0xc e:/isystem/winideaopen9/gcc/arm/bin/../lib/gcc/arm-none-eabi/4.9.3/../../../../arm-none-eabi/lib/cortex-m7\libc.a(lib_a-mprec.o)
 *fill*         0x00409b1c        0x4 
 .rodata.__mprec_bigtens
                0x00409b20       0x28 e:/isystem/winideaopen9/gcc/arm/bin/../lib/gcc/arm-none-eabi/4.9.3/../../../../arm-none-eabi/lib/cortex-m7\libc.a(lib_a-mprec.o)
                0x00409b20                __mprec_bigtens
 *(.ARM.extab* .gnu.linkonce.armextab.*)
                0x00409b48                . = ALIGN (0x4)
 *(.init)
                0x00409b48                . = ALIGN (0x4)
                0x00409b48                __preinit_array_start = .
 *(.preinit_array)
                0x00409b48                __preinit_array_end = .
                0x00409b48                . = ALIGN (0x4)
                0x00409b48                __init_array_start = .
 *(SORT(.init_array.*))
 *(.init_array)
                0x00409b48                __init_array_end = .
                0x00409b48                . = ALIGN (0x4)
 *crtbegin.o(.ctors)
 *(EXCLUDE_FILE(*crtend.o) .ctors)
 *(SORT(.ctors.*))
 *crtend.o(.ctors)
                0x00409b48                . = ALIGN (0x4)
 *(.fini)
                0x00409b48                . = ALIGN (0x4)
                0x00409b48                __fini_array_start = .
 *(.fini_array)
 *(SORT(.fini_array.*))
                0x00409b48                __fini_array_end = .
 *crtbegin.o(.dtors)
 *(EXCLUDE_FILE(*crtend.o) .dtors)
 *(SORT(.dtors.*))
 *crtend.o(.dtors)
                0x00409b48                . = ALIGN (0x4)
                0x00409b48                _efixed = .
                0x00409b48                PROVIDE (__exidx_start, .)

.vfp11_veneer   0x00409b48        0x0
 .vfp11_veneer  0x00000000        0x0 linker stubs

.v4_bx          0x00409b48        0x0
 .v4_bx         0x00000000        0x0 linker stubs

.iplt           0x00409b48        0x0
 .iplt          0x00000000        0x0 F:\git\iteso\LinTarea1\Tarea1_HdrLIN\workspace\Debug\dbg_console.o

.igot.plt       0x00409b48        0x0
 .igot.plt      0x00000000        0x0 F:\git\iteso\LinTarea1\Tarea1_HdrLIN\workspace\Debug\dbg_console.o

.ARM.exidx      0x00409b48        0x8
 *(.ARM.exidx* .gnu.linkonce.armexidx.*)
 .ARM.exidx     0x00409b48        0x8 e:/isystem/winideaopen9/gcc/arm/bin/../lib/gcc/arm-none-eabi/4.9.3/cortex-m7\libgcc.a(_divdi3.o)
 .ARM.exidx     0x00409b50        0x0 e:/isystem/winideaopen9/gcc/arm/bin/../lib/gcc/arm-none-eabi/4.9.3/cortex-m7\libgcc.a(_udivdi3.o)
                                  0x8 (size before relaxing)
                0x00409b50                PROVIDE (__exidx_end, .)

.rel.dyn        0x00409b50        0x0
 .rel.iplt      0x00000000        0x0 F:\git\iteso\LinTarea1\Tarea1_HdrLIN\workspace\Debug\dbg_console.o
                0x00409b50                . = ALIGN (0x4)
                0x00409b50                _etext = .

.relocate       0x20400000      0x8d4 load address 0x00409b50
                0x20400000                . = ALIGN (0x4)
                0x20400000                _srelocate = .
 *(.ramfunc .ramfunc.*)
 *(.data .data.*)
 .data          0x20400000        0x4 F:\git\iteso\LinTarea1\Tarea1_HdrLIN\workspace\Debug\system_sam.o
                0x20400000                SystemCoreClock
 .data          0x20400004        0x4 F:\git\iteso\LinTarea1\Tarea1_HdrLIN\workspace\Debug\linif.o
                0x20400004                pUart
 .data          0x20400008       0x30 F:\git\iteso\LinTarea1\Tarea1_HdrLIN\workspace\Debug\main.o
                0x20400008                Tasks
 .data.impure_data
                0x20400038      0x428 e:/isystem/winideaopen9/gcc/arm/bin/../lib/gcc/arm-none-eabi/4.9.3/../../../../arm-none-eabi/lib/cortex-m7\libc.a(lib_a-impure.o)
 .data._impure_ptr
                0x20400460        0x4 e:/isystem/winideaopen9/gcc/arm/bin/../lib/gcc/arm-none-eabi/4.9.3/../../../../arm-none-eabi/lib/cortex-m7\libc.a(lib_a-impure.o)
                0x20400460                _impure_ptr
 .data.lconv    0x20400464       0x38 e:/isystem/winideaopen9/gcc/arm/bin/../lib/gcc/arm-none-eabi/4.9.3/../../../../arm-none-eabi/lib/cortex-m7\libc.a(lib_a-locale.o)
 .data.lc_ctype_charset
                0x2040049c       0x20 e:/isystem/winideaopen9/gcc/arm/bin/../lib/gcc/arm-none-eabi/4.9.3/../../../../arm-none-eabi/lib/cortex-m7\libc.a(lib_a-locale.o)
 .data.__mb_cur_max
                0x204004bc        0x4 e:/isystem/winideaopen9/gcc/arm/bin/../lib/gcc/arm-none-eabi/4.9.3/../../../../arm-none-eabi/lib/cortex-m7\libc.a(lib_a-locale.o)
                0x204004bc                __mb_cur_max
 .data.__malloc_av_
                0x204004c0      0x408 e:/isystem/winideaopen9/gcc/arm/bin/../lib/gcc/arm-none-eabi/4.9.3/../../../../arm-none-eabi/lib/cortex-m7\libc.a(lib_a-mallocr.o)
                0x204004c0                __malloc_av_
 .data.__malloc_trim_threshold
                0x204008c8        0x4 e:/isystem/winideaopen9/gcc/arm/bin/../lib/gcc/arm-none-eabi/4.9.3/../../../../arm-none-eabi/lib/cortex-m7\libc.a(lib_a-mallocr.o)
                0x204008c8                __malloc_trim_threshold
 .data.__malloc_sbrk_base
                0x204008cc        0x4 e:/isystem/winideaopen9/gcc/arm/bin/../lib/gcc/arm-none-eabi/4.9.3/../../../../arm-none-eabi/lib/cortex-m7\libc.a(lib_a-mallocr.o)
                0x204008cc                __malloc_sbrk_base
 .data.__wctomb
                0x204008d0        0x4 e:/isystem/winideaopen9/gcc/arm/bin/../lib/gcc/arm-none-eabi/4.9.3/../../../../arm-none-eabi/lib/cortex-m7\libc.a(lib_a-wctomb_r.o)
                0x204008d0                __wctomb
                0x204008d4                . = ALIGN (0x4)
                0x204008d4                _erelocate = .

.bss            0x204008d4      0x10c load address 0x0040a424
                0x204008d4                . = ALIGN (0x4)
                0x204008d4                _sbss = .
                0x204008d4                _szero = .
 *(.bss .bss.*)
 .bss           0x204008d4        0x6 F:\git\iteso\LinTarea1\Tarea1_HdrLIN\workspace\Debug\dbg_console.o
 *fill*         0x204008da        0x2 
 .bss           0x204008dc       0x44 F:\git\iteso\LinTarea1\Tarea1_HdrLIN\workspace\Debug\pio_it.o
 .bss           0x20400920        0xc F:\git\iteso\LinTarea1\Tarea1_HdrLIN\workspace\Debug\syscalls.o
 .bss           0x2040092c       0x18 F:\git\iteso\LinTarea1\Tarea1_HdrLIN\workspace\Debug\timetick.o
 .bss           0x20400944        0x4 F:\git\iteso\LinTarea1\Tarea1_HdrLIN\workspace\Debug\Tasks.o
                0x20400944                u8100ms_Ctr
                0x20400945                u8100ms_Ctr2
 .bss.__malloc_max_total_mem
                0x20400948        0x4 e:/isystem/winideaopen9/gcc/arm/bin/../lib/gcc/arm-none-eabi/4.9.3/../../../../arm-none-eabi/lib/cortex-m7\libc.a(lib_a-mallocr.o)
                0x20400948                __malloc_max_total_mem
 .bss.__malloc_max_sbrked_mem
                0x2040094c        0x4 e:/isystem/winideaopen9/gcc/arm/bin/../lib/gcc/arm-none-eabi/4.9.3/../../../../arm-none-eabi/lib/cortex-m7\libc.a(lib_a-mallocr.o)
                0x2040094c                __malloc_max_sbrked_mem
 .bss.__malloc_top_pad
                0x20400950        0x4 e:/isystem/winideaopen9/gcc/arm/bin/../lib/gcc/arm-none-eabi/4.9.3/../../../../arm-none-eabi/lib/cortex-m7\libc.a(lib_a-mallocr.o)
                0x20400950                __malloc_top_pad
 .bss.__malloc_current_mallinfo
                0x20400954       0x28 e:/isystem/winideaopen9/gcc/arm/bin/../lib/gcc/arm-none-eabi/4.9.3/../../../../arm-none-eabi/lib/cortex-m7\libc.a(lib_a-mallocr.o)
                0x20400954                __malloc_current_mallinfo
 *(COMMON)
 COMMON         0x2040097c        0x8 F:\git\iteso\LinTarea1\Tarea1_HdrLIN\workspace\Debug\uart.o
                0x2040097c                gMasterClock
                0x20400980                Isr_Callback
 COMMON         0x20400984       0x14 F:\git\iteso\LinTarea1\Tarea1_HdrLIN\workspace\Debug\timetick.o
                0x20400984                gfunc_ptr
                0x20400988                DelayTimer
 COMMON         0x20400998       0x3a F:\git\iteso\LinTarea1\Tarea1_HdrLIN\workspace\Debug\app_scheduler.o
                0x20400998                u8_50ms_Counter
                0x2040099c                task_ctrl_array
                0x204009cc                gu8Scheduler_Status
                0x204009cd                gu8Scheduler_Thread_ID_Backup
                0x204009ce                u8_10ms_Counter
                0x204009cf                u8_100ms_Counter
                0x204009d0                gu8Scheduler_Counter
                0x204009d1                gu8Scheduler_Thread_ID
 *fill*         0x204009d2        0x2 
 COMMON         0x204009d4        0x8 F:\git\iteso\LinTarea1\Tarea1_HdrLIN\workspace\Debug\linif.o
                0x204009d4                PidCommand
                0x204009d5                LinState
                0x204009d8                Baudrate
 COMMON         0x204009dc        0x4 e:/isystem/winideaopen9/gcc/arm/bin/../lib/gcc/arm-none-eabi/4.9.3/../../../../arm-none-eabi/lib/cortex-m7\libc.a(lib_a-reent.o)
                0x204009dc                errno
                0x204009e0                . = ALIGN (0x4)
                0x204009e0                _ebss = .
                0x204009e0                _ezero = .

.stack          0x204009e0     0x2000 load address 0x0040a530
                0x204009e0                . = ALIGN (0x8)
                0x204009e0                _sstack = .
                0x204029e0                . = (. + STACK_SIZE)
 *fill*         0x204009e0     0x2000 
                0x204029e0                . = ALIGN (0x8)
                0x204029e0                _estack = .

.heap           0x204029e0     0x1000 load address 0x0040c530
                0x204029e0                . = ALIGN (0x8)
                0x204029e0                _sheap = .
                0x204039e0                . = (. + HEAP_SIZE)
 *fill*         0x204029e0     0x1000 
                0x204039e0                . = ALIGN (0x8)
                0x204039e0                _eheap = .

.my_heap        0x20450000    0x10000
                0x20450000                . = ALIGN (0x8)
                0x20450000                HEAP_LLD = .
                0x20450000                _smyheap = .
                0x20460000                . = (. + MY_HEAP_SIZE)
 *fill*         0x20450000    0x10000 
                0x20460000                . = ALIGN (0x8)
                0x20460000                _emyheap = .
                0x20460000                . = ALIGN (0x4)
                0x20460000                _end = .
                0x2044ffff                _ram_end_ = ((ORIGIN (ram) + 0x50000) - 0x1)
                0x20460000                _sdram_lma = .

sdram_region
 *(sdram_region)
LOAD e:/isystem/winideaopen9/gcc/arm/bin/../lib/gcc/arm-none-eabi/4.9.3/../../../../arm-none-eabi/lib/cortex-m7\libc.a
LOAD e:/isystem/winideaopen9/gcc/arm/bin/../lib/gcc/arm-none-eabi/4.9.3/cortex-m7\libgcc.a
LOAD e:/isystem/winideaopen9/gcc/arm/bin/../lib/gcc/arm-none-eabi/4.9.3/../../../../arm-none-eabi/lib/cortex-m7\libm.a
OUTPUT(BaseProject.elf elf32-littlearm)

.debug_info     0x00000000     0x8867
 .debug_info    0x00000000     0x14dc F:\git\iteso\LinTarea1\Tarea1_HdrLIN\workspace\Debug\dbg_console.o
 .debug_info    0x000014dc      0x4f5 F:\git\iteso\LinTarea1\Tarea1_HdrLIN\workspace\Debug\board_lowlevel.o
 .debug_info    0x000019d1      0x59c F:\git\iteso\LinTarea1\Tarea1_HdrLIN\workspace\Debug\exceptions.o
 .debug_info    0x00001f6d      0xa00 F:\git\iteso\LinTarea1\Tarea1_HdrLIN\workspace\Debug\pio.o
 .debug_info    0x0000296d      0x327 F:\git\iteso\LinTarea1\Tarea1_HdrLIN\workspace\Debug\mpu.o
 .debug_info    0x00002c94      0x78b F:\git\iteso\LinTarea1\Tarea1_HdrLIN\workspace\Debug\pmc.o
 .debug_info    0x0000341f      0x1fd F:\git\iteso\LinTarea1\Tarea1_HdrLIN\workspace\Debug\wdt.o
 .debug_info    0x0000361c      0xf6c F:\git\iteso\LinTarea1\Tarea1_HdrLIN\workspace\Debug\pio_it.o
 .debug_info    0x00004588      0x5c1 F:\git\iteso\LinTarea1\Tarea1_HdrLIN\workspace\Debug\uart.o
 .debug_info    0x00004b49      0x4cc F:\git\iteso\LinTarea1\Tarea1_HdrLIN\workspace\Debug\syscalls.o
 .debug_info    0x00005015      0x515 F:\git\iteso\LinTarea1\Tarea1_HdrLIN\workspace\Debug\system_sam.o
 .debug_info    0x0000552a      0xdca F:\git\iteso\LinTarea1\Tarea1_HdrLIN\workspace\Debug\timetick.o
 .debug_info    0x000062f4      0x2d2 F:\git\iteso\LinTarea1\Tarea1_HdrLIN\workspace\Debug\app_scheduler.o
 .debug_info    0x000065c6      0x6f3 F:\git\iteso\LinTarea1\Tarea1_HdrLIN\workspace\Debug\led.o
 .debug_info    0x00006cb9      0xeb4 F:\git\iteso\LinTarea1\Tarea1_HdrLIN\workspace\Debug\linif.o
 .debug_info    0x00007b6d      0x1f1 F:\git\iteso\LinTarea1\Tarea1_HdrLIN\workspace\Debug\main.o
 .debug_info    0x00007d5e      0x141 F:\git\iteso\LinTarea1\Tarea1_HdrLIN\workspace\Debug\Tasks.o
 .debug_info    0x00007e9f      0x9c8 F:\git\iteso\LinTarea1\Tarea1_HdrLIN\workspace\Debug\startup_sam.o

.debug_abbrev   0x00000000     0x1ac2
 .debug_abbrev  0x00000000      0x26e F:\git\iteso\LinTarea1\Tarea1_HdrLIN\workspace\Debug\dbg_console.o
 .debug_abbrev  0x0000026e      0x12f F:\git\iteso\LinTarea1\Tarea1_HdrLIN\workspace\Debug\board_lowlevel.o
 .debug_abbrev  0x0000039d      0x152 F:\git\iteso\LinTarea1\Tarea1_HdrLIN\workspace\Debug\exceptions.o
 .debug_abbrev  0x000004ef      0x19d F:\git\iteso\LinTarea1\Tarea1_HdrLIN\workspace\Debug\pio.o
 .debug_abbrev  0x0000068c      0x144 F:\git\iteso\LinTarea1\Tarea1_HdrLIN\workspace\Debug\mpu.o
 .debug_abbrev  0x000007d0      0x1ce F:\git\iteso\LinTarea1\Tarea1_HdrLIN\workspace\Debug\pmc.o
 .debug_abbrev  0x0000099e       0xdf F:\git\iteso\LinTarea1\Tarea1_HdrLIN\workspace\Debug\wdt.o
 .debug_abbrev  0x00000a7d      0x22b F:\git\iteso\LinTarea1\Tarea1_HdrLIN\workspace\Debug\pio_it.o
 .debug_abbrev  0x00000ca8      0x1ba F:\git\iteso\LinTarea1\Tarea1_HdrLIN\workspace\Debug\uart.o
 .debug_abbrev  0x00000e62      0x15e F:\git\iteso\LinTarea1\Tarea1_HdrLIN\workspace\Debug\syscalls.o
 .debug_abbrev  0x00000fc0      0x127 F:\git\iteso\LinTarea1\Tarea1_HdrLIN\workspace\Debug\system_sam.o
 .debug_abbrev  0x000010e7      0x23e F:\git\iteso\LinTarea1\Tarea1_HdrLIN\workspace\Debug\timetick.o
 .debug_abbrev  0x00001325      0x132 F:\git\iteso\LinTarea1\Tarea1_HdrLIN\workspace\Debug\app_scheduler.o
 .debug_abbrev  0x00001457      0x113 F:\git\iteso\LinTarea1\Tarea1_HdrLIN\workspace\Debug\led.o
 .debug_abbrev  0x0000156a      0x1f9 F:\git\iteso\LinTarea1\Tarea1_HdrLIN\workspace\Debug\linif.o
 .debug_abbrev  0x00001763      0x10c F:\git\iteso\LinTarea1\Tarea1_HdrLIN\workspace\Debug\main.o
 .debug_abbrev  0x0000186f       0xb3 F:\git\iteso\LinTarea1\Tarea1_HdrLIN\workspace\Debug\Tasks.o
 .debug_abbrev  0x00001922      0x1a0 F:\git\iteso\LinTarea1\Tarea1_HdrLIN\workspace\Debug\startup_sam.o

.debug_aranges  0x00000000      0x240
 .debug_aranges
                0x00000000       0x20 F:\git\iteso\LinTarea1\Tarea1_HdrLIN\workspace\Debug\dbg_console.o
 .debug_aranges
                0x00000020       0x20 F:\git\iteso\LinTarea1\Tarea1_HdrLIN\workspace\Debug\board_lowlevel.o
 .debug_aranges
                0x00000040       0x20 F:\git\iteso\LinTarea1\Tarea1_HdrLIN\workspace\Debug\exceptions.o
 .debug_aranges
                0x00000060       0x20 F:\git\iteso\LinTarea1\Tarea1_HdrLIN\workspace\Debug\pio.o
 .debug_aranges
                0x00000080       0x20 F:\git\iteso\LinTarea1\Tarea1_HdrLIN\workspace\Debug\mpu.o
 .debug_aranges
                0x000000a0       0x20 F:\git\iteso\LinTarea1\Tarea1_HdrLIN\workspace\Debug\pmc.o
 .debug_aranges
                0x000000c0       0x20 F:\git\iteso\LinTarea1\Tarea1_HdrLIN\workspace\Debug\wdt.o
 .debug_aranges
                0x000000e0       0x20 F:\git\iteso\LinTarea1\Tarea1_HdrLIN\workspace\Debug\pio_it.o
 .debug_aranges
                0x00000100       0x20 F:\git\iteso\LinTarea1\Tarea1_HdrLIN\workspace\Debug\uart.o
 .debug_aranges
                0x00000120       0x20 F:\git\iteso\LinTarea1\Tarea1_HdrLIN\workspace\Debug\syscalls.o
 .debug_aranges
                0x00000140       0x20 F:\git\iteso\LinTarea1\Tarea1_HdrLIN\workspace\Debug\system_sam.o
 .debug_aranges
                0x00000160       0x20 F:\git\iteso\LinTarea1\Tarea1_HdrLIN\workspace\Debug\timetick.o
 .debug_aranges
                0x00000180       0x20 F:\git\iteso\LinTarea1\Tarea1_HdrLIN\workspace\Debug\app_scheduler.o
 .debug_aranges
                0x000001a0       0x20 F:\git\iteso\LinTarea1\Tarea1_HdrLIN\workspace\Debug\led.o
 .debug_aranges
                0x000001c0       0x20 F:\git\iteso\LinTarea1\Tarea1_HdrLIN\workspace\Debug\linif.o
 .debug_aranges
                0x000001e0       0x20 F:\git\iteso\LinTarea1\Tarea1_HdrLIN\workspace\Debug\main.o
 .debug_aranges
                0x00000200       0x20 F:\git\iteso\LinTarea1\Tarea1_HdrLIN\workspace\Debug\Tasks.o
 .debug_aranges
                0x00000220       0x20 F:\git\iteso\LinTarea1\Tarea1_HdrLIN\workspace\Debug\startup_sam.o

.debug_macro    0x00000000    0x1d83d
 .debug_macro   0x00000000      0x737 F:\git\iteso\LinTarea1\Tarea1_HdrLIN\workspace\Debug\dbg_console.o
 .debug_macro   0x00000737      0x86e F:\git\iteso\LinTarea1\Tarea1_HdrLIN\workspace\Debug\dbg_console.o
 .debug_macro   0x00000fa5       0x22 F:\git\iteso\LinTarea1\Tarea1_HdrLIN\workspace\Debug\dbg_console.o
 .debug_macro   0x00000fc7       0x44 F:\git\iteso\LinTarea1\Tarea1_HdrLIN\workspace\Debug\dbg_console.o
 .debug_macro   0x0000100b       0xe3 F:\git\iteso\LinTarea1\Tarea1_HdrLIN\workspace\Debug\dbg_console.o
 .debug_macro   0x000010ee       0x22 F:\git\iteso\LinTarea1\Tarea1_HdrLIN\workspace\Debug\dbg_console.o
 .debug_macro   0x00001110      0x1df F:\git\iteso\LinTarea1\Tarea1_HdrLIN\workspace\Debug\dbg_console.o
 .debug_macro   0x000012ef       0x4a F:\git\iteso\LinTarea1\Tarea1_HdrLIN\workspace\Debug\dbg_console.o
 .debug_macro   0x00001339       0x3b F:\git\iteso\LinTarea1\Tarea1_HdrLIN\workspace\Debug\dbg_console.o
 .debug_macro   0x00001374       0x18 F:\git\iteso\LinTarea1\Tarea1_HdrLIN\workspace\Debug\dbg_console.o
 .debug_macro   0x0000138c       0x26 F:\git\iteso\LinTarea1\Tarea1_HdrLIN\workspace\Debug\dbg_console.o
 .debug_macro   0x000013b2      0xf9a F:\git\iteso\LinTarea1\Tarea1_HdrLIN\workspace\Debug\dbg_console.o
 .debug_macro   0x0000234c      0x16c F:\git\iteso\LinTarea1\Tarea1_HdrLIN\workspace\Debug\dbg_console.o
 .debug_macro   0x000024b8      0x24a F:\git\iteso\LinTarea1\Tarea1_HdrLIN\workspace\Debug\dbg_console.o
 .debug_macro   0x00002702      0xa00 F:\git\iteso\LinTarea1\Tarea1_HdrLIN\workspace\Debug\dbg_console.o
 .debug_macro   0x00003102      0x1b4 F:\git\iteso\LinTarea1\Tarea1_HdrLIN\workspace\Debug\dbg_console.o
 .debug_macro   0x000032b6      0x328 F:\git\iteso\LinTarea1\Tarea1_HdrLIN\workspace\Debug\dbg_console.o
 .debug_macro   0x000035de      0x15a F:\git\iteso\LinTarea1\Tarea1_HdrLIN\workspace\Debug\dbg_console.o
 .debug_macro   0x00003738      0xe71 F:\git\iteso\LinTarea1\Tarea1_HdrLIN\workspace\Debug\dbg_console.o
 .debug_macro   0x000045a9       0x1c F:\git\iteso\LinTarea1\Tarea1_HdrLIN\workspace\Debug\dbg_console.o
 .debug_macro   0x000045c5      0x67f F:\git\iteso\LinTarea1\Tarea1_HdrLIN\workspace\Debug\dbg_console.o
 .debug_macro   0x00004c44      0x310 F:\git\iteso\LinTarea1\Tarea1_HdrLIN\workspace\Debug\dbg_console.o
 .debug_macro   0x00004f54      0x4c7 F:\git\iteso\LinTarea1\Tarea1_HdrLIN\workspace\Debug\dbg_console.o
 .debug_macro   0x0000541b      0x26e F:\git\iteso\LinTarea1\Tarea1_HdrLIN\workspace\Debug\dbg_console.o
 .debug_macro   0x00005689     0x1324 F:\git\iteso\LinTarea1\Tarea1_HdrLIN\workspace\Debug\dbg_console.o
 .debug_macro   0x000069ad      0x280 F:\git\iteso\LinTarea1\Tarea1_HdrLIN\workspace\Debug\dbg_console.o
 .debug_macro   0x00006c2d     0x2ba3 F:\git\iteso\LinTarea1\Tarea1_HdrLIN\workspace\Debug\dbg_console.o
 .debug_macro   0x000097d0     0x101d F:\git\iteso\LinTarea1\Tarea1_HdrLIN\workspace\Debug\dbg_console.o
 .debug_macro   0x0000a7ed      0xe01 F:\git\iteso\LinTarea1\Tarea1_HdrLIN\workspace\Debug\dbg_console.o
 .debug_macro   0x0000b5ee      0x3a4 F:\git\iteso\LinTarea1\Tarea1_HdrLIN\workspace\Debug\dbg_console.o
 .debug_macro   0x0000b992       0xa0 F:\git\iteso\LinTarea1\Tarea1_HdrLIN\workspace\Debug\dbg_console.o
 .debug_macro   0x0000ba32       0x76 F:\git\iteso\LinTarea1\Tarea1_HdrLIN\workspace\Debug\dbg_console.o
 .debug_macro   0x0000baa8      0x3fb F:\git\iteso\LinTarea1\Tarea1_HdrLIN\workspace\Debug\dbg_console.o
 .debug_macro   0x0000bea3       0x64 F:\git\iteso\LinTarea1\Tarea1_HdrLIN\workspace\Debug\dbg_console.o
 .debug_macro   0x0000bf07      0x276 F:\git\iteso\LinTarea1\Tarea1_HdrLIN\workspace\Debug\dbg_console.o
 .debug_macro   0x0000c17d      0x1c4 F:\git\iteso\LinTarea1\Tarea1_HdrLIN\workspace\Debug\dbg_console.o
 .debug_macro   0x0000c341      0x23b F:\git\iteso\LinTarea1\Tarea1_HdrLIN\workspace\Debug\dbg_console.o
 .debug_macro   0x0000c57c      0x516 F:\git\iteso\LinTarea1\Tarea1_HdrLIN\workspace\Debug\dbg_console.o
 .debug_macro   0x0000ca92      0x62d F:\git\iteso\LinTarea1\Tarea1_HdrLIN\workspace\Debug\dbg_console.o
 .debug_macro   0x0000d0bf      0x6a9 F:\git\iteso\LinTarea1\Tarea1_HdrLIN\workspace\Debug\dbg_console.o
 .debug_macro   0x0000d768       0x4c F:\git\iteso\LinTarea1\Tarea1_HdrLIN\workspace\Debug\dbg_console.o
 .debug_macro   0x0000d7b4      0x45a F:\git\iteso\LinTarea1\Tarea1_HdrLIN\workspace\Debug\dbg_console.o
 .debug_macro   0x0000dc0e      0x1fb F:\git\iteso\LinTarea1\Tarea1_HdrLIN\workspace\Debug\dbg_console.o
 .debug_macro   0x0000de09      0x87d F:\git\iteso\LinTarea1\Tarea1_HdrLIN\workspace\Debug\dbg_console.o
 .debug_macro   0x0000e686     0x1547 F:\git\iteso\LinTarea1\Tarea1_HdrLIN\workspace\Debug\dbg_console.o
 .debug_macro   0x0000fbcd       0x40 F:\git\iteso\LinTarea1\Tarea1_HdrLIN\workspace\Debug\dbg_console.o
 .debug_macro   0x0000fc0d       0x76 F:\git\iteso\LinTarea1\Tarea1_HdrLIN\workspace\Debug\dbg_console.o
 .debug_macro   0x0000fc83      0xda0 F:\git\iteso\LinTarea1\Tarea1_HdrLIN\workspace\Debug\dbg_console.o
 .debug_macro   0x00010a23       0x82 F:\git\iteso\LinTarea1\Tarea1_HdrLIN\workspace\Debug\dbg_console.o
 .debug_macro   0x00010aa5       0x76 F:\git\iteso\LinTarea1\Tarea1_HdrLIN\workspace\Debug\dbg_console.o
 .debug_macro   0x00010b1b       0x4c F:\git\iteso\LinTarea1\Tarea1_HdrLIN\workspace\Debug\dbg_console.o
 .debug_macro   0x00010b67      0x126 F:\git\iteso\LinTarea1\Tarea1_HdrLIN\workspace\Debug\dbg_console.o
 .debug_macro   0x00010c8d      0x126 F:\git\iteso\LinTarea1\Tarea1_HdrLIN\workspace\Debug\dbg_console.o
 .debug_macro   0x00010db3      0x126 F:\git\iteso\LinTarea1\Tarea1_HdrLIN\workspace\Debug\dbg_console.o
 .debug_macro   0x00010ed9       0x6a F:\git\iteso\LinTarea1\Tarea1_HdrLIN\workspace\Debug\dbg_console.o
 .debug_macro   0x00010f43       0x6a F:\git\iteso\LinTarea1\Tarea1_HdrLIN\workspace\Debug\dbg_console.o
 .debug_macro   0x00010fad      0x313 F:\git\iteso\LinTarea1\Tarea1_HdrLIN\workspace\Debug\dbg_console.o
 .debug_macro   0x000112c0       0xb2 F:\git\iteso\LinTarea1\Tarea1_HdrLIN\workspace\Debug\dbg_console.o
 .debug_macro   0x00011372       0xb2 F:\git\iteso\LinTarea1\Tarea1_HdrLIN\workspace\Debug\dbg_console.o
 .debug_macro   0x00011424       0xb2 F:\git\iteso\LinTarea1\Tarea1_HdrLIN\workspace\Debug\dbg_console.o
 .debug_macro   0x000114d6      0x112 F:\git\iteso\LinTarea1\Tarea1_HdrLIN\workspace\Debug\dbg_console.o
 .debug_macro   0x000115e8      0x112 F:\git\iteso\LinTarea1\Tarea1_HdrLIN\workspace\Debug\dbg_console.o
 .debug_macro   0x000116fa      0x2cd F:\git\iteso\LinTarea1\Tarea1_HdrLIN\workspace\Debug\dbg_console.o
 .debug_macro   0x000119c7       0xb8 F:\git\iteso\LinTarea1\Tarea1_HdrLIN\workspace\Debug\dbg_console.o
 .debug_macro   0x00011a7f       0x5e F:\git\iteso\LinTarea1\Tarea1_HdrLIN\workspace\Debug\dbg_console.o
 .debug_macro   0x00011add       0x40 F:\git\iteso\LinTarea1\Tarea1_HdrLIN\workspace\Debug\dbg_console.o
 .debug_macro   0x00011b1d       0x4c F:\git\iteso\LinTarea1\Tarea1_HdrLIN\workspace\Debug\dbg_console.o
 .debug_macro   0x00011b69       0xa0 F:\git\iteso\LinTarea1\Tarea1_HdrLIN\workspace\Debug\dbg_console.o
 .debug_macro   0x00011c09      0x494 F:\git\iteso\LinTarea1\Tarea1_HdrLIN\workspace\Debug\dbg_console.o
 .debug_macro   0x0001209d      0x126 F:\git\iteso\LinTarea1\Tarea1_HdrLIN\workspace\Debug\dbg_console.o
 .debug_macro   0x000121c3       0x4c F:\git\iteso\LinTarea1\Tarea1_HdrLIN\workspace\Debug\dbg_console.o
 .debug_macro   0x0001220f      0x313 F:\git\iteso\LinTarea1\Tarea1_HdrLIN\workspace\Debug\dbg_console.o
 .debug_macro   0x00012522       0x6a F:\git\iteso\LinTarea1\Tarea1_HdrLIN\workspace\Debug\dbg_console.o
 .debug_macro   0x0001258c       0xb8 F:\git\iteso\LinTarea1\Tarea1_HdrLIN\workspace\Debug\dbg_console.o
 .debug_macro   0x00012644       0x76 F:\git\iteso\LinTarea1\Tarea1_HdrLIN\workspace\Debug\dbg_console.o
 .debug_macro   0x000126ba       0x6a F:\git\iteso\LinTarea1\Tarea1_HdrLIN\workspace\Debug\dbg_console.o
 .debug_macro   0x00012724       0x2e F:\git\iteso\LinTarea1\Tarea1_HdrLIN\workspace\Debug\dbg_console.o
 .debug_macro   0x00012752      0x9b1 F:\git\iteso\LinTarea1\Tarea1_HdrLIN\workspace\Debug\dbg_console.o
 .debug_macro   0x00013103       0x6a F:\git\iteso\LinTarea1\Tarea1_HdrLIN\workspace\Debug\dbg_console.o
 .debug_macro   0x0001316d       0x88 F:\git\iteso\LinTarea1\Tarea1_HdrLIN\workspace\Debug\dbg_console.o
 .debug_macro   0x000131f5       0x58 F:\git\iteso\LinTarea1\Tarea1_HdrLIN\workspace\Debug\dbg_console.o
 .debug_macro   0x0001324d       0xa6 F:\git\iteso\LinTarea1\Tarea1_HdrLIN\workspace\Debug\dbg_console.o
 .debug_macro   0x000132f3       0x16 F:\git\iteso\LinTarea1\Tarea1_HdrLIN\workspace\Debug\dbg_console.o
 .debug_macro   0x00013309       0xe2 F:\git\iteso\LinTarea1\Tarea1_HdrLIN\workspace\Debug\dbg_console.o
 .debug_macro   0x000133eb       0x4c F:\git\iteso\LinTarea1\Tarea1_HdrLIN\workspace\Debug\dbg_console.o
 .debug_macro   0x00013437       0x16 F:\git\iteso\LinTarea1\Tarea1_HdrLIN\workspace\Debug\dbg_console.o
 .debug_macro   0x0001344d       0x4c F:\git\iteso\LinTarea1\Tarea1_HdrLIN\workspace\Debug\dbg_console.o
 .debug_macro   0x00013499       0x2e F:\git\iteso\LinTarea1\Tarea1_HdrLIN\workspace\Debug\dbg_console.o
 .debug_macro   0x000134c7      0x19e F:\git\iteso\LinTarea1\Tarea1_HdrLIN\workspace\Debug\dbg_console.o
 .debug_macro   0x00013665      0x19e F:\git\iteso\LinTarea1\Tarea1_HdrLIN\workspace\Debug\dbg_console.o
 .debug_macro   0x00013803      0x19e F:\git\iteso\LinTarea1\Tarea1_HdrLIN\workspace\Debug\dbg_console.o
 .debug_macro   0x000139a1      0x19e F:\git\iteso\LinTarea1\Tarea1_HdrLIN\workspace\Debug\dbg_console.o
 .debug_macro   0x00013b3f      0x19e F:\git\iteso\LinTarea1\Tarea1_HdrLIN\workspace\Debug\dbg_console.o
 .debug_macro   0x00013cdd       0x1c F:\git\iteso\LinTarea1\Tarea1_HdrLIN\workspace\Debug\dbg_console.o
 .debug_macro   0x00013cf9       0x2e F:\git\iteso\LinTarea1\Tarea1_HdrLIN\workspace\Debug\dbg_console.o
 .debug_macro   0x00013d27       0x22 F:\git\iteso\LinTarea1\Tarea1_HdrLIN\workspace\Debug\dbg_console.o
 .debug_macro   0x00013d49       0x1c F:\git\iteso\LinTarea1\Tarea1_HdrLIN\workspace\Debug\dbg_console.o
 .debug_macro   0x00013d65       0x52 F:\git\iteso\LinTarea1\Tarea1_HdrLIN\workspace\Debug\dbg_console.o
 .debug_macro   0x00013db7       0x10 F:\git\iteso\LinTarea1\Tarea1_HdrLIN\workspace\Debug\dbg_console.o
 .debug_macro   0x00013dc7       0x1c F:\git\iteso\LinTarea1\Tarea1_HdrLIN\workspace\Debug\dbg_console.o
 .debug_macro   0x00013de3       0x4c F:\git\iteso\LinTarea1\Tarea1_HdrLIN\workspace\Debug\dbg_console.o
 .debug_macro   0x00013e2f       0x4c F:\git\iteso\LinTarea1\Tarea1_HdrLIN\workspace\Debug\dbg_console.o
 .debug_macro   0x00013e7b       0x4c F:\git\iteso\LinTarea1\Tarea1_HdrLIN\workspace\Debug\dbg_console.o
 .debug_macro   0x00013ec7      0x329 F:\git\iteso\LinTarea1\Tarea1_HdrLIN\workspace\Debug\dbg_console.o
 .debug_macro   0x000141f0     0x1028 F:\git\iteso\LinTarea1\Tarea1_HdrLIN\workspace\Debug\dbg_console.o
 .debug_macro   0x00015218      0x107 F:\git\iteso\LinTarea1\Tarea1_HdrLIN\workspace\Debug\dbg_console.o
 .debug_macro   0x0001531f      0x166 F:\git\iteso\LinTarea1\Tarea1_HdrLIN\workspace\Debug\dbg_console.o
 .debug_macro   0x00015485       0x58 F:\git\iteso\LinTarea1\Tarea1_HdrLIN\workspace\Debug\dbg_console.o
 .debug_macro   0x000154dd       0x35 F:\git\iteso\LinTarea1\Tarea1_HdrLIN\workspace\Debug\dbg_console.o
 .debug_macro   0x00015512       0x9c F:\git\iteso\LinTarea1\Tarea1_HdrLIN\workspace\Debug\dbg_console.o
 .debug_macro   0x000155ae       0x16 F:\git\iteso\LinTarea1\Tarea1_HdrLIN\workspace\Debug\dbg_console.o
 .debug_macro   0x000155c4       0x35 F:\git\iteso\LinTarea1\Tarea1_HdrLIN\workspace\Debug\dbg_console.o
 .debug_macro   0x000155f9       0x52 F:\git\iteso\LinTarea1\Tarea1_HdrLIN\workspace\Debug\dbg_console.o
 .debug_macro   0x0001564b       0x16 F:\git\iteso\LinTarea1\Tarea1_HdrLIN\workspace\Debug\dbg_console.o
 .debug_macro   0x00015661       0x43 F:\git\iteso\LinTarea1\Tarea1_HdrLIN\workspace\Debug\dbg_console.o
 .debug_macro   0x000156a4      0x180 F:\git\iteso\LinTarea1\Tarea1_HdrLIN\workspace\Debug\dbg_console.o
 .debug_macro   0x00015824      0x29d F:\git\iteso\LinTarea1\Tarea1_HdrLIN\workspace\Debug\dbg_console.o
 .debug_macro   0x00015ac1       0x16 F:\git\iteso\LinTarea1\Tarea1_HdrLIN\workspace\Debug\dbg_console.o
 .debug_macro   0x00015ad7       0x29 F:\git\iteso\LinTarea1\Tarea1_HdrLIN\workspace\Debug\dbg_console.o
 .debug_macro   0x00015b00       0x22 F:\git\iteso\LinTarea1\Tarea1_HdrLIN\workspace\Debug\dbg_console.o
 .debug_macro   0x00015b22      0x159 F:\git\iteso\LinTarea1\Tarea1_HdrLIN\workspace\Debug\dbg_console.o
 .debug_macro   0x00015c7b       0x5e F:\git\iteso\LinTarea1\Tarea1_HdrLIN\workspace\Debug\dbg_console.o
 .debug_macro   0x00015cd9       0x91 F:\git\iteso\LinTarea1\Tarea1_HdrLIN\workspace\Debug\dbg_console.o
 .debug_macro   0x00015d6a      0x19e F:\git\iteso\LinTarea1\Tarea1_HdrLIN\workspace\Debug\dbg_console.o
 .debug_macro   0x00015f08       0x3a F:\git\iteso\LinTarea1\Tarea1_HdrLIN\workspace\Debug\dbg_console.o
 .debug_macro   0x00015f42       0x52 F:\git\iteso\LinTarea1\Tarea1_HdrLIN\workspace\Debug\dbg_console.o
 .debug_macro   0x00015f94       0x1c F:\git\iteso\LinTarea1\Tarea1_HdrLIN\workspace\Debug\dbg_console.o
 .debug_macro   0x00015fb0       0x10 F:\git\iteso\LinTarea1\Tarea1_HdrLIN\workspace\Debug\dbg_console.o
 .debug_macro   0x00015fc0       0x10 F:\git\iteso\LinTarea1\Tarea1_HdrLIN\workspace\Debug\dbg_console.o
 .debug_macro   0x00015fd0       0x22 F:\git\iteso\LinTarea1\Tarea1_HdrLIN\workspace\Debug\dbg_console.o
 .debug_macro   0x00015ff2       0xbe F:\git\iteso\LinTarea1\Tarea1_HdrLIN\workspace\Debug\dbg_console.o
 .debug_macro   0x000160b0       0x16 F:\git\iteso\LinTarea1\Tarea1_HdrLIN\workspace\Debug\dbg_console.o
 .debug_macro   0x000160c6      0x197 F:\git\iteso\LinTarea1\Tarea1_HdrLIN\workspace\Debug\dbg_console.o
 .debug_macro   0x0001625d       0x93 F:\git\iteso\LinTarea1\Tarea1_HdrLIN\workspace\Debug\dbg_console.o
 .debug_macro   0x000162f0       0x2e F:\git\iteso\LinTarea1\Tarea1_HdrLIN\workspace\Debug\dbg_console.o
 .debug_macro   0x0001631e       0x2e F:\git\iteso\LinTarea1\Tarea1_HdrLIN\workspace\Debug\dbg_console.o
 .debug_macro   0x0001634c       0x16 F:\git\iteso\LinTarea1\Tarea1_HdrLIN\workspace\Debug\dbg_console.o
 .debug_macro   0x00016362       0x76 F:\git\iteso\LinTarea1\Tarea1_HdrLIN\workspace\Debug\dbg_console.o
 .debug_macro   0x000163d8       0x10 F:\git\iteso\LinTarea1\Tarea1_HdrLIN\workspace\Debug\dbg_console.o
 .debug_macro   0x000163e8       0x52 F:\git\iteso\LinTarea1\Tarea1_HdrLIN\workspace\Debug\dbg_console.o
 .debug_macro   0x0001643a       0x16 F:\git\iteso\LinTarea1\Tarea1_HdrLIN\workspace\Debug\dbg_console.o
 .debug_macro   0x00016450       0x10 F:\git\iteso\LinTarea1\Tarea1_HdrLIN\workspace\Debug\dbg_console.o
 .debug_macro   0x00016460       0x10 F:\git\iteso\LinTarea1\Tarea1_HdrLIN\workspace\Debug\dbg_console.o
 .debug_macro   0x00016470       0x10 F:\git\iteso\LinTarea1\Tarea1_HdrLIN\workspace\Debug\dbg_console.o
 .debug_macro   0x00016480       0x35 F:\git\iteso\LinTarea1\Tarea1_HdrLIN\workspace\Debug\dbg_console.o
 .debug_macro   0x000164b5      0x122 F:\git\iteso\LinTarea1\Tarea1_HdrLIN\workspace\Debug\dbg_console.o
 .debug_macro   0x000165d7      0x459 F:\git\iteso\LinTarea1\Tarea1_HdrLIN\workspace\Debug\dbg_console.o
 .debug_macro   0x00016a30      0x701 F:\git\iteso\LinTarea1\Tarea1_HdrLIN\workspace\Debug\board_lowlevel.o
 .debug_macro   0x00017131      0x664 F:\git\iteso\LinTarea1\Tarea1_HdrLIN\workspace\Debug\exceptions.o
 .debug_macro   0x00017795      0x664 F:\git\iteso\LinTarea1\Tarea1_HdrLIN\workspace\Debug\pio.o
 .debug_macro   0x00017df9      0x664 F:\git\iteso\LinTarea1\Tarea1_HdrLIN\workspace\Debug\mpu.o
 .debug_macro   0x0001845d      0x67a F:\git\iteso\LinTarea1\Tarea1_HdrLIN\workspace\Debug\pmc.o
 .debug_macro   0x00018ad7       0x10 F:\git\iteso\LinTarea1\Tarea1_HdrLIN\workspace\Debug\pmc.o
 .debug_macro   0x00018ae7      0x664 F:\git\iteso\LinTarea1\Tarea1_HdrLIN\workspace\Debug\wdt.o
 .debug_macro   0x0001914b      0x674 F:\git\iteso\LinTarea1\Tarea1_HdrLIN\workspace\Debug\pio_it.o
 .debug_macro   0x000197bf      0x687 F:\git\iteso\LinTarea1\Tarea1_HdrLIN\workspace\Debug\uart.o
 .debug_macro   0x00019e46       0x16 F:\git\iteso\LinTarea1\Tarea1_HdrLIN\workspace\Debug\uart.o
 .debug_macro   0x00019e5c      0x71f F:\git\iteso\LinTarea1\Tarea1_HdrLIN\workspace\Debug\syscalls.o
 .debug_macro   0x0001a57b       0x10 F:\git\iteso\LinTarea1\Tarea1_HdrLIN\workspace\Debug\syscalls.o
 .debug_macro   0x0001a58b      0x241 F:\git\iteso\LinTarea1\Tarea1_HdrLIN\workspace\Debug\syscalls.o
 .debug_macro   0x0001a7cc      0x460 F:\git\iteso\LinTarea1\Tarea1_HdrLIN\workspace\Debug\system_sam.o
 .debug_macro   0x0001ac2c      0x711 F:\git\iteso\LinTarea1\Tarea1_HdrLIN\workspace\Debug\timetick.o
 .debug_macro   0x0001b33d      0x66e F:\git\iteso\LinTarea1\Tarea1_HdrLIN\workspace\Debug\app_scheduler.o
 .debug_macro   0x0001b9ab       0x58 F:\git\iteso\LinTarea1\Tarea1_HdrLIN\workspace\Debug\app_scheduler.o
 .debug_macro   0x0001ba03       0x50 F:\git\iteso\LinTarea1\Tarea1_HdrLIN\workspace\Debug\app_scheduler.o
 .debug_macro   0x0001ba53      0x701 F:\git\iteso\LinTarea1\Tarea1_HdrLIN\workspace\Debug\led.o
 .debug_macro   0x0001c154      0x714 F:\git\iteso\LinTarea1\Tarea1_HdrLIN\workspace\Debug\linif.o
 .debug_macro   0x0001c868       0x16 F:\git\iteso\LinTarea1\Tarea1_HdrLIN\workspace\Debug\linif.o
 .debug_macro   0x0001c87e       0x4a F:\git\iteso\LinTarea1\Tarea1_HdrLIN\workspace\Debug\linif.o
 .debug_macro   0x0001c8c8       0x97 F:\git\iteso\LinTarea1\Tarea1_HdrLIN\workspace\Debug\linif.o
 .debug_macro   0x0001c95f       0xef F:\git\iteso\LinTarea1\Tarea1_HdrLIN\workspace\Debug\linif.o
 .debug_macro   0x0001ca4e       0x3a F:\git\iteso\LinTarea1\Tarea1_HdrLIN\workspace\Debug\linif.o
 .debug_macro   0x0001ca88       0x99 F:\git\iteso\LinTarea1\Tarea1_HdrLIN\workspace\Debug\linif.o
 .debug_macro   0x0001cb21      0x716 F:\git\iteso\LinTarea1\Tarea1_HdrLIN\workspace\Debug\main.o
 .debug_macro   0x0001d237       0x5e F:\git\iteso\LinTarea1\Tarea1_HdrLIN\workspace\Debug\main.o
 .debug_macro   0x0001d295      0x160 F:\git\iteso\LinTarea1\Tarea1_HdrLIN\workspace\Debug\Tasks.o
 .debug_macro   0x0001d3f5      0x448 F:\git\iteso\LinTarea1\Tarea1_HdrLIN\workspace\Debug\startup_sam.o

.debug_line     0x00000000    0x16116
 .debug_line    0x00000000     0x1897 F:\git\iteso\LinTarea1\Tarea1_HdrLIN\workspace\Debug\dbg_console.o
 .debug_line    0x00001897     0x1755 F:\git\iteso\LinTarea1\Tarea1_HdrLIN\workspace\Debug\board_lowlevel.o
 .debug_line    0x00002fec     0x14bc F:\git\iteso\LinTarea1\Tarea1_HdrLIN\workspace\Debug\exceptions.o
 .debug_line    0x000044a8     0x1507 F:\git\iteso\LinTarea1\Tarea1_HdrLIN\workspace\Debug\pio.o
 .debug_line    0x000059af     0x148e F:\git\iteso\LinTarea1\Tarea1_HdrLIN\workspace\Debug\mpu.o
 .debug_line    0x00006e3d     0x1608 F:\git\iteso\LinTarea1\Tarea1_HdrLIN\workspace\Debug\pmc.o
 .debug_line    0x00008445     0x1461 F:\git\iteso\LinTarea1\Tarea1_HdrLIN\workspace\Debug\wdt.o
 .debug_line    0x000098a6     0x1506 F:\git\iteso\LinTarea1\Tarea1_HdrLIN\workspace\Debug\pio_it.o
 .debug_line    0x0000adac     0x10fa F:\git\iteso\LinTarea1\Tarea1_HdrLIN\workspace\Debug\uart.o
 .debug_line    0x0000bea6     0x1748 F:\git\iteso\LinTarea1\Tarea1_HdrLIN\workspace\Debug\syscalls.o
 .debug_line    0x0000d5ee      0xd5f F:\git\iteso\LinTarea1\Tarea1_HdrLIN\workspace\Debug\system_sam.o
 .debug_line    0x0000e34d     0x16f8 F:\git\iteso\LinTarea1\Tarea1_HdrLIN\workspace\Debug\timetick.o
 .debug_line    0x0000fa45     0x1553 F:\git\iteso\LinTarea1\Tarea1_HdrLIN\workspace\Debug\app_scheduler.o
 .debug_line    0x00010f98     0x1683 F:\git\iteso\LinTarea1\Tarea1_HdrLIN\workspace\Debug\led.o
 .debug_line    0x0001261b     0x126a F:\git\iteso\LinTarea1\Tarea1_HdrLIN\workspace\Debug\linif.o
 .debug_line    0x00013885     0x17f0 F:\git\iteso\LinTarea1\Tarea1_HdrLIN\workspace\Debug\main.o
 .debug_line    0x00015075      0x3d5 F:\git\iteso\LinTarea1\Tarea1_HdrLIN\workspace\Debug\Tasks.o
 .debug_line    0x0001544a      0xccc F:\git\iteso\LinTarea1\Tarea1_HdrLIN\workspace\Debug\startup_sam.o

.debug_str      0x00000000    0x79eb5
 .debug_str     0x00000000    0x76f4f F:\git\iteso\LinTarea1\Tarea1_HdrLIN\workspace\Debug\dbg_console.o
                              0x7751c (size before relaxing)
 .debug_str     0x00076f4f      0x23e F:\git\iteso\LinTarea1\Tarea1_HdrLIN\workspace\Debug\board_lowlevel.o
                              0x76be6 (size before relaxing)
 .debug_str     0x0007718d      0x114 F:\git\iteso\LinTarea1\Tarea1_HdrLIN\workspace\Debug\exceptions.o
                              0x73c80 (size before relaxing)
 .debug_str     0x000772a1      0x242 F:\git\iteso\LinTarea1\Tarea1_HdrLIN\workspace\Debug\pio.o
                              0x73f11 (size before relaxing)
 .debug_str     0x000774e3      0x1f6 F:\git\iteso\LinTarea1\Tarea1_HdrLIN\workspace\Debug\mpu.o
                              0x73bcb (size before relaxing)
 .debug_str     0x000776d9      0x4bf F:\git\iteso\LinTarea1\Tarea1_HdrLIN\workspace\Debug\pmc.o
                              0x73ec7 (size before relaxing)
 .debug_str     0x00077b98      0x144 F:\git\iteso\LinTarea1\Tarea1_HdrLIN\workspace\Debug\wdt.o
                              0x73af4 (size before relaxing)
 .debug_str     0x00077cdc      0x4c5 F:\git\iteso\LinTarea1\Tarea1_HdrLIN\workspace\Debug\pio_it.o
                              0x743c8 (size before relaxing)
 .debug_str     0x000781a1      0x261 F:\git\iteso\LinTarea1\Tarea1_HdrLIN\workspace\Debug\uart.o
                              0x73c68 (size before relaxing)
 .debug_str     0x00078402      0x618 F:\git\iteso\LinTarea1\Tarea1_HdrLIN\workspace\Debug\syscalls.o
                              0x77009 (size before relaxing)
 .debug_str     0x00078a1a      0x283 F:\git\iteso\LinTarea1\Tarea1_HdrLIN\workspace\Debug\system_sam.o
                              0x6e266 (size before relaxing)
 .debug_str     0x00078c9d      0x285 F:\git\iteso\LinTarea1\Tarea1_HdrLIN\workspace\Debug\timetick.o
                              0x77258 (size before relaxing)
 .debug_str     0x00078f22      0x3e7 F:\git\iteso\LinTarea1\Tarea1_HdrLIN\workspace\Debug\app_scheduler.o
                              0x73da4 (size before relaxing)
 .debug_str     0x00079309      0x128 F:\git\iteso\LinTarea1\Tarea1_HdrLIN\workspace\Debug\led.o
                              0x76d4a (size before relaxing)
 .debug_str     0x00079431      0x1f3 F:\git\iteso\LinTarea1\Tarea1_HdrLIN\workspace\Debug\linif.o
                              0x77382 (size before relaxing)
 .debug_str     0x00079624       0xfc F:\git\iteso\LinTarea1\Tarea1_HdrLIN\workspace\Debug\main.o
                              0x76bce (size before relaxing)
 .debug_str     0x00079720      0x157 F:\git\iteso\LinTarea1\Tarea1_HdrLIN\workspace\Debug\Tasks.o
                               0x6383 (size before relaxing)
 .debug_str     0x00079877      0x63e F:\git\iteso\LinTarea1\Tarea1_HdrLIN\workspace\Debug\startup_sam.o
                              0x6e62b (size before relaxing)

.comment        0x00000000       0x70
 .comment       0x00000000       0x70 F:\git\iteso\LinTarea1\Tarea1_HdrLIN\workspace\Debug\dbg_console.o
                                 0x71 (size before relaxing)
 .comment       0x00000000       0x71 F:\git\iteso\LinTarea1\Tarea1_HdrLIN\workspace\Debug\board_lowlevel.o
 .comment       0x00000000       0x71 F:\git\iteso\LinTarea1\Tarea1_HdrLIN\workspace\Debug\exceptions.o
 .comment       0x00000000       0x71 F:\git\iteso\LinTarea1\Tarea1_HdrLIN\workspace\Debug\pio.o
 .comment       0x00000000       0x71 F:\git\iteso\LinTarea1\Tarea1_HdrLIN\workspace\Debug\mpu.o
 .comment       0x00000000       0x71 F:\git\iteso\LinTarea1\Tarea1_HdrLIN\workspace\Debug\pmc.o
 .comment       0x00000000       0x71 F:\git\iteso\LinTarea1\Tarea1_HdrLIN\workspace\Debug\wdt.o
 .comment       0x00000000       0x71 F:\git\iteso\LinTarea1\Tarea1_HdrLIN\workspace\Debug\pio_it.o
 .comment       0x00000000       0x71 F:\git\iteso\LinTarea1\Tarea1_HdrLIN\workspace\Debug\uart.o
 .comment       0x00000000       0x71 F:\git\iteso\LinTarea1\Tarea1_HdrLIN\workspace\Debug\syscalls.o
 .comment       0x00000000       0x71 F:\git\iteso\LinTarea1\Tarea1_HdrLIN\workspace\Debug\system_sam.o
 .comment       0x00000000       0x71 F:\git\iteso\LinTarea1\Tarea1_HdrLIN\workspace\Debug\timetick.o
 .comment       0x00000000       0x71 F:\git\iteso\LinTarea1\Tarea1_HdrLIN\workspace\Debug\app_scheduler.o
 .comment       0x00000000       0x71 F:\git\iteso\LinTarea1\Tarea1_HdrLIN\workspace\Debug\led.o
 .comment       0x00000000       0x71 F:\git\iteso\LinTarea1\Tarea1_HdrLIN\workspace\Debug\linif.o
 .comment       0x00000000       0x71 F:\git\iteso\LinTarea1\Tarea1_HdrLIN\workspace\Debug\main.o
 .comment       0x00000000       0x71 F:\git\iteso\LinTarea1\Tarea1_HdrLIN\workspace\Debug\Tasks.o
 .comment       0x00000000       0x71 F:\git\iteso\LinTarea1\Tarea1_HdrLIN\workspace\Debug\startup_sam.o

.ARM.attributes
                0x00000000       0x35
 .ARM.attributes
                0x00000000       0x37 F:\git\iteso\LinTarea1\Tarea1_HdrLIN\workspace\Debug\dbg_console.o
 .ARM.attributes
                0x00000037       0x37 F:\git\iteso\LinTarea1\Tarea1_HdrLIN\workspace\Debug\board_lowlevel.o
 .ARM.attributes
                0x0000006e       0x37 F:\git\iteso\LinTarea1\Tarea1_HdrLIN\workspace\Debug\exceptions.o
 .ARM.attributes
                0x000000a5       0x37 F:\git\iteso\LinTarea1\Tarea1_HdrLIN\workspace\Debug\pio.o
 .ARM.attributes
                0x000000dc       0x37 F:\git\iteso\LinTarea1\Tarea1_HdrLIN\workspace\Debug\mpu.o
 .ARM.attributes
                0x00000113       0x37 F:\git\iteso\LinTarea1\Tarea1_HdrLIN\workspace\Debug\pmc.o
 .ARM.attributes
                0x0000014a       0x37 F:\git\iteso\LinTarea1\Tarea1_HdrLIN\workspace\Debug\wdt.o
 .ARM.attributes
                0x00000181       0x37 F:\git\iteso\LinTarea1\Tarea1_HdrLIN\workspace\Debug\pio_it.o
 .ARM.attributes
                0x000001b8       0x37 F:\git\iteso\LinTarea1\Tarea1_HdrLIN\workspace\Debug\uart.o
 .ARM.attributes
                0x000001ef       0x37 F:\git\iteso\LinTarea1\Tarea1_HdrLIN\workspace\Debug\syscalls.o
 .ARM.attributes
                0x00000226       0x37 F:\git\iteso\LinTarea1\Tarea1_HdrLIN\workspace\Debug\system_sam.o
 .ARM.attributes
                0x0000025d       0x37 F:\git\iteso\LinTarea1\Tarea1_HdrLIN\workspace\Debug\timetick.o
 .ARM.attributes
                0x00000294       0x37 F:\git\iteso\LinTarea1\Tarea1_HdrLIN\workspace\Debug\app_scheduler.o
 .ARM.attributes
                0x000002cb       0x37 F:\git\iteso\LinTarea1\Tarea1_HdrLIN\workspace\Debug\led.o
 .ARM.attributes
                0x00000302       0x37 F:\git\iteso\LinTarea1\Tarea1_HdrLIN\workspace\Debug\linif.o
 .ARM.attributes
                0x00000339       0x37 F:\git\iteso\LinTarea1\Tarea1_HdrLIN\workspace\Debug\main.o
 .ARM.attributes
                0x00000370       0x37 F:\git\iteso\LinTarea1\Tarea1_HdrLIN\workspace\Debug\Tasks.o
 .ARM.attributes
                0x000003a7       0x37 F:\git\iteso\LinTarea1\Tarea1_HdrLIN\workspace\Debug\startup_sam.o
 .ARM.attributes
                0x000003de       0x33 e:/isystem/winideaopen9/gcc/arm/bin/../lib/gcc/arm-none-eabi/4.9.3/../../../../arm-none-eabi/lib/cortex-m7\libc.a(lib_a-assert.o)
 .ARM.attributes
                0x00000411       0x33 e:/isystem/winideaopen9/gcc/arm/bin/../lib/gcc/arm-none-eabi/4.9.3/../../../../arm-none-eabi/lib/cortex-m7\libc.a(lib_a-fiprintf.o)
 .ARM.attributes
                0x00000444       0x33 e:/isystem/winideaopen9/gcc/arm/bin/../lib/gcc/arm-none-eabi/4.9.3/../../../../arm-none-eabi/lib/cortex-m7\libc.a(lib_a-impure.o)
 .ARM.attributes
                0x00000477       0x21 e:/isystem/winideaopen9/gcc/arm/bin/../lib/gcc/arm-none-eabi/4.9.3/../../../../arm-none-eabi/lib/cortex-m7\libc.a(lib_a-memcpy.o)
 .ARM.attributes
                0x00000498       0x33 e:/isystem/winideaopen9/gcc/arm/bin/../lib/gcc/arm-none-eabi/4.9.3/../../../../arm-none-eabi/lib/cortex-m7\libc.a(lib_a-printf.o)
 .ARM.attributes
                0x000004cb       0x33 e:/isystem/winideaopen9/gcc/arm/bin/../lib/gcc/arm-none-eabi/4.9.3/../../../../arm-none-eabi/lib/cortex-m7\libc.a(lib_a-putchar.o)
 .ARM.attributes
                0x000004fe       0x33 e:/isystem/winideaopen9/gcc/arm/bin/../lib/gcc/arm-none-eabi/4.9.3/../../../../arm-none-eabi/lib/cortex-m7\libc.a(lib_a-setvbuf.o)
 .ARM.attributes
                0x00000531       0x33 e:/isystem/winideaopen9/gcc/arm/bin/../lib/gcc/arm-none-eabi/4.9.3/../../../../arm-none-eabi/lib/cortex-m7\libc.a(lib_a-vfiprintf.o)
 .ARM.attributes
                0x00000564       0x33 e:/isystem/winideaopen9/gcc/arm/bin/../lib/gcc/arm-none-eabi/4.9.3/../../../../arm-none-eabi/lib/cortex-m7\libc.a(lib_a-vfprintf.o)
 .ARM.attributes
                0x00000597       0x33 e:/isystem/winideaopen9/gcc/arm/bin/../lib/gcc/arm-none-eabi/4.9.3/../../../../arm-none-eabi/lib/cortex-m7\libc.a(lib_a-wsetup.o)
 .ARM.attributes
                0x000005ca       0x33 e:/isystem/winideaopen9/gcc/arm/bin/../lib/gcc/arm-none-eabi/4.9.3/../../../../arm-none-eabi/lib/cortex-m7\libc.a(lib_a-abort.o)
 .ARM.attributes
                0x000005fd       0x33 e:/isystem/winideaopen9/gcc/arm/bin/../lib/gcc/arm-none-eabi/4.9.3/../../../../arm-none-eabi/lib/cortex-m7\libc.a(lib_a-dtoa.o)
 .ARM.attributes
                0x00000630       0x33 e:/isystem/winideaopen9/gcc/arm/bin/../lib/gcc/arm-none-eabi/4.9.3/../../../../arm-none-eabi/lib/cortex-m7\libc.a(lib_a-fflush.o)
 .ARM.attributes
                0x00000663       0x33 e:/isystem/winideaopen9/gcc/arm/bin/../lib/gcc/arm-none-eabi/4.9.3/../../../../arm-none-eabi/lib/cortex-m7\libc.a(lib_a-findfp.o)
 .ARM.attributes
                0x00000696       0x33 e:/isystem/winideaopen9/gcc/arm/bin/../lib/gcc/arm-none-eabi/4.9.3/../../../../arm-none-eabi/lib/cortex-m7\libc.a(lib_a-fputwc.o)
 .ARM.attributes
                0x000006c9       0x33 e:/isystem/winideaopen9/gcc/arm/bin/../lib/gcc/arm-none-eabi/4.9.3/../../../../arm-none-eabi/lib/cortex-m7\libc.a(lib_a-freer.o)
 .ARM.attributes
                0x000006fc       0x33 e:/isystem/winideaopen9/gcc/arm/bin/../lib/gcc/arm-none-eabi/4.9.3/../../../../arm-none-eabi/lib/cortex-m7\libc.a(lib_a-fvwrite.o)
 .ARM.attributes
                0x0000072f       0x33 e:/isystem/winideaopen9/gcc/arm/bin/../lib/gcc/arm-none-eabi/4.9.3/../../../../arm-none-eabi/lib/cortex-m7\libc.a(lib_a-fwalk.o)
 .ARM.attributes
                0x00000762       0x33 e:/isystem/winideaopen9/gcc/arm/bin/../lib/gcc/arm-none-eabi/4.9.3/../../../../arm-none-eabi/lib/cortex-m7\libc.a(lib_a-locale.o)
 .ARM.attributes
                0x00000795       0x33 e:/isystem/winideaopen9/gcc/arm/bin/../lib/gcc/arm-none-eabi/4.9.3/../../../../arm-none-eabi/lib/cortex-m7\libc.a(lib_a-makebuf.o)
 .ARM.attributes
                0x000007c8       0x33 e:/isystem/winideaopen9/gcc/arm/bin/../lib/gcc/arm-none-eabi/4.9.3/../../../../arm-none-eabi/lib/cortex-m7\libc.a(lib_a-malloc.o)
 .ARM.attributes
                0x000007fb       0x33 e:/isystem/winideaopen9/gcc/arm/bin/../lib/gcc/arm-none-eabi/4.9.3/../../../../arm-none-eabi/lib/cortex-m7\libc.a(lib_a-mallocr.o)
 .ARM.attributes
                0x0000082e       0x33 e:/isystem/winideaopen9/gcc/arm/bin/../lib/gcc/arm-none-eabi/4.9.3/../../../../arm-none-eabi/lib/cortex-m7\libc.a(lib_a-memchr.o)
 .ARM.attributes
                0x00000861       0x33 e:/isystem/winideaopen9/gcc/arm/bin/../lib/gcc/arm-none-eabi/4.9.3/../../../../arm-none-eabi/lib/cortex-m7\libc.a(lib_a-memmove.o)
 .ARM.attributes
                0x00000894       0x33 e:/isystem/winideaopen9/gcc/arm/bin/../lib/gcc/arm-none-eabi/4.9.3/../../../../arm-none-eabi/lib/cortex-m7\libc.a(lib_a-memset.o)
 .ARM.attributes
                0x000008c7       0x33 e:/isystem/winideaopen9/gcc/arm/bin/../lib/gcc/arm-none-eabi/4.9.3/../../../../arm-none-eabi/lib/cortex-m7\libc.a(lib_a-mlock.o)
 .ARM.attributes
                0x000008fa       0x33 e:/isystem/winideaopen9/gcc/arm/bin/../lib/gcc/arm-none-eabi/4.9.3/../../../../arm-none-eabi/lib/cortex-m7\libc.a(lib_a-mprec.o)
 .ARM.attributes
                0x0000092d       0x33 e:/isystem/winideaopen9/gcc/arm/bin/../lib/gcc/arm-none-eabi/4.9.3/../../../../arm-none-eabi/lib/cortex-m7\libc.a(lib_a-putc.o)
 .ARM.attributes
                0x00000960       0x33 e:/isystem/winideaopen9/gcc/arm/bin/../lib/gcc/arm-none-eabi/4.9.3/../../../../arm-none-eabi/lib/cortex-m7\libc.a(lib_a-reallocr.o)
 .ARM.attributes
                0x00000993       0x33 e:/isystem/winideaopen9/gcc/arm/bin/../lib/gcc/arm-none-eabi/4.9.3/../../../../arm-none-eabi/lib/cortex-m7\libc.a(lib_a-s_fpclassify.o)
 .ARM.attributes
                0x000009c6       0x33 e:/isystem/winideaopen9/gcc/arm/bin/../lib/gcc/arm-none-eabi/4.9.3/../../../../arm-none-eabi/lib/cortex-m7\libc.a(lib_a-sbrkr.o)
 .ARM.attributes
                0x000009f9       0x33 e:/isystem/winideaopen9/gcc/arm/bin/../lib/gcc/arm-none-eabi/4.9.3/../../../../arm-none-eabi/lib/cortex-m7\libc.a(lib_a-signal.o)
 .ARM.attributes
                0x00000a2c       0x33 e:/isystem/winideaopen9/gcc/arm/bin/../lib/gcc/arm-none-eabi/4.9.3/../../../../arm-none-eabi/lib/cortex-m7\libc.a(lib_a-signalr.o)
 .ARM.attributes
                0x00000a5f       0x33 e:/isystem/winideaopen9/gcc/arm/bin/../lib/gcc/arm-none-eabi/4.9.3/../../../../arm-none-eabi/lib/cortex-m7\libc.a(lib_a-stdio.o)
 .ARM.attributes
                0x00000a92       0x33 e:/isystem/winideaopen9/gcc/arm/bin/../lib/gcc/arm-none-eabi/4.9.3/../../../../arm-none-eabi/lib/cortex-m7\libc.a(lib_a-strlen.o)
 .ARM.attributes
                0x00000ac5       0x33 e:/isystem/winideaopen9/gcc/arm/bin/../lib/gcc/arm-none-eabi/4.9.3/../../../../arm-none-eabi/lib/cortex-m7\libc.a(lib_a-wbuf.o)
 .ARM.attributes
                0x00000af8       0x33 e:/isystem/winideaopen9/gcc/arm/bin/../lib/gcc/arm-none-eabi/4.9.3/../../../../arm-none-eabi/lib/cortex-m7\libc.a(lib_a-wcrtomb.o)
 .ARM.attributes
                0x00000b2b       0x33 e:/isystem/winideaopen9/gcc/arm/bin/../lib/gcc/arm-none-eabi/4.9.3/../../../../arm-none-eabi/lib/cortex-m7\libc.a(lib_a-wctomb_r.o)
 .ARM.attributes
                0x00000b5e       0x33 e:/isystem/winideaopen9/gcc/arm/bin/../lib/gcc/arm-none-eabi/4.9.3/../../../../arm-none-eabi/lib/cortex-m7\libc.a(lib_a-writer.o)
 .ARM.attributes
                0x00000b91       0x33 e:/isystem/winideaopen9/gcc/arm/bin/../lib/gcc/arm-none-eabi/4.9.3/../../../../arm-none-eabi/lib/cortex-m7\libc.a(lib_a-callocr.o)
 .ARM.attributes
                0x00000bc4       0x33 e:/isystem/winideaopen9/gcc/arm/bin/../lib/gcc/arm-none-eabi/4.9.3/../../../../arm-none-eabi/lib/cortex-m7\libc.a(lib_a-closer.o)
 .ARM.attributes
                0x00000bf7       0x33 e:/isystem/winideaopen9/gcc/arm/bin/../lib/gcc/arm-none-eabi/4.9.3/../../../../arm-none-eabi/lib/cortex-m7\libc.a(lib_a-fclose.o)
 .ARM.attributes
                0x00000c2a       0x33 e:/isystem/winideaopen9/gcc/arm/bin/../lib/gcc/arm-none-eabi/4.9.3/../../../../arm-none-eabi/lib/cortex-m7\libc.a(lib_a-fstatr.o)
 .ARM.attributes
                0x00000c5d       0x33 e:/isystem/winideaopen9/gcc/arm/bin/../lib/gcc/arm-none-eabi/4.9.3/../../../../arm-none-eabi/lib/cortex-m7\libc.a(lib_a-isattyr.o)
 .ARM.attributes
                0x00000c90       0x33 e:/isystem/winideaopen9/gcc/arm/bin/../lib/gcc/arm-none-eabi/4.9.3/../../../../arm-none-eabi/lib/cortex-m7\libc.a(lib_a-lseekr.o)
 .ARM.attributes
                0x00000cc3       0x33 e:/isystem/winideaopen9/gcc/arm/bin/../lib/gcc/arm-none-eabi/4.9.3/../../../../arm-none-eabi/lib/cortex-m7\libc.a(lib_a-readr.o)
 .ARM.attributes
                0x00000cf6       0x33 e:/isystem/winideaopen9/gcc/arm/bin/../lib/gcc/arm-none-eabi/4.9.3/../../../../arm-none-eabi/lib/cortex-m7\libc.a(lib_a-reent.o)
 .ARM.attributes
                0x00000d29       0x23 e:/isystem/winideaopen9/gcc/arm/bin/../lib/gcc/arm-none-eabi/4.9.3/cortex-m7\libgcc.a(_arm_addsubdf3.o)
 .ARM.attributes
                0x00000d4c       0x23 e:/isystem/winideaopen9/gcc/arm/bin/../lib/gcc/arm-none-eabi/4.9.3/cortex-m7\libgcc.a(_arm_muldivdf3.o)
 .ARM.attributes
                0x00000d6f       0x23 e:/isystem/winideaopen9/gcc/arm/bin/../lib/gcc/arm-none-eabi/4.9.3/cortex-m7\libgcc.a(_arm_cmpdf2.o)
 .ARM.attributes
                0x00000d92       0x23 e:/isystem/winideaopen9/gcc/arm/bin/../lib/gcc/arm-none-eabi/4.9.3/cortex-m7\libgcc.a(_arm_fixdfsi.o)
 .ARM.attributes
                0x00000db5       0x23 e:/isystem/winideaopen9/gcc/arm/bin/../lib/gcc/arm-none-eabi/4.9.3/cortex-m7\libgcc.a(_aeabi_uldivmod.o)
 .ARM.attributes
                0x00000dd8       0x33 e:/isystem/winideaopen9/gcc/arm/bin/../lib/gcc/arm-none-eabi/4.9.3/cortex-m7\libgcc.a(bpabi.o)
 .ARM.attributes
                0x00000e0b       0x23 e:/isystem/winideaopen9/gcc/arm/bin/../lib/gcc/arm-none-eabi/4.9.3/cortex-m7\libgcc.a(_dvmd_tls.o)
 .ARM.attributes
                0x00000e2e       0x33 e:/isystem/winideaopen9/gcc/arm/bin/../lib/gcc/arm-none-eabi/4.9.3/cortex-m7\libgcc.a(_divdi3.o)
 .ARM.attributes
                0x00000e61       0x33 e:/isystem/winideaopen9/gcc/arm/bin/../lib/gcc/arm-none-eabi/4.9.3/cortex-m7\libgcc.a(_udivdi3.o)

.debug_frame    0x00000000     0x28fc
 .debug_frame   0x00000000      0x1a4 F:\git\iteso\LinTarea1\Tarea1_HdrLIN\workspace\Debug\dbg_console.o
 .debug_frame   0x000001a4       0x50 F:\git\iteso\LinTarea1\Tarea1_HdrLIN\workspace\Debug\board_lowlevel.o