Archive member included because of file (symbol)

c:/isystem/winideaopen9/gcc/arm/bin/../lib/gcc/arm-none-eabi/4.9.3/../../../../arm-none-eabi/lib/cortex-m7\libc.a(lib_a-assert.o)
                              C:\Users\uid42696\Desktop\Iteso_Projects\Tarea1_HdrLIN\workspace\Debug\pmc.o (__assert_func)
c:/isystem/winideaopen9/gcc/arm/bin/../lib/gcc/arm-none-eabi/4.9.3/../../../../arm-none-eabi/lib/cortex-m7\libc.a(lib_a-fiprintf.o)
                              c:/isystem/winideaopen9/gcc/arm/bin/../lib/gcc/arm-none-eabi/4.9.3/../../../../arm-none-eabi/lib/cortex-m7\libc.a(lib_a-assert.o) (fiprintf)
c:/isystem/winideaopen9/gcc/arm/bin/../lib/gcc/arm-none-eabi/4.9.3/../../../../arm-none-eabi/lib/cortex-m7\libc.a(lib_a-impure.o)
                              C:\Users\uid42696\Desktop\Iteso_Projects\Tarea1_HdrLIN\workspace\Debug\dbg_console.o (_impure_ptr)
c:/isystem/winideaopen9/gcc/arm/bin/../lib/gcc/arm-none-eabi/4.9.3/../../../../arm-none-eabi/lib/cortex-m7\libc.a(lib_a-memcpy.o)
                              C:\Users\uid42696\Desktop\Iteso_Projects\Tarea1_HdrLIN\workspace\Debug\board_memories.o (memcpy)
c:/isystem/winideaopen9/gcc/arm/bin/../lib/gcc/arm-none-eabi/4.9.3/../../../../arm-none-eabi/lib/cortex-m7\libc.a(lib_a-printf.o)
                              C:\Users\uid42696\Desktop\Iteso_Projects\Tarea1_HdrLIN\workspace\Debug\dbg_console.o (printf)
c:/isystem/winideaopen9/gcc/arm/bin/../lib/gcc/arm-none-eabi/4.9.3/../../../../arm-none-eabi/lib/cortex-m7\libc.a(lib_a-putchar.o)
                              C:\Users\uid42696\Desktop\Iteso_Projects\Tarea1_HdrLIN\workspace\Debug\dbg_console.o (putchar)
c:/isystem/winideaopen9/gcc/arm/bin/../lib/gcc/arm-none-eabi/4.9.3/../../../../arm-none-eabi/lib/cortex-m7\libc.a(lib_a-setvbuf.o)
                              C:\Users\uid42696\Desktop\Iteso_Projects\Tarea1_HdrLIN\workspace\Debug\dbg_console.o (setvbuf)
c:/isystem/winideaopen9/gcc/arm/bin/../lib/gcc/arm-none-eabi/4.9.3/../../../../arm-none-eabi/lib/cortex-m7\libc.a(lib_a-vfiprintf.o)
                              c:/isystem/winideaopen9/gcc/arm/bin/../lib/gcc/arm-none-eabi/4.9.3/../../../../arm-none-eabi/lib/cortex-m7\libc.a(lib_a-fiprintf.o) (_vfiprintf_r)
c:/isystem/winideaopen9/gcc/arm/bin/../lib/gcc/arm-none-eabi/4.9.3/../../../../arm-none-eabi/lib/cortex-m7\libc.a(lib_a-vfprintf.o)
                              c:/isystem/winideaopen9/gcc/arm/bin/../lib/gcc/arm-none-eabi/4.9.3/../../../../arm-none-eabi/lib/cortex-m7\libc.a(lib_a-printf.o) (_vfprintf_r)
c:/isystem/winideaopen9/gcc/arm/bin/../lib/gcc/arm-none-eabi/4.9.3/../../../../arm-none-eabi/lib/cortex-m7\libc.a(lib_a-wsetup.o)
                              c:/isystem/winideaopen9/gcc/arm/bin/../lib/gcc/arm-none-eabi/4.9.3/../../../../arm-none-eabi/lib/cortex-m7\libc.a(lib_a-vfiprintf.o) (__swsetup_r)
c:/isystem/winideaopen9/gcc/arm/bin/../lib/gcc/arm-none-eabi/4.9.3/../../../../arm-none-eabi/lib/cortex-m7\libc.a(lib_a-abort.o)
                              c:/isystem/winideaopen9/gcc/arm/bin/../lib/gcc/arm-none-eabi/4.9.3/../../../../arm-none-eabi/lib/cortex-m7\libc.a(lib_a-assert.o) (abort)
c:/isystem/winideaopen9/gcc/arm/bin/../lib/gcc/arm-none-eabi/4.9.3/../../../../arm-none-eabi/lib/cortex-m7\libc.a(lib_a-dtoa.o)
                              c:/isystem/winideaopen9/gcc/arm/bin/../lib/gcc/arm-none-eabi/4.9.3/../../../../arm-none-eabi/lib/cortex-m7\libc.a(lib_a-vfprintf.o) (_dtoa_r)
c:/isystem/winideaopen9/gcc/arm/bin/../lib/gcc/arm-none-eabi/4.9.3/../../../../arm-none-eabi/lib/cortex-m7\libc.a(lib_a-fflush.o)
                              c:/isystem/winideaopen9/gcc/arm/bin/../lib/gcc/arm-none-eabi/4.9.3/../../../../arm-none-eabi/lib/cortex-m7\libc.a(lib_a-setvbuf.o) (_fflush_r)
c:/isystem/winideaopen9/gcc/arm/bin/../lib/gcc/arm-none-eabi/4.9.3/../../../../arm-none-eabi/lib/cortex-m7\libc.a(lib_a-findfp.o)
                              c:/isystem/winideaopen9/gcc/arm/bin/../lib/gcc/arm-none-eabi/4.9.3/../../../../arm-none-eabi/lib/cortex-m7\libc.a(lib_a-setvbuf.o) (_cleanup_r)
c:/isystem/winideaopen9/gcc/arm/bin/../lib/gcc/arm-none-eabi/4.9.3/../../../../arm-none-eabi/lib/cortex-m7\libc.a(lib_a-fputwc.o)
                              c:/isystem/winideaopen9/gcc/arm/bin/../lib/gcc/arm-none-eabi/4.9.3/../../../../arm-none-eabi/lib/cortex-m7\libc.a(lib_a-vfiprintf.o) (_fputwc_r)
c:/isystem/winideaopen9/gcc/arm/bin/../lib/gcc/arm-none-eabi/4.9.3/../../../../arm-none-eabi/lib/cortex-m7\libc.a(lib_a-freer.o)
                              c:/isystem/winideaopen9/gcc/arm/bin/../lib/gcc/arm-none-eabi/4.9.3/../../../../arm-none-eabi/lib/cortex-m7\libc.a(lib_a-setvbuf.o) (_free_r)
c:/isystem/winideaopen9/gcc/arm/bin/../lib/gcc/arm-none-eabi/4.9.3/../../../../arm-none-eabi/lib/cortex-m7\libc.a(lib_a-fvwrite.o)
                              c:/isystem/winideaopen9/gcc/arm/bin/../lib/gcc/arm-none-eabi/4.9.3/../../../../arm-none-eabi/lib/cortex-m7\libc.a(lib_a-vfiprintf.o) (__sfvwrite_r)
[...]
Memory Configuration

Name             Origin             Length             Attributes
rom              0x00400000         0x00200000         xr
ram              0x20400000         0x00050000         xrw
ram_heap         0x20450000         0x00010000         xrw
sdram            0x70000000         0x00200000         xrw
*default*        0x00000000         0xffffffff

Linker script and memory map

LOAD C:\Users\uid42696\Desktop\Iteso_Projects\Tarea1_HdrLIN\workspace\Debug\dbg_console.o
LOAD C:\Users\uid42696\Desktop\Iteso_Projects\Tarea1_HdrLIN\workspace\Debug\board_lowlevel.o
LOAD C:\Users\uid42696\Desktop\Iteso_Projects\Tarea1_HdrLIN\workspace\Debug\board_memories.o
LOAD C:\Users\uid42696\Desktop\Iteso_Projects\Tarea1_HdrLIN\workspace\Debug\exceptions.o
LOAD C:\Users\uid42696\Desktop\Iteso_Projects\Tarea1_HdrLIN\workspace\Debug\pio.o
LOAD C:\Users\uid42696\Desktop\Iteso_Projects\Tarea1_HdrLIN\workspace\Debug\mpu.o
LOAD C:\Users\uid42696\Desktop\Iteso_Projects\Tarea1_HdrLIN\workspace\Debug\pmc.o
LOAD C:\Users\uid42696\Desktop\Iteso_Projects\Tarea1_HdrLIN\workspace\Debug\wdt.o
LOAD C:\Users\uid42696\Desktop\Iteso_Projects\Tarea1_HdrLIN\workspace\Debug\pio_it.o
LOAD C:\Users\uid42696\Desktop\Iteso_Projects\Tarea1_HdrLIN\workspace\Debug\supc.o
LOAD C:\Users\uid42696\Desktop\Iteso_Projects\Tarea1_HdrLIN\workspace\Debug\tc.o
LOAD C:\Users\uid42696\Desktop\Iteso_Projects\Tarea1_HdrLIN\workspace\Debug\xdma_hardware_interface.o
LOAD C:\Users\uid42696\Desktop\Iteso_Projects\Tarea1_HdrLIN\workspace\Debug\xdmac.o
LOAD C:\Users\uid42696\Desktop\Iteso_Projects\Tarea1_HdrLIN\workspace\Debug\uart.o
LOAD C:\Users\uid42696\Desktop\Iteso_Projects\Tarea1_HdrLIN\workspace\Debug\xdmad.o
LOAD C:\Users\uid42696\Desktop\Iteso_Projects\Tarea1_HdrLIN\workspace\Debug\syscalls.o
LOAD C:\Users\uid42696\Desktop\Iteso_Projects\Tarea1_HdrLIN\workspace\Debug\system_sam.o
LOAD C:\Users\uid42696\Desktop\Iteso_Projects\Tarea1_HdrLIN\workspace\Debug\timetick.o
LOAD C:\Users\uid42696\Desktop\Iteso_Projects\Tarea1_HdrLIN\workspace\Debug\app_scheduler.o
LOAD C:\Users\uid42696\Desktop\Iteso_Projects\Tarea1_HdrLIN\workspace\Debug\led.o
LOAD C:\Users\uid42696\Desktop\Iteso_Projects\Tarea1_HdrLIN\workspace\Debug\linif.o
LOAD C:\Users\uid42696\Desktop\Iteso_Projects\Tarea1_HdrLIN\workspace\Debug\linif_cfg.o
LOAD C:\Users\uid42696\Desktop\Iteso_Projects\Tarea1_HdrLIN\workspace\Debug\main.o
LOAD C:\Users\uid42696\Desktop\Iteso_Projects\Tarea1_HdrLIN\workspace\Debug\Tasks.o
LOAD C:\Users\uid42696\Desktop\Iteso_Projects\Tarea1_HdrLIN\workspace\Debug\startup_sam.o
                0x00002000                STACK_SIZE = DEFINED (STACK_SIZE)?STACK_SIZE:0x2000
                0x00001000                HEAP_SIZE = DEFINED (HEAP_SIZE)?HEAP_SIZE:0x1000
                0x00010000                MY_HEAP_SIZE = DEFINED (MY_HEAP_SIZE)?MY_HEAP_SIZE:0x10000

.text           0x00400000     0x9bb0
                0x00400000                . = ALIGN (0x4)
                0x00400000                _sfixed = .
 *(.vectors .vectors.*)
 .vectors       0x00400000      0x140 C:\Users\uid42696\Desktop\Iteso_Projects\Tarea1_HdrLIN\workspace\Debug\startup_sam.o
                0x00400000                exception_table
 *(.text .text.* .gnu.linkonce.t.*)
 .text          0x00400140      0x56c C:\Users\uid42696\Desktop\Iteso_Projects\Tarea1_HdrLIN\workspace\Debug\dbg_console.o
                0x00400140                DBG_Configure
                0x004001f0                DBG_PutChar
                0x00400244                DBG_GetChar
                0x00400288                DBG_IsRxReady
                0x004002c0                DBG_DumpFrame
                0x00400304                DBG_DumpMemory
                0x00400468                DBG_GetInteger
                0x00400538                DBG_GetIntegerMinMax
                0x00400598                DBG_GetHexa32
                0x00400640                puts
                0x0040066c                gets
 .text          0x004006ac      0x19c C:\Users\uid42696\Desktop\Iteso_Projects\Tarea1_HdrLIN\workspace\Debug\board_lowlevel.o
                0x004006ac                _SetupMemoryRegion
                0x00400838                LowLevelInit
 .text          0x00400848       0xe8 C:\Users\uid42696\Desktop\Iteso_Projects\Tarea1_HdrLIN\workspace\Debug\exceptions.o
                0x00400848                NMI_Handler
                0x004008d0                HardFault_Handler
                0x004008e4                MemManage_Handler
                0x004008fc                BusFault_Handler
                0x00400918                UsageFault_Handler
 .text          0x00400930      0x540 C:\Users\uid42696\Desktop\Iteso_Projects\Tarea1_HdrLIN\workspace\Debug\pio.o
                0x00400ba0                PIO_Configure
                0x00400d04                PIO_Set
                0x00400d20                PIO_Clear
                0x00400d3c                PIO_Get
                0x00400d84                PIO_GetOutputDataStatus
                0x00400db0                PIO_SetDebounceFilter
                0x00400dec                PIO_EnableWriteProtect
                0x00400e10                PIO_DisableWriteProtect
                0x00400e34                PIO_GetWriteProtectViolationInfo
                0x00400e54                PIO_SetPinType
 .text          0x00400e70       0xf0 C:\Users\uid42696\Desktop\Iteso_Projects\Tarea1_HdrLIN\workspace\Debug\mpu.o
                0x00400e70                MPU_Enable
                0x00400e8c                MPU_SetRegionNum
                0x00400ea8                MPU_DisableRegion
                0x00400ec4                MPU_SetRegion
                0x00400ee8                MPU_CalMPURegionSize
                0x00400f28                MPU_UpdateRegions
 .text          0x00400f60      0x76c C:\Users\uid42696\Desktop\Iteso_Projects\Tarea1_HdrLIN\workspace\Debug\pmc.o
                0x00401034                PMC_EnablePeripheral
                0x004010c4                PMC_DisablePeripheral
                0x00401154                PMC_EnableAllPeripherals
                0x00401194                PMC_DisableAllPeripherals
                0x004011d0                PMC_IsPeriphEnabled
                0x0040122c                PMC_EnableExtOsc
                0x004012a8                PMC_DisableExtOsc
                0x004012e4                PMC_SelectExtOsc
                0x00401350                PMC_SelectExtBypassOsc
                0x004013bc                PMC_EnableIntRC4_8_12MHz
                0x00401448                PMC_DisableIntRC4_8_12MHz
                0x0040148c                PMC_SetPllaClock
                0x004014e4                PMC_SetMckSelection
                0x00401528                PMC_DisableAllClocks
                0x00401578                PMC_ConfigureMckWithPlla
                0x004015b0                PMC_EnableXT32KFME
                0x004015dc                PMC_ConfigurePCK0
                0x0040162c                PMC_ConfigurePCK1
                0x0040167c                PMC_ConfigurePCK2
 .text          0x004016cc       0xa8 C:\Users\uid42696\Desktop\Iteso_Projects\Tarea1_HdrLIN\workspace\Debug\wdt.o
                0x004016cc                WDT_Enable
                0x004016e8                WDT_Disable
                0x00401704                WDT_Restart
                0x00401720                WDT_GetStatus
                0x0040173c                WDT_GetPeriod
 .text          0x00401774      0x4ac C:\Users\uid42696\Desktop\Iteso_Projects\Tarea1_HdrLIN\workspace\Debug\pio_it.o
                0x00401860                PioInterruptHandler
                0x00401910                PIOA_Handler
                0x00401924                PIOB_Handler
                0x00401938                PIOC_Handler
                0x0040194c                PIOD_Handler
                0x00401960                PIOE_Handler
                0x00401974                PIO_InitializeInterrupts
                0x00401a7c                PIO_ConfigureIt
                0x00401b58                PIO_EnableIt
                0x00401be8                PIO_DisableIt
 .text          0x00401c20      0x2f4 C:\Users\uid42696\Desktop\Iteso_Projects\Tarea1_HdrLIN\workspace\Debug\uart.o
                0x00401c20                UART_Configure
                0x00401c74                UART_SetTransmitterEnabled
                0x00401ca0                UART_UpdateBaudRate
                0x00401cbc                UART_SetReceiverEnabled
                0x00401ce8                UART_IsRxReady
                0x00401d04                UART_GetChar
                0x00401d28                UART_IsTxReady
                0x00401d60                UART_PutChar
                0x00401da0                UART_PutCharIT
                0x00401dd0                UART_GetStatus
                0x00401de8                UART_EnableIt
                0x00401e04                UART_DisableIt
                0x00401e20                UART_GetItMask
                0x00401e38                UART_SendBuffer
                0x00401e78                UART_ReceiveBuffer
                0x00401eb8                UART_CompareConfig
                0x00401ee4                UART4_Handler
                0x00401efc                UART2_Handler
 .text          0x00401f14      0x164 C:\Users\uid42696\Desktop\Iteso_Projects\Tarea1_HdrLIN\workspace\Debug\syscalls.o
                0x00401f14                _sbrk
                0x00401f54                link
                0x00401f70                _close
                0x00401f88                _fstat
                0x00401fa8                _isatty
                0x00401fc0                _lseek
                0x00401fdc                _read
                0x00401ff8                _write
                0x00402034                _exit
                0x0040204c                _kill
                0x00402064                _getpid
 .text          0x00402078      0x378 C:\Users\uid42696\Desktop\Iteso_Projects\Tarea1_HdrLIN\workspace\Debug\system_sam.o
                0x00402078                SystemInit
                0x00402184                SystemCoreClockUpdate
                0x004022ec                system_init_flash
                0x00402380                sysclk_enable_usb
                0x004023bc                sysclk_disable_usb
 .text          0x004023f0      0x33c C:\Users\uid42696\Desktop\Iteso_Projects\Tarea1_HdrLIN\workspace\Debug\timetick.o
                0x00402488                SysTick_Handler
                0x00402510                SetTimeEvent
                0x0040252c                TimeTick_Configure
                0x004025ec                GetDelayInTicks
                0x00402638                GetTicks
                0x0040266c                Wait
                0x004026cc                Sleep
 .text          0x0040272c      0x26c C:\Users\uid42696\Desktop\Iteso_Projects\Tarea1_HdrLIN\workspace\Debug\app_scheduler.o
                0x0040272c                vfnScheduler_Callback
                0x00402858                vfnScheduler_Init
                0x004028dc                vfnScheduler_Start
                0x004028f8                vfnScheduler_Stop
                0x00402910                vfnTask_Scheduler
 .text          0x00402998      0x168 C:\Users\uid42696\Desktop\Iteso_Projects\Tarea1_HdrLIN\workspace\Debug\led.o
                0x00402998                LED_Configure
                0x004029d0                LED_Set
                0x00402a34                LED_Clear
                0x00402a98                LED_Toggle
 .text          0x00402b00      0x270 C:\Users\uid42696\Desktop\Iteso_Projects\Tarea1_HdrLIN\workspace\Debug\linif.o
                0x00402bb8                Lin_Init
                0x00402c48                Lin_SendFrame
                0x00402c78                Lin_Isr
 .text          0x00402d70       0x88 C:\Users\uid42696\Desktop\Iteso_Projects\Tarea1_HdrLIN\workspace\Debug\main.o
                0x00402d84                main
 .text          0x00402df8       0xa8 C:\Users\uid42696\Desktop\Iteso_Projects\Tarea1_HdrLIN\workspace\Debug\Tasks.o
                0x00402df8                vfnTsk_1ms
                0x00402e04                vfnTsk_2msA
                0x00402e10                vfnTsk_2msB
                0x00402e1c                vfnTsk_10ms
                0x00402e4c                vfnTsk_50ms
                0x00402e58                vfnTsk_100ms
 .text          0x00402ea0       0xe0 C:\Users\uid42696\Desktop\Iteso_Projects\Tarea1_HdrLIN\workspace\Debug\startup_sam.o
                0x00402ee0                Reset_Handler
                0x00402f78                DebugMon_Handler
                0x00402f78                UART3_Handler
                0x00402f78                TRNG_Handler
                0x00402f78                TC2_Handler
                0x00402f78                AFEC1_Handler
                0x00402f78                PendSV_Handler
                0x00402f78                TC7_Handler
                0x00402f78                QSPI_Handler
                0x00402f78                ISI_Handler
                0x00402f78                TC9_Handler
                0x00402f78                RSWDT_Handler
                0x00402f78                MCAN1_Handler
                0x00402f78                USART0_Handler
                0x00402f78                RTT_Handler
                0x00402f78                USBHS_Handler
                0x00402f78                CCF_Handler
                0x00402f78                RTC_Handler
                0x00402f78                TC6_Handler
                0x00402f78                WDT_Handler
                0x00402f78                TC4_Handler
                0x00402f78                TC1_Handler
                0x00402f78                HSMCI_Handler
                0x00402f78                UART1_Handler
                0x00402f78                DACC_Handler
                0x00402f78                TC3_Handler
                0x00402f78                Dummy_Handler
                0x00402f78                TWIHS1_Handler
                0x00402f78                XDMAC_Handler
                0x00402f78                PWM1_Handler
                0x00402f78                USART1_Handler
                0x00402f78                PWM0_Handler
                0x00402f78                AFEC0_Handler
                0x00402f78                CCW_Handler
                0x00402f78                TC11_Handler
                0x00402f78                SSC_Handler
                0x00402f78                ACC_Handler
                0x00402f78                PMC_Handler
                0x00402f78                GMAC_Handler
                0x00402f78                SUPC_Handler
                0x00402f78                SVC_Handler
                0x00402f78                TC8_Handler
                0x00402f78                GMACQ2_Handler
                0x00402f78                EFC_Handler
                0x00402f78                USART2_Handler
                0x00402f78                SDRAMC_Handler
                0x00402f78                SPI1_Handler
                0x00402f78                MCAN0_Handler
                0x00402f78                TC10_Handler
                0x00402f78                TWIHS2_Handler
                0x00402f78                MLB_Handler
                0x00402f78                UART0_Handler
                0x00402f78                GMACQ1_Handler
                0x00402f78                MCAN1_Line1_Handler
                0x00402f78                FPU_Handler
                0x00402f78                RSTC_Handler
                0x00402f78                TC0_Handler
                0x00402f78                MCAN0_Line1_Handler
                0x00402f78                TC5_Handler
                0x00402f78                AES_Handler
                0x00402f78                ICM_Handler
                0x00402f78                TWIHS0_Handler
                0x00402f78                SPI0_Handler
 .text.__assert_func
                0x00402f80       0x3c c:/isystem/winideaopen9/gcc/arm/bin/../lib/gcc/arm-none-eabi/4.9.3/../../../../arm-none-eabi/lib/cortex-m7\libc.a(lib_a-assert.o)
                0x00402f80                __assert_func
 .text.fiprintf
                0x00402fbc       0x28 c:/isystem/winideaopen9/gcc/arm/bin/../lib/gcc/arm-none-eabi/4.9.3/../../../../arm-none-eabi/lib/cortex-m7\libc.a(lib_a-fiprintf.o)
                0x00402fbc                fiprintf
 .text          0x00402fe4      0x134 c:/isystem/winideaopen9/gcc/arm/bin/../lib/gcc/arm-none-eabi/4.9.3/../../../../arm-none-eabi/lib/cortex-m7\libc.a(lib_a-memcpy.o)
                0x00402fe4                memcpy
 .text.printf   0x00403118       0x28 c:/isystem/winideaopen9/gcc/arm/bin/../lib/gcc/arm-none-eabi/4.9.3/../../../../arm-none-eabi/lib/cortex-m7\libc.a(lib_a-printf.o)
                0x00403118                printf
 .text.putchar  0x00403140       0x10 c:/isystem/winideaopen9/gcc/arm/bin/../lib/gcc/arm-none-eabi/4.9.3/../../../../arm-none-eabi/lib/cortex-m7\libc.a(lib_a-putchar.o)
                0x00403140                putchar
 .text.setvbuf  0x00403150       0xfc c:/isystem/winideaopen9/gcc/arm/bin/../lib/gcc/arm-none-eabi/4.9.3/../../../../arm-none-eabi/lib/cortex-m7\libc.a(lib_a-setvbuf.o)
                0x00403150                setvbuf
 .text.__sprint_r.part.0
                0x0040324c       0x78 c:/isystem/winideaopen9/gcc/arm/bin/../lib/gcc/arm-none-eabi/4.9.3/../../../../arm-none-eabi/lib/cortex-m7\libc.a(lib_a-vfiprintf.o)
 .text.__sprint_r
                0x004032c4       0x18 c:/isystem/winideaopen9/gcc/arm/bin/../lib/gcc/arm-none-eabi/4.9.3/../../../../arm-none-eabi/lib/cortex-m7\libc.a(lib_a-vfiprintf.o)
                0x004032c4                __sprint_r
 .text._vfiprintf_r
                0x004032dc      0xbf4 c:/isystem/winideaopen9/gcc/arm/bin/../lib/gcc/arm-none-eabi/4.9.3/../../../../arm-none-eabi/lib/cortex-m7\libc.a(lib_a-vfiprintf.o)
                0x004032dc                _vfiprintf_r
 .text.__sbprintf
                0x00403ed0       0x80 c:/isystem/winideaopen9/gcc/arm/bin/../lib/gcc/arm-none-eabi/4.9.3/../../../../arm-none-eabi/lib/cortex-m7\libc.a(lib_a-vfiprintf.o)
 .text._vfprintf_r
                0x00403f50     0x1554 c:/isystem/winideaopen9/gcc/arm/bin/../lib/gcc/arm-none-eabi/4.9.3/../../../../arm-none-eabi/lib/cortex-m7\libc.a(lib_a-vfprintf.o)
                0x00403f50                _vfprintf_r
 .text.__sbprintf
                0x004054a4       0x80 c:/isystem/winideaopen9/gcc/arm/bin/../lib/gcc/arm-none-eabi/4.9.3/../../../../arm-none-eabi/lib/cortex-m7\libc.a(lib_a-vfprintf.o)
 .text.__swsetup_r
                0x00405524       0xc4 c:/isystem/winideaopen9/gcc/arm/bin/../lib/gcc/arm-none-eabi/4.9.3/../../../../arm-none-eabi/lib/cortex-m7\libc.a(lib_a-wsetup.o)
                0x00405524                __swsetup_r
 .text.abort    0x004055e8       0x10 c:/isystem/winideaopen9/gcc/arm/bin/../lib/gcc/arm-none-eabi/4.9.3/../../../../arm-none-eabi/lib/cortex-m7\libc.a(lib_a-abort.o)
                0x004055e8                abort
 .text.quorem   0x004055f8      0x140 c:/isystem/winideaopen9/gcc/arm/bin/../lib/gcc/arm-none-eabi/4.9.3/../../../../arm-none-eabi/lib/cortex-m7\libc.a(lib_a-dtoa.o)
 .text._dtoa_r  0x00405738      0xee8 c:/isystem/winideaopen9/gcc/arm/bin/../lib/gcc/arm-none-eabi/4.9.3/../../../../arm-none-eabi/lib/cortex-m7\libc.a(lib_a-dtoa.o)
                0x00405738                _dtoa_r
 .text.__sflush_r
                0x00406620      0x148 c:/isystem/winideaopen9/gcc/arm/bin/../lib/gcc/arm-none-eabi/4.9.3/../../../../arm-none-eabi/lib/cortex-m7\libc.a(lib_a-fflush.o)
                0x00406620                __sflush_r
 .text._fflush_r
                0x00406768       0x2c c:/isystem/winideaopen9/gcc/arm/bin/../lib/gcc/arm-none-eabi/4.9.3/../../../../arm-none-eabi/lib/cortex-m7\libc.a(lib_a-fflush.o)
                0x00406768                _fflush_r
 .text._cleanup_r
                0x00406794        0xc c:/isystem/winideaopen9/gcc/arm/bin/../lib/gcc/arm-none-eabi/4.9.3/../../../../arm-none-eabi/lib/cortex-m7\libc.a(lib_a-findfp.o)
                0x00406794                _cleanup_r
 .text.__sinit.part.1
                0x004067a0       0xfc c:/isystem/winideaopen9/gcc/arm/bin/../lib/gcc/arm-none-eabi/4.9.3/../../../../arm-none-eabi/lib/cortex-m7\libc.a(lib_a-findfp.o)
 .text.__sinit  0x0040689c        0xc c:/isystem/winideaopen9/gcc/arm/bin/../lib/gcc/arm-none-eabi/4.9.3/../../../../arm-none-eabi/lib/cortex-m7\libc.a(lib_a-findfp.o)
                0x0040689c                __sinit
 .text.__sfp_lock_acquire
                0x004068a8        0x4 c:/isystem/winideaopen9/gcc/arm/bin/../lib/gcc/arm-none-eabi/4.9.3/../../../../arm-none-eabi/lib/cortex-m7\libc.a(lib_a-findfp.o)
                0x004068a8                __sfp_lock_acquire
 .text.__sfp_lock_release
                0x004068ac        0x4 c:/isystem/winideaopen9/gcc/arm/bin/../lib/gcc/arm-none-eabi/4.9.3/../../../../arm-none-eabi/lib/cortex-m7\libc.a(lib_a-findfp.o)
                0x004068ac                __sfp_lock_release
 .text.__fputwc
                0x004068b0       0xb0 c:/isystem/winideaopen9/gcc/arm/bin/../lib/gcc/arm-none-eabi/4.9.3/../../../../arm-none-eabi/lib/cortex-m7\libc.a(lib_a-fputwc.o)
                0x004068b0                __fputwc
 .text._fputwc_r
                0x00406960       0x24 c:/isystem/winideaopen9/gcc/arm/bin/../lib/gcc/arm-none-eabi/4.9.3/../../../../arm-none-eabi/lib/cortex-m7\libc.a(lib_a-fputwc.o)
                0x00406960                _fputwc_r
 .text._malloc_trim_r
                0x00406984       0x9c c:/isystem/winideaopen9/gcc/arm/bin/../lib/gcc/arm-none-eabi/4.9.3/../../../../arm-none-eabi/lib/cortex-m7\libc.a(lib_a-freer.o)
                0x00406984                _malloc_trim_r
 .text._free_r  0x00406a20      0x1b0 c:/isystem/winideaopen9/gcc/arm/bin/../lib/gcc/arm-none-eabi/4.9.3/../../../../arm-none-eabi/lib/cortex-m7\libc.a(lib_a-freer.o)
                0x00406a20                _free_r
 .text.__sfvwrite_r
                0x00406bd0      0x324 c:/isystem/winideaopen9/gcc/arm/bin/../lib/gcc/arm-none-eabi/4.9.3/../../../../arm-none-eabi/lib/cortex-m7\libc.a(lib_a-fvwrite.o)
                0x00406bd0                __sfvwrite_r
 .text._fwalk_reent
                0x00406ef4       0x50 c:/isystem/winideaopen9/gcc/arm/bin/../lib/gcc/arm-none-eabi/4.9.3/../../../../arm-none-eabi/lib/cortex-m7\libc.a(lib_a-fwalk.o)
                0x00406ef4                _fwalk_reent
 .text.__locale_charset
                0x00406f44        0x8 c:/isystem/winideaopen9/gcc/arm/bin/../lib/gcc/arm-none-eabi/4.9.3/../../../../arm-none-eabi/lib/cortex-m7\libc.a(lib_a-locale.o)
                0x00406f44                __locale_charset
 .text.__locale_mb_cur_max
                0x00406f4c        0xc c:/isystem/winideaopen9/gcc/arm/bin/../lib/gcc/arm-none-eabi/4.9.3/../../../../arm-none-eabi/lib/cortex-m7\libc.a(lib_a-locale.o)
                0x00406f4c                __locale_mb_cur_max
 .text._localeconv_r
                0x00406f58        0x8 c:/isystem/winideaopen9/gcc/arm/bin/../lib/gcc/arm-none-eabi/4.9.3/../../../../arm-none-eabi/lib/cortex-m7\libc.a(lib_a-locale.o)
                0x00406f58                _localeconv_r
 .text.__smakebuf_r
                0x00406f60       0xe4 c:/isystem/winideaopen9/gcc/arm/bin/../lib/gcc/arm-none-eabi/4.9.3/../../../../arm-none-eabi/lib/cortex-m7\libc.a(lib_a-makebuf.o)
                0x00406f60                __smakebuf_r
 .text.malloc   0x00407044       0x10 c:/isystem/winideaopen9/gcc/arm/bin/../lib/gcc/arm-none-eabi/4.9.3/../../../../arm-none-eabi/lib/cortex-m7\libc.a(lib_a-malloc.o)
                0x00407044                malloc
 .text._malloc_r
                0x00407054      0x558 c:/isystem/winideaopen9/gcc/arm/bin/../lib/gcc/arm-none-eabi/4.9.3/../../../../arm-none-eabi/lib/cortex-m7\libc.a(lib_a-mallocr.o)
                0x00407054                _malloc_r
 .text.memchr   0x004075ac       0x90 c:/isystem/winideaopen9/gcc/arm/bin/../lib/gcc/arm-none-eabi/4.9.3/../../../../arm-none-eabi/lib/cortex-m7\libc.a(lib_a-memchr.o)
                0x004075ac                memchr
 .text.memmove  0x0040763c       0xc4 c:/isystem/winideaopen9/gcc/arm/bin/../lib/gcc/arm-none-eabi/4.9.3/../../../../arm-none-eabi/lib/cortex-m7\libc.a(lib_a-memmove.o)
                0x0040763c                memmove
 .text.memset   0x00407700       0xa0 c:/isystem/winideaopen9/gcc/arm/bin/../lib/gcc/arm-none-eabi/4.9.3/../../../../arm-none-eabi/lib/cortex-m7\libc.a(lib_a-memset.o)
                0x00407700                memset
 .text.__malloc_lock
                0x004077a0        0x4 c:/isystem/winideaopen9/gcc/arm/bin/../lib/gcc/arm-none-eabi/4.9.3/../../../../arm-none-eabi/lib/cortex-m7\libc.a(lib_a-mlock.o)
                0x004077a0                __malloc_lock
 .text.__malloc_unlock
                0x004077a4        0x4 c:/isystem/winideaopen9/gcc/arm/bin/../lib/gcc/arm-none-eabi/4.9.3/../../../../arm-none-eabi/lib/cortex-m7\libc.a(lib_a-mlock.o)
                0x004077a4                __malloc_unlock
 .text._Balloc  0x004077a8       0x50 c:/isystem/winideaopen9/gcc/arm/bin/../lib/gcc/arm-none-eabi/4.9.3/../../../../arm-none-eabi/lib/cortex-m7\libc.a(lib_a-mprec.o)
                0x004077a8                _Balloc
 .text._Bfree   0x004077f8       0x14 c:/isystem/winideaopen9/gcc/arm/bin/../lib/gcc/arm-none-eabi/4.9.3/../../../../arm-none-eabi/lib/cortex-m7\libc.a(lib_a-mprec.o)
                0x004077f8                _Bfree
 .text.__multadd
                0x0040780c       0x84 c:/isystem/winideaopen9/gcc/arm/bin/../lib/gcc/arm-none-eabi/4.9.3/../../../../arm-none-eabi/lib/cortex-m7\libc.a(lib_a-mprec.o)
                0x0040780c                __multadd
 .text.__hi0bits
                0x00407890       0x44 c:/isystem/winideaopen9/gcc/arm/bin/../lib/gcc/arm-none-eabi/4.9.3/../../../../arm-none-eabi/lib/cortex-m7\libc.a(lib_a-mprec.o)
                0x00407890                __hi0bits
 .text.__lo0bits
                0x004078d4       0x64 c:/isystem/winideaopen9/gcc/arm/bin/../lib/gcc/arm-none-eabi/4.9.3/../../../../arm-none-eabi/lib/cortex-m7\libc.a(lib_a-mprec.o)
                0x004078d4                __lo0bits
 .text.__i2b    0x00407938       0x14 c:/isystem/winideaopen9/gcc/arm/bin/../lib/gcc/arm-none-eabi/4.9.3/../../../../arm-none-eabi/lib/cortex-m7\libc.a(lib_a-mprec.o)
                0x00407938                __i2b
 .text.__multiply
                0x0040794c      0x144 c:/isystem/winideaopen9/gcc/arm/bin/../lib/gcc/arm-none-eabi/4.9.3/../../../../arm-none-eabi/lib/cortex-m7\libc.a(lib_a-mprec.o)
                0x0040794c                __multiply
 .text.__pow5mult
                0x00407a90       0xa0 c:/isystem/winideaopen9/gcc/arm/bin/../lib/gcc/arm-none-eabi/4.9.3/../../../../arm-none-eabi/lib/cortex-m7\libc.a(lib_a-mprec.o)
                0x00407a90                __pow5mult
 .text.__lshift
                0x00407b30       0xb4 c:/isystem/winideaopen9/gcc/arm/bin/../lib/gcc/arm-none-eabi/4.9.3/../../../../arm-none-eabi/lib/cortex-m7\libc.a(lib_a-mprec.o)
                0x00407b30                __lshift
 .text.__mcmp   0x00407be4       0x48 c:/isystem/winideaopen9/gcc/arm/bin/../lib/gcc/arm-none-eabi/4.9.3/../../../../arm-none-eabi/lib/cortex-m7\libc.a(lib_a-mprec.o)
                0x00407be4                __mcmp
 .text.__mdiff  0x00407c2c       0xe4 c:/isystem/winideaopen9/gcc/arm/bin/../lib/gcc/arm-none-eabi/4.9.3/../../../../arm-none-eabi/lib/cortex-m7\libc.a(lib_a-mprec.o)
                0x00407c2c                __mdiff
 .text.__d2b    0x00407d10       0xb0 c:/isystem/winideaopen9/gcc/arm/bin/../lib/gcc/arm-none-eabi/4.9.3/../../../../arm-none-eabi/lib/cortex-m7\libc.a(lib_a-mprec.o)
                0x00407d10                __d2b
 .text._putc_r  0x00407dc0       0x58 c:/isystem/winideaopen9/gcc/arm/bin/../lib/gcc/arm-none-eabi/4.9.3/../../../../arm-none-eabi/lib/cortex-m7\libc.a(lib_a-putc.o)
                0x00407dc0                _putc_r
 .text._realloc_r
                0x00407e18      0x3f0 c:/isystem/winideaopen9/gcc/arm/bin/../lib/gcc/arm-none-eabi/4.9.3/../../../../arm-none-eabi/lib/cortex-m7\libc.a(lib_a-reallocr.o)
                0x00407e18                _realloc_r
 .text.__fpclassifyd
                0x00408208       0x44 c:/isystem/winideaopen9/gcc/arm/bin/../lib/gcc/arm-none-eabi/4.9.3/../../../../arm-none-eabi/lib/cortex-m7\libc.a(lib_a-s_fpclassify.o)
                0x00408208                __fpclassifyd
 .text._sbrk_r  0x0040824c       0x24 c:/isystem/winideaopen9/gcc/arm/bin/../lib/gcc/arm-none-eabi/4.9.3/../../../../arm-none-eabi/lib/cortex-m7\libc.a(lib_a-sbrkr.o)
                0x0040824c                _sbrk_r
 .text._raise_r
                0x00408270       0x58 c:/isystem/winideaopen9/gcc/arm/bin/../lib/gcc/arm-none-eabi/4.9.3/../../../../arm-none-eabi/lib/cortex-m7\libc.a(lib_a-signal.o)
                0x00408270                _raise_r
 .text.raise    0x004082c8       0x10 c:/isystem/winideaopen9/gcc/arm/bin/../lib/gcc/arm-none-eabi/4.9.3/../../../../arm-none-eabi/lib/cortex-m7\libc.a(lib_a-signal.o)
                0x004082c8                raise
 .text._kill_r  0x004082d8       0x28 c:/isystem/winideaopen9/gcc/arm/bin/../lib/gcc/arm-none-eabi/4.9.3/../../../../arm-none-eabi/lib/cortex-m7\libc.a(lib_a-signalr.o)
                0x004082d8                _kill_r
 .text._getpid_r
                0x00408300        0x4 c:/isystem/winideaopen9/gcc/arm/bin/../lib/gcc/arm-none-eabi/4.9.3/../../../../arm-none-eabi/lib/cortex-m7\libc.a(lib_a-signalr.o)
                0x00408300                _getpid_r
 .text.__sread  0x00408304       0x24 c:/isystem/winideaopen9/gcc/arm/bin/../lib/gcc/arm-none-eabi/4.9.3/../../../../arm-none-eabi/lib/cortex-m7\libc.a(lib_a-stdio.o)
                0x00408304                __sread
 .text.__swrite
                0x00408328       0x38 c:/isystem/winideaopen9/gcc/arm/bin/../lib/gcc/arm-none-eabi/4.9.3/../../../../arm-none-eabi/lib/cortex-m7\libc.a(lib_a-stdio.o)
                0x00408328                __swrite
 .text.__sseek  0x00408360       0x24 c:/isystem/winideaopen9/gcc/arm/bin/../lib/gcc/arm-none-eabi/4.9.3/../../../../arm-none-eabi/lib/cortex-m7\libc.a(lib_a-stdio.o)
                0x00408360                __sseek
 .text.__sclose
                0x00408384        0x8 c:/isystem/winideaopen9/gcc/arm/bin/../lib/gcc/arm-none-eabi/4.9.3/../../../../arm-none-eabi/lib/cortex-m7\libc.a(lib_a-stdio.o)
                0x00408384                __sclose
 .text.strlen   0x0040838c       0x5c c:/isystem/winideaopen9/gcc/arm/bin/../lib/gcc/arm-none-eabi/4.9.3/../../../../arm-none-eabi/lib/cortex-m7\libc.a(lib_a-strlen.o)
                0x0040838c                strlen
 .text.__swbuf_r
                0x004083e8       0xa8 c:/isystem/winideaopen9/gcc/arm/bin/../lib/gcc/arm-none-eabi/4.9.3/../../../../arm-none-eabi/lib/cortex-m7\libc.a(lib_a-wbuf.o)
                0x004083e8                __swbuf_r
 .text._wcrtomb_r
                0x00408490       0x54 c:/isystem/winideaopen9/gcc/arm/bin/../lib/gcc/arm-none-eabi/4.9.3/../../../../arm-none-eabi/lib/cortex-m7\libc.a(lib_a-wcrtomb.o)
                0x00408490                _wcrtomb_r
 .text.__ascii_wctomb
                0x004084e4       0x18 c:/isystem/winideaopen9/gcc/arm/bin/../lib/gcc/arm-none-eabi/4.9.3/../../../../arm-none-eabi/lib/cortex-m7\libc.a(lib_a-wctomb_r.o)
                0x004084e4                __ascii_wctomb
 .text._write_r
                0x004084fc       0x28 c:/isystem/winideaopen9/gcc/arm/bin/../lib/gcc/arm-none-eabi/4.9.3/../../../../arm-none-eabi/lib/cortex-m7\libc.a(lib_a-writer.o)
                0x004084fc                _write_r
 .text._calloc_r
                0x00408524       0x60 c:/isystem/winideaopen9/gcc/arm/bin/../lib/gcc/arm-none-eabi/4.9.3/../../../../arm-none-eabi/lib/cortex-m7\libc.a(lib_a-callocr.o)
                0x00408524                _calloc_r
 .text._close_r
                0x00408584       0x24 c:/isystem/winideaopen9/gcc/arm/bin/../lib/gcc/arm-none-eabi/4.9.3/../../../../arm-none-eabi/lib/cortex-m7\libc.a(lib_a-closer.o)
                0x00408584                _close_r
 .text._fclose_r
                0x004085a8       0x84 c:/isystem/winideaopen9/gcc/arm/bin/../lib/gcc/arm-none-eabi/4.9.3/../../../../arm-none-eabi/lib/cortex-m7\libc.a(lib_a-fclose.o)
                0x004085a8                _fclose_r
 .text._fstat_r
                0x0040862c       0x28 c:/isystem/winideaopen9/gcc/arm/bin/../lib/gcc/arm-none-eabi/4.9.3/../../../../arm-none-eabi/lib/cortex-m7\libc.a(lib_a-fstatr.o)
                0x0040862c                _fstat_r
 .text._isatty_r
                0x00408654       0x24 c:/isystem/winideaopen9/gcc/arm/bin/../lib/gcc/arm-none-eabi/4.9.3/../../../../arm-none-eabi/lib/cortex-m7\libc.a(lib_a-isattyr.o)
                0x00408654                _isatty_r
 .text._lseek_r
                0x00408678       0x28 c:/isystem/winideaopen9/gcc/arm/bin/../lib/gcc/arm-none-eabi/4.9.3/../../../../arm-none-eabi/lib/cortex-m7\libc.a(lib_a-lseekr.o)
                0x00408678                _lseek_r
 .text._read_r  0x004086a0       0x28 c:/isystem/winideaopen9/gcc/arm/bin/../lib/gcc/arm-none-eabi/4.9.3/../../../../arm-none-eabi/lib/cortex-m7\libc.a(lib_a-readr.o)
                0x004086a0                _read_r
 .text          0x004086c8      0x370 c:/isystem/winideaopen9/gcc/arm/bin/../lib/gcc/arm-none-eabi/4.9.3/cortex-m7\libgcc.a(_arm_addsubdf3.o)
                0x004086c8                __aeabi_drsub
                0x004086d0                __aeabi_dsub
                0x004086d0                __subdf3
                0x004086d4                __aeabi_dadd
                0x004086d4                __adddf3
                0x0040894c                __floatunsidf
                0x0040894c                __aeabi_ui2d
                0x0040896c                __floatsidf
                0x0040896c                __aeabi_i2d
                0x00408990                __aeabi_f2d
                0x00408990                __extendsfdf2
                0x004089cc                __floatundidf
                0x004089cc                __aeabi_ul2d
                0x004089dc                __floatdidf
                0x004089dc                __aeabi_l2d
 .text          0x00408a38      0x424 c:/isystem/winideaopen9/gcc/arm/bin/../lib/gcc/arm-none-eabi/4.9.3/cortex-m7\libgcc.a(_arm_muldivdf3.o)
                0x00408a38                __aeabi_dmul
                0x00408a38                __muldf3
                0x00408c8c                __divdf3
                0x00408c8c                __aeabi_ddiv
 .text          0x00408e5c      0x110 c:/isystem/winideaopen9/gcc/arm/bin/../lib/gcc/arm-none-eabi/4.9.3/cortex-m7\libgcc.a(_arm_cmpdf2.o)
                0x00408e5c                __gtdf2
                0x00408e5c                __gedf2
                0x00408e64                __ltdf2
                0x00408e64                __ledf2
                0x00408e6c                __nedf2
                0x00408e6c                __eqdf2
                0x00408e6c                __cmpdf2
                0x00408ee8                __aeabi_cdrcmple
                0x00408ef8                __aeabi_cdcmpeq
                0x00408ef8                __aeabi_cdcmple
                0x00408f08                __aeabi_dcmpeq
                0x00408f1c                __aeabi_dcmplt
                0x00408f30                __aeabi_dcmple
                0x00408f44                __aeabi_dcmpge
                0x00408f58                __aeabi_dcmpgt
 .text          0x00408f6c       0x50 c:/isystem/winideaopen9/gcc/arm/bin/../lib/gcc/arm-none-eabi/4.9.3/cortex-m7\libgcc.a(_arm_fixdfsi.o)
                0x00408f6c                __aeabi_d2iz
                0x00408f6c                __fixdfsi
 .text          0x00408fbc       0x30 c:/isystem/winideaopen9/gcc/arm/bin/../lib/gcc/arm-none-eabi/4.9.3/cortex-m7\libgcc.a(_aeabi_uldivmod.o)
                0x00408fbc                __aeabi_uldivmod
 .text          0x00408fec       0x60 c:/isystem/winideaopen9/gcc/arm/bin/../lib/gcc/arm-none-eabi/4.9.3/cortex-m7\libgcc.a(bpabi.o)
                0x00408fec                __gnu_ldivmod_helper
                0x0040901c                __gnu_uldivmod_helper
 .text          0x0040904c        0x4 c:/isystem/winideaopen9/gcc/arm/bin/../lib/gcc/arm-none-eabi/4.9.3/cortex-m7\libgcc.a(_dvmd_tls.o)
                0x0040904c                __aeabi_idiv0
                0x0040904c                __aeabi_ldiv0
 .text          0x00409050      0x284 c:/isystem/winideaopen9/gcc/arm/bin/../lib/gcc/arm-none-eabi/4.9.3/cortex-m7\libgcc.a(_divdi3.o)
                0x00409050                __divdi3
 .text          0x004092d4      0x248 c:/isystem/winideaopen9/gcc/arm/bin/../lib/gcc/arm-none-eabi/4.9.3/cortex-m7\libgcc.a(_udivdi3.o)
                0x004092d4                __udivdi3
 *(.glue_7t)
 .glue_7t       0x00000000        0x0 linker stubs
 *(.glue_7)
 .glue_7        0x00000000        0x0 linker stubs
 *(.rodata .rodata* .gnu.linkonce.r.*)
 .rodata        0x0040951c       0xf7 C:\Users\uid42696\Desktop\Iteso_Projects\Tarea1_HdrLIN\workspace\Debug\dbg_console.o
 *fill*         0x00409613        0x1 
 .rodata        0x00409614       0xbc C:\Users\uid42696\Desktop\Iteso_Projects\Tarea1_HdrLIN\workspace\Debug\pmc.o
 .rodata        0x004096d0       0xfa C:\Users\uid42696\Desktop\Iteso_Projects\Tarea1_HdrLIN\workspace\Debug\pio_it.o
 *fill*         0x004097ca        0x2 
 .rodata        0x004097cc       0x19 C:\Users\uid42696\Desktop\Iteso_Projects\Tarea1_HdrLIN\workspace\Debug\syscalls.o
 *fill*         0x004097e5        0x3 
 .rodata        0x004097e8      0x102 C:\Users\uid42696\Desktop\Iteso_Projects\Tarea1_HdrLIN\workspace\Debug\timetick.o
 *fill*         0x004098ea        0x2 
 .rodata        0x004098ec       0x1c C:\Users\uid42696\Desktop\Iteso_Projects\Tarea1_HdrLIN\workspace\Debug\led.o
 .rodata        0x00409908        0xc C:\Users\uid42696\Desktop\Iteso_Projects\Tarea1_HdrLIN\workspace\Debug\linif.o
 .rodata        0x00409914       0xb2 C:\Users\uid42696\Desktop\Iteso_Projects\Tarea1_HdrLIN\workspace\Debug\main.o
 *fill*         0x004099c6        0x2 
 .rodata.str1.4
                0x004099c8       0x3f c:/isystem/winideaopen9/gcc/arm/bin/../lib/gcc/arm-none-eabi/4.9.3/../../../../arm-none-eabi/lib/cortex-m7\libc.a(lib_a-assert.o)
                                 0x43 (size before relaxing)
 *fill*         0x00409a07        0x1 
 .rodata.str1.4
                0x00409a08        0x2 c:/isystem/winideaopen9/gcc/arm/bin/../lib/gcc/arm-none-eabi/4.9.3/../../../../arm-none-eabi/lib/cortex-m7\libc.a(lib_a-impure.o)
 *fill*         0x00409a0a        0x2 
 .rodata.zeroes.6869
                0x00409a0c       0x10 c:/isystem/winideaopen9/gcc/arm/bin/../lib/gcc/arm-none-eabi/4.9.3/../../../../arm-none-eabi/lib/cortex-m7\libc.a(lib_a-vfiprintf.o)
 .rodata.str1.4
                0x00409a1c       0x2f c:/isystem/winideaopen9/gcc/arm/bin/../lib/gcc/arm-none-eabi/4.9.3/../../../../arm-none-eabi/lib/cortex-m7\libc.a(lib_a-vfiprintf.o)
 *fill*         0x00409a4b        0x1 
 .rodata.blanks.6868
                0x00409a4c       0x10 c:/isystem/winideaopen9/gcc/arm/bin/../lib/gcc/arm-none-eabi/4.9.3/../../../../arm-none-eabi/lib/cortex-m7\libc.a(lib_a-vfiprintf.o)
 .rodata.zeroes.6926
                0x00409a5c       0x10 c:/isystem/winideaopen9/gcc/arm/bin/../lib/gcc/arm-none-eabi/4.9.3/../../../../arm-none-eabi/lib/cortex-m7\libc.a(lib_a-vfprintf.o)
 .rodata.str1.4
                0x00409a6c       0x12 c:/isystem/winideaopen9/gcc/arm/bin/../lib/gcc/arm-none-eabi/4.9.3/../../../../arm-none-eabi/lib/cortex-m7\libc.a(lib_a-vfprintf.o)
                                 0x42 (size before relaxing)
 *fill*         0x00409a7e        0x2 
 .rodata.blanks.6925
                0x00409a80       0x10 c:/isystem/winideaopen9/gcc/arm/bin/../lib/gcc/arm-none-eabi/4.9.3/../../../../arm-none-eabi/lib/cortex-m7\libc.a(lib_a-vfprintf.o)
 .rodata.str1.4
                0x00409a90       0x10 c:/isystem/winideaopen9/gcc/arm/bin/../lib/gcc/arm-none-eabi/4.9.3/../../../../arm-none-eabi/lib/cortex-m7\libc.a(lib_a-dtoa.o)
                                 0x12 (size before relaxing)
 .rodata.str1.4
                0x00409aa0        0xc c:/isystem/winideaopen9/gcc/arm/bin/../lib/gcc/arm-none-eabi/4.9.3/../../../../arm-none-eabi/lib/cortex-m7\libc.a(lib_a-locale.o)
                                 0x12 (size before relaxing)
 *fill*         0x00409aac        0x4 
 .rodata.__mprec_tens
                0x00409ab0       0xc8 c:/isystem/winideaopen9/gcc/arm/bin/../lib/gcc/arm-none-eabi/4.9.3/../../../../arm-none-eabi/lib/cortex-m7\libc.a(lib_a-mprec.o)
                0x00409ab0                __mprec_tens
 .rodata.p05.5302
                0x00409b78        0xc c:/isystem/winideaopen9/gcc/arm/bin/../lib/gcc/arm-none-eabi/4.9.3/../../../../arm-none-eabi/lib/cortex-m7\libc.a(lib_a-mprec.o)
 *fill*         0x00409b84        0x4 
 .rodata.__mprec_bigtens
                0x00409b88       0x28 c:/isystem/winideaopen9/gcc/arm/bin/../lib/gcc/arm-none-eabi/4.9.3/../../../../arm-none-eabi/lib/cortex-m7\libc.a(lib_a-mprec.o)
                0x00409b88                __mprec_bigtens
 *(.ARM.extab* .gnu.linkonce.armextab.*)
                0x00409bb0                . = ALIGN (0x4)
 *(.init)
                0x00409bb0                . = ALIGN (0x4)
                0x00409bb0                __preinit_array_start = .
 *(.preinit_array)
                0x00409bb0                __preinit_array_end = .
                0x00409bb0                . = ALIGN (0x4)
                0x00409bb0                __init_array_start = .
 *(SORT(.init_array.*))
 *(.init_array)
                0x00409bb0                __init_array_end = .
                0x00409bb0                . = ALIGN (0x4)
 *crtbegin.o(.ctors)
 *(EXCLUDE_FILE(*crtend.o) .ctors)
 *(SORT(.ctors.*))
 *crtend.o(.ctors)
                0x00409bb0                . = ALIGN (0x4)
 *(.fini)
                0x00409bb0                . = ALIGN (0x4)
                0x00409bb0                __fini_array_start = .
 *(.fini_array)
 *(SORT(.fini_array.*))
                0x00409bb0                __fini_array_end = .
 *crtbegin.o(.dtors)
 *(EXCLUDE_FILE(*crtend.o) .dtors)
 *(SORT(.dtors.*))
 *crtend.o(.dtors)
                0x00409bb0                . = ALIGN (0x4)
                0x00409bb0                _efixed = .
                0x00409bb0                PROVIDE (__exidx_start, .)

.vfp11_veneer   0x00409bb0        0x0
 .vfp11_veneer  0x00000000        0x0 linker stubs

.v4_bx          0x00409bb0        0x0
 .v4_bx         0x00000000        0x0 linker stubs

.iplt           0x00409bb0        0x0
 .iplt          0x00000000        0x0 C:\Users\uid42696\Desktop\Iteso_Projects\Tarea1_HdrLIN\workspace\Debug\dbg_console.o

.igot.plt       0x00409bb0        0x0
 .igot.plt      0x00000000        0x0 C:\Users\uid42696\Desktop\Iteso_Projects\Tarea1_HdrLIN\workspace\Debug\dbg_console.o

.ARM.exidx      0x00409bb0        0x8
 *(.ARM.exidx* .gnu.linkonce.armexidx.*)
 .ARM.exidx     0x00409bb0        0x8 c:/isystem/winideaopen9/gcc/arm/bin/../lib/gcc/arm-none-eabi/4.9.3/cortex-m7\libgcc.a(_divdi3.o)
 .ARM.exidx     0x00409bb8        0x0 c:/isystem/winideaopen9/gcc/arm/bin/../lib/gcc/arm-none-eabi/4.9.3/cortex-m7\libgcc.a(_udivdi3.o)
                                  0x8 (size before relaxing)
                0x00409bb8                PROVIDE (__exidx_end, .)

.rel.dyn        0x00409bb8        0x0
 .rel.iplt      0x00000000        0x0 C:\Users\uid42696\Desktop\Iteso_Projects\Tarea1_HdrLIN\workspace\Debug\dbg_console.o
                0x00409bb8                . = ALIGN (0x4)
                0x00409bb8                _etext = .

.relocate       0x20400000      0x8d4 load address 0x00409bb8
                0x20400000                . = ALIGN (0x4)
                0x20400000                _srelocate = .
 *(.ramfunc .ramfunc.*)
 *(.data .data.*)
 .data          0x20400000        0x4 C:\Users\uid42696\Desktop\Iteso_Projects\Tarea1_HdrLIN\workspace\Debug\system_sam.o
                0x20400000                SystemCoreClock
 .data          0x20400004        0x4 C:\Users\uid42696\Desktop\Iteso_Projects\Tarea1_HdrLIN\workspace\Debug\linif.o
                0x20400004                pUart
 .data          0x20400008       0x30 C:\Users\uid42696\Desktop\Iteso_Projects\Tarea1_HdrLIN\workspace\Debug\main.o
                0x20400008                Tasks
 .data.impure_data
                0x20400038      0x428 c:/isystem/winideaopen9/gcc/arm/bin/../lib/gcc/arm-none-eabi/4.9.3/../../../../arm-none-eabi/lib/cortex-m7\libc.a(lib_a-impure.o)
 .data._impure_ptr
                0x20400460        0x4 c:/isystem/winideaopen9/gcc/arm/bin/../lib/gcc/arm-none-eabi/4.9.3/../../../../arm-none-eabi/lib/cortex-m7\libc.a(lib_a-impure.o)
                0x20400460                _impure_ptr
 .data.lconv    0x20400464       0x38 c:/isystem/winideaopen9/gcc/arm/bin/../lib/gcc/arm-none-eabi/4.9.3/../../../../arm-none-eabi/lib/cortex-m7\libc.a(lib_a-locale.o)
 .data.lc_ctype_charset
                0x2040049c       0x20 c:/isystem/winideaopen9/gcc/arm/bin/../lib/gcc/arm-none-eabi/4.9.3/../../../../arm-none-eabi/lib/cortex-m7\libc.a(lib_a-locale.o)
 .data.__mb_cur_max
                0x204004bc        0x4 c:/isystem/winideaopen9/gcc/arm/bin/../lib/gcc/arm-none-eabi/4.9.3/../../../../arm-none-eabi/lib/cortex-m7\libc.a(lib_a-locale.o)
                0x204004bc                __mb_cur_max
 .data.__malloc_av_
                0x204004c0      0x408 c:/isystem/winideaopen9/gcc/arm/bin/../lib/gcc/arm-none-eabi/4.9.3/../../../../arm-none-eabi/lib/cortex-m7\libc.a(lib_a-mallocr.o)
                0x204004c0                __malloc_av_
 .data.__malloc_trim_threshold
                0x204008c8        0x4 c:/isystem/winideaopen9/gcc/arm/bin/../lib/gcc/arm-none-eabi/4.9.3/../../../../arm-none-eabi/lib/cortex-m7\libc.a(lib_a-mallocr.o)
                0x204008c8                __malloc_trim_threshold
 .data.__malloc_sbrk_base
                0x204008cc        0x4 c:/isystem/winideaopen9/gcc/arm/bin/../lib/gcc/arm-none-eabi/4.9.3/../../../../arm-none-eabi/lib/cortex-m7\libc.a(lib_a-mallocr.o)
                0x204008cc                __malloc_sbrk_base
 .data.__wctomb
                0x204008d0        0x4 c:/isystem/winideaopen9/gcc/arm/bin/../lib/gcc/arm-none-eabi/4.9.3/../../../../arm-none-eabi/lib/cortex-m7\libc.a(lib_a-wctomb_r.o)
                0x204008d0                __wctomb
                0x204008d4                . = ALIGN (0x4)
                0x204008d4                _erelocate = .

.bss            0x204008d4      0x104 load address 0x0040a48c
                0x204008d4                . = ALIGN (0x4)
                0x204008d4                _sbss = .
                0x204008d4                _szero = .
 *(.bss .bss.*)
 .bss           0x204008d4        0x6 C:\Users\uid42696\Desktop\Iteso_Projects\Tarea1_HdrLIN\workspace\Debug\dbg_console.o
 *fill*         0x204008da        0x2 
 .bss           0x204008dc       0x44 C:\Users\uid42696\Desktop\Iteso_Projects\Tarea1_HdrLIN\workspace\Debug\pio_it.o
 .bss           0x20400920        0xc C:\Users\uid42696\Desktop\Iteso_Projects\Tarea1_HdrLIN\workspace\Debug\syscalls.o
 .bss           0x2040092c       0x18 C:\Users\uid42696\Desktop\Iteso_Projects\Tarea1_HdrLIN\workspace\Debug\timetick.o
 .bss           0x20400944        0x4 C:\Users\uid42696\Desktop\Iteso_Projects\Tarea1_HdrLIN\workspace\Debug\Tasks.o
                0x20400944                u8100ms_Ctr
                0x20400945                u8100ms_Ctr2
 .bss.__malloc_max_total_mem
                0x20400948        0x4 c:/isystem/winideaopen9/gcc/arm/bin/../lib/gcc/arm-none-eabi/4.9.3/../../../../arm-none-eabi/lib/cortex-m7\libc.a(lib_a-mallocr.o)
                0x20400948                __malloc_max_total_mem
 .bss.__malloc_max_sbrked_mem
                0x2040094c        0x4 c:/isystem/winideaopen9/gcc/arm/bin/../lib/gcc/arm-none-eabi/4.9.3/../../../../arm-none-eabi/lib/cortex-m7\libc.a(lib_a-mallocr.o)
                0x2040094c                __malloc_max_sbrked_mem
 .bss.__malloc_top_pad
                0x20400950        0x4 c:/isystem/winideaopen9/gcc/arm/bin/../lib/gcc/arm-none-eabi/4.9.3/../../../../arm-none-eabi/lib/cortex-m7\libc.a(lib_a-mallocr.o)
                0x20400950                __malloc_top_pad
 .bss.__malloc_current_mallinfo
                0x20400954       0x28 c:/isystem/winideaopen9/gcc/arm/bin/../lib/gcc/arm-none-eabi/4.9.3/../../../../arm-none-eabi/lib/cortex-m7\libc.a(lib_a-mallocr.o)
                0x20400954                __malloc_current_mallinfo
 *(COMMON)
 COMMON         0x2040097c        0x4 C:\Users\uid42696\Desktop\Iteso_Projects\Tarea1_HdrLIN\workspace\Debug\uart.o
                0x2040097c                Isr_Callback
 COMMON         0x20400980       0x14 C:\Users\uid42696\Desktop\Iteso_Projects\Tarea1_HdrLIN\workspace\Debug\timetick.o
                0x20400980                gfunc_ptr
                0x20400984                DelayTimer
 COMMON         0x20400994       0x3a C:\Users\uid42696\Desktop\Iteso_Projects\Tarea1_HdrLIN\workspace\Debug\app_scheduler.o
                0x20400994                u8_50ms_Counter
                0x20400998                task_ctrl_array
                0x204009c8                gu8Scheduler_Status
                0x204009c9                gu8Scheduler_Thread_ID_Backup
                0x204009ca                u8_10ms_Counter
                0x204009cb                u8_100ms_Counter
                0x204009cc                gu8Scheduler_Counter
                0x204009cd                gu8Scheduler_Thread_ID
 COMMON         0x204009ce        0x4 C:\Users\uid42696\Desktop\Iteso_Projects\Tarea1_HdrLIN\workspace\Debug\linif.o
                0x204009ce                PidCommand
                0x204009cf                LinState
                0x204009d0                Baudrate
 *fill*         0x204009d2        0x2 
 COMMON         0x204009d4        0x4 c:/isystem/winideaopen9/gcc/arm/bin/../lib/gcc/arm-none-eabi/4.9.3/../../../../arm-none-eabi/lib/cortex-m7\libc.a(lib_a-reent.o)
                0x204009d4                errno
                0x204009d8                . = ALIGN (0x4)
                0x204009d8                _ebss = .
                0x204009d8                _ezero = .

.stack          0x204009d8     0x2000 load address 0x0040a590
                0x204009d8                . = ALIGN (0x8)
                0x204009d8                _sstack = .
                0x204029d8                . = (. + STACK_SIZE)
 *fill*         0x204009d8     0x2000 
                0x204029d8                . = ALIGN (0x8)
                0x204029d8                _estack = .

.heap           0x204029d8     0x1000 load address 0x0040c590
                0x204029d8                . = ALIGN (0x8)
                0x204029d8                _sheap = .
                0x204039d8                . = (. + HEAP_SIZE)
 *fill*         0x204029d8     0x1000 
                0x204039d8                . = ALIGN (0x8)
                0x204039d8                _eheap = .

.my_heap        0x20450000    0x10000
                0x20450000                . = ALIGN (0x8)
                0x20450000                HEAP_LLD = .
                0x20450000                _smyheap = .
                0x20460000                . = (. + MY_HEAP_SIZE)
 *fill*         0x20450000    0x10000 
                0x20460000                . = ALIGN (0x8)
                0x20460000                _emyheap = .
                0x20460000                . = ALIGN (0x4)
                0x20460000                _end = .
                0x2044ffff                _ram_end_ = ((ORIGIN (ram) + 0x50000) - 0x1)
                0x20460000                _sdram_lma = .

sdram_region
 *(sdram_region)
LOAD c:/isystem/winideaopen9/gcc/arm/bin/../lib/gcc/arm-none-eabi/4.9.3/../../../../arm-none-eabi/lib/cortex-m7\libc.a
LOAD c:/isystem/winideaopen9/gcc/arm/bin/../lib/gcc/arm-none-eabi/4.9.3/cortex-m7\libgcc.a
LOAD c:/isystem/winideaopen9/gcc/arm/bin/../lib/gcc/arm-none-eabi/4.9.3/../../../../arm-none-eabi/lib/cortex-m7\libm.a
OUTPUT(BaseProject.elf elf32-littlearm)

.debug_info     0x00000000     0x8848
 .debug_info    0x00000000     0x14dc C:\Users\uid42696\Desktop\Iteso_Projects\Tarea1_HdrLIN\workspace\Debug\dbg_console.o
 .debug_info    0x000014dc      0x4f5 C:\Users\uid42696\Desktop\Iteso_Projects\Tarea1_HdrLIN\workspace\Debug\board_lowlevel.o
 .debug_info    0x000019d1      0x59c C:\Users\uid42696\Desktop\Iteso_Projects\Tarea1_HdrLIN\workspace\Debug\exceptions.o
 .debug_info    0x00001f6d      0xa00 C:\Users\uid42696\Desktop\Iteso_Projects\Tarea1_HdrLIN\workspace\Debug\pio.o
 .debug_info    0x0000296d      0x327 C:\Users\uid42696\Desktop\Iteso_Projects\Tarea1_HdrLIN\workspace\Debug\mpu.o
 .debug_info    0x00002c94      0x78b C:\Users\uid42696\Desktop\Iteso_Projects\Tarea1_HdrLIN\workspace\Debug\pmc.o
 .debug_info    0x0000341f      0x1fd C:\Users\uid42696\Desktop\Iteso_Projects\Tarea1_HdrLIN\workspace\Debug\wdt.o
 .debug_info    0x0000361c      0xf6c C:\Users\uid42696\Desktop\Iteso_Projects\Tarea1_HdrLIN\workspace\Debug\pio_it.o
 .debug_info    0x00004588      0x5b0 C:\Users\uid42696\Desktop\Iteso_Projects\Tarea1_HdrLIN\workspace\Debug\uart.o
 .debug_info    0x00004b38      0x4cc C:\Users\uid42696\Desktop\Iteso_Projects\Tarea1_HdrLIN\workspace\Debug\syscalls.o
 .debug_info    0x00005004      0x515 C:\Users\uid42696\Desktop\Iteso_Projects\Tarea1_HdrLIN\workspace\Debug\system_sam.o
 .debug_info    0x00005519      0xdca C:\Users\uid42696\Desktop\Iteso_Projects\Tarea1_HdrLIN\workspace\Debug\timetick.o
 .debug_info    0x000062e3      0x2d2 C:\Users\uid42696\Desktop\Iteso_Projects\Tarea1_HdrLIN\workspace\Debug\app_scheduler.o
 .debug_info    0x000065b5      0x6f3 C:\Users\uid42696\Desktop\Iteso_Projects\Tarea1_HdrLIN\workspace\Debug\led.o
 .debug_info    0x00006ca8      0xea6 C:\Users\uid42696\Desktop\Iteso_Projects\Tarea1_HdrLIN\workspace\Debug\linif.o
 .debug_info    0x00007b4e      0x1f1 C:\Users\uid42696\Desktop\Iteso_Projects\Tarea1_HdrLIN\workspace\Debug\main.o
 .debug_info    0x00007d3f      0x141 C:\Users\uid42696\Desktop\Iteso_Projects\Tarea1_HdrLIN\workspace\Debug\Tasks.o
 .debug_info    0x00007e80      0x9c8 C:\Users\uid42696\Desktop\Iteso_Projects\Tarea1_HdrLIN\workspace\Debug\startup_sam.o

.debug_abbrev   0x00000000     0x1ac2
 .debug_abbrev  0x00000000      0x26e C:\Users\uid42696\Desktop\Iteso_Projects\Tarea1_HdrLIN\workspace\Debug\dbg_console.o
 .debug_abbrev  0x0000026e      0x12f C:\Users\uid42696\Desktop\Iteso_Projects\Tarea1_HdrLIN\workspace\Debug\board_lowlevel.o
 .debug_abbrev  0x0000039d      0x152 C:\Users\uid42696\Desktop\Iteso_Projects\Tarea1_HdrLIN\workspace\Debug\exceptions.o
 .debug_abbrev  0x000004ef      0x19d C:\Users\uid42696\Desktop\Iteso_Projects\Tarea1_HdrLIN\workspace\Debug\pio.o
 .debug_abbrev  0x0000068c      0x144 C:\Users\uid42696\Desktop\Iteso_Projects\Tarea1_HdrLIN\workspace\Debug\mpu.o
 .debug_abbrev  0x000007d0      0x1ce C:\Users\uid42696\Desktop\Iteso_Projects\Tarea1_HdrLIN\workspace\Debug\pmc.o
 .debug_abbrev  0x0000099e       0xdf C:\Users\uid42696\Desktop\Iteso_Projects\Tarea1_HdrLIN\workspace\Debug\wdt.o
 .debug_abbrev  0x00000a7d      0x22b C:\Users\uid42696\Desktop\Iteso_Projects\Tarea1_HdrLIN\workspace\Debug\pio_it.o
 .debug_abbrev  0x00000ca8      0x1ba C:\Users\uid42696\Desktop\Iteso_Projects\Tarea1_HdrLIN\workspace\Debug\uart.o
 .debug_abbrev  0x00000e62      0x15e C:\Users\uid42696\Desktop\Iteso_Projects\Tarea1_HdrLIN\workspace\Debug\syscalls.o
 .debug_abbrev  0x00000fc0      0x127 C:\Users\uid42696\Desktop\Iteso_Projects\Tarea1_HdrLIN\workspace\Debug\system_sam.o
 .debug_abbrev  0x000010e7      0x23e C:\Users\uid42696\Desktop\Iteso_Projects\Tarea1_HdrLIN\workspace\Debug\timetick.o
 .debug_abbrev  0x00001325      0x132 C:\Users\uid42696\Desktop\Iteso_Projects\Tarea1_HdrLIN\workspace\Debug\app_scheduler.o
 .debug_abbrev  0x00001457      0x113 C:\Users\uid42696\Desktop\Iteso_Projects\Tarea1_HdrLIN\workspace\Debug\led.o
 .debug_abbrev  0x0000156a      0x1f9 C:\Users\uid42696\Desktop\Iteso_Projects\Tarea1_HdrLIN\workspace\Debug\linif.o
 .debug_abbrev  0x00001763      0x10c C:\Users\uid42696\Desktop\Iteso_Projects\Tarea1_HdrLIN\workspace\Debug\main.o
 .debug_abbrev  0x0000186f       0xb3 C:\Users\uid42696\Desktop\Iteso_Projects\Tarea1_HdrLIN\workspace\Debug\Tasks.o
 .debug_abbrev  0x00001922      0x1a0 C:\Users\uid42696\Desktop\Iteso_Projects\Tarea1_HdrLIN\workspace\Debug\startup_sam.o

.debug_aranges  0x00000000      0x240
 .debug_aranges
                0x00000000       0x20 C:\Users\uid42696\Desktop\Iteso_Projects\Tarea1_HdrLIN\workspace\Debug\dbg_console.o
 .debug_aranges
                0x00000020       0x20 C:\Users\uid42696\Desktop\Iteso_Projects\Tarea1_HdrLIN\workspace\Debug\board_lowlevel.o
 .debug_aranges
                0x00000040       0x20 C:\Users\uid42696\Desktop\Iteso_Projects\Tarea1_HdrLIN\workspace\Debug\exceptions.o
 .debug_aranges
                0x00000060       0x20 C:\Users\uid42696\Desktop\Iteso_Projects\Tarea1_HdrLIN\workspace\Debug\pio.o
 .debug_aranges
                0x00000080       0x20 C:\Users\uid42696\Desktop\Iteso_Projects\Tarea1_HdrLIN\workspace\Debug\mpu.o
 .debug_aranges
                0x000000a0       0x20 C:\Users\uid42696\Desktop\Iteso_Projects\Tarea1_HdrLIN\workspace\Debug\pmc.o
 .debug_aranges
                0x000000c0       0x20 C:\Users\uid42696\Desktop\Iteso_Projects\Tarea1_HdrLIN\workspace\Debug\wdt.o
 .debug_aranges
                0x000000e0       0x20 C:\Users\uid42696\Desktop\Iteso_Projects\Tarea1_HdrLIN\workspace\Debug\pio_it.o
 .debug_aranges
                0x00000100       0x20 C:\Users\uid42696\Desktop\Iteso_Projects\Tarea1_HdrLIN\workspace\Debug\uart.o
 .debug_aranges
                0x00000120       0x20 C:\Users\uid42696\Desktop\Iteso_Projects\Tarea1_HdrLIN\workspace\Debug\syscalls.o
 .debug_aranges
                0x00000140       0x20 C:\Users\uid42696\Desktop\Iteso_Projects\Tarea1_HdrLIN\workspace\Debug\system_sam.o
 .debug_aranges
                0x00000160       0x20 C:\Users\uid42696\Desktop\Iteso_Projects\Tarea1_HdrLIN\workspace\Debug\timetick.o
 .debug_aranges
                0x00000180       0x20 C:\Users\uid42696\Desktop\Iteso_Projects\Tarea1_HdrLIN\workspace\Debug\app_scheduler.o
 .debug_aranges
                0x000001a0       0x20 C:\Users\uid42696\Desktop\Iteso_Projects\Tarea1_HdrLIN\workspace\Debug\led.o
 .debug_aranges
                0x000001c0       0x20 C:\Users\uid42696\Desktop\Iteso_Projects\Tarea1_HdrLIN\workspace\Debug\linif.o
 .debug_aranges
                0x000001e0       0x20 C:\Users\uid42696\Desktop\Iteso_Projects\Tarea1_HdrLIN\workspace\Debug\main.o
 .debug_aranges
                0x00000200       0x20 C:\Users\uid42696\Desktop\Iteso_Projects\Tarea1_HdrLIN\workspace\Debug\Tasks.o
 .debug_aranges
                0x00000220       0x20 C:\Users\uid42696\Desktop\Iteso_Projects\Tarea1_HdrLIN\workspace\Debug\startup_sam.o

.debug_macro    0x00000000    0x1d83d
 .debug_macro   0x00000000      0x737 C:\Users\uid42696\Desktop\Iteso_Projects\Tarea1_HdrLIN\workspace\Debug\dbg_console.o
 .debug_macro   0x00000737      0x86e C:\Users\uid42696\Desktop\Iteso_Projects\Tarea1_HdrLIN\workspace\Debug\dbg_console.o
 .debug_macro   0x00000fa5       0x22 C:\Users\uid42696\Desktop\Iteso_Projects\Tarea1_HdrLIN\workspace\Debug\dbg_console.o
 .debug_macro   0x00000fc7       0x44 C:\Users\uid42696\Desktop\Iteso_Projects\Tarea1_HdrLIN\workspace\Debug\dbg_console.o
 .debug_macro   0x0000100b       0xe3 C:\Users\uid42696\Desktop\Iteso_Projects\Tarea1_HdrLIN\workspace\Debug\dbg_console.o
 .debug_macro   0x000010ee       0x22 C:\Users\uid42696\Desktop\Iteso_Projects\Tarea1_HdrLIN\workspace\Debug\dbg_console.o
 .debug_macro   0x00001110      0x1df C:\Users\uid42696\Desktop\Iteso_Projects\Tarea1_HdrLIN\workspace\Debug\dbg_console.o
 .debug_macro   0x000012ef       0x4a C:\Users\uid42696\Desktop\Iteso_Projects\Tarea1_HdrLIN\workspace\Debug\dbg_console.o
 .debug_macro   0x00001339       0x3b C:\Users\uid42696\Desktop\Iteso_Projects\Tarea1_HdrLIN\workspace\Debug\dbg_console.o
 .debug_macro   0x00001374       0x18 C:\Users\uid42696\Desktop\Iteso_Projects\Tarea1_HdrLIN\workspace\Debug\dbg_console.o
 .debug_macro   0x0000138c       0x26 C:\Users\uid42696\Desktop\Iteso_Projects\Tarea1_HdrLIN\workspace\Debug\dbg_console.o
 .debug_macro   0x000013b2      0xf9a C:\Users\uid42696\Desktop\Iteso_Projects\Tarea1_HdrLIN\workspace\Debug\dbg_console.o
 .debug_macro   0x0000234c      0x16c C:\Users\uid42696\Desktop\Iteso_Projects\Tarea1_HdrLIN\workspace\Debug\dbg_console.o
 .debug_macro   0x000024b8      0x24a C:\Users\uid42696\Desktop\Iteso_Projects\Tarea1_HdrLIN\workspace\Debug\dbg_console.o
 .debug_macro   0x00002702      0xa00 C:\Users\uid42696\Desktop\Iteso_Projects\Tarea1_HdrLIN\workspace\Debug\dbg_console.o
 .debug_macro   0x00003102      0x1b4 C:\Users\uid42696\Desktop\Iteso_Projects\Tarea1_HdrLIN\workspace\Debug\dbg_console.o
 .debug_macro   0x000032b6      0x328 C:\Users\uid42696\Desktop\Iteso_Projects\Tarea1_HdrLIN\workspace\Debug\dbg_console.o
 .debug_macro   0x000035de      0x15a C:\Users\uid42696\Desktop\Iteso_Projects\Tarea1_HdrLIN\workspace\Debug\dbg_console.o
 .debug_macro   0x00003738      0xe71 C:\Users\uid42696\Desktop\Iteso_Projects\Tarea1_HdrLIN\workspace\Debug\dbg_console.o
 .debug_macro   0x000045a9       0x1c C:\Users\uid42696\Desktop\Iteso_Projects\Tarea1_HdrLIN\workspace\Debug\dbg_console.o
 .debug_macro   0x000045c5      0x67f C:\Users\uid42696\Desktop\Iteso_Projects\Tarea1_HdrLIN\workspace\Debug\dbg_console.o
 .debug_macro   0x00004c44      0x310 C:\Users\uid42696\Desktop\Iteso_Projects\Tarea1_HdrLIN\workspace\Debug\dbg_console.o
 .debug_macro   0x00004f54      0x4c7 C:\Users\uid42696\Desktop\Iteso_Projects\Tarea1_HdrLIN\workspace\Debug\dbg_console.o
 .debug_macro   0x0000541b      0x26e C:\Users\uid42696\Desktop\Iteso_Projects\Tarea1_HdrLIN\workspace\Debug\dbg_console.o
 .debug_macro   0x00005689     0x1324 C:\Users\uid42696\Desktop\Iteso_Projects\Tarea1_HdrLIN\workspace\Debug\dbg_console.o
 .debug_macro   0x000069ad      0x280 C:\Users\uid42696\Desktop\Iteso_Projects\Tarea1_HdrLIN\workspace\Debug\dbg_console.o
 .debug_macro   0x00006c2d     0x2ba3 C:\Users\uid42696\Desktop\Iteso_Projects\Tarea1_HdrLIN\workspace\Debug\dbg_console.o
 .debug_macro   0x000097d0     0x101d C:\Users\uid42696\Desktop\Iteso_Projects\Tarea1_HdrLIN\workspace\Debug\dbg_console.o
 .debug_macro   0x0000a7ed      0xe01 C:\Users\uid42696\Desktop\Iteso_Projects\Tarea1_HdrLIN\workspace\Debug\dbg_console.o
 .debug_macro   0x0000b5ee      0x3a4 C:\Users\uid42696\Desktop\Iteso_Projects\Tarea1_HdrLIN\workspace\Debug\dbg_console.o
 .debug_macro   0x0000b992       0xa0 C:\Users\uid42696\Desktop\Iteso_Projects\Tarea1_HdrLIN\workspace\Debug\dbg_console.o
 .debug_macro   0x0000ba32       0x76 C:\Users\uid42696\Desktop\Iteso_Projects\Tarea1_HdrLIN\workspace\Debug\dbg_console.o
 .debug_macro   0x0000baa8      0x3fb C:\Users\uid42696\Desktop\Iteso_Projects\Tarea1_HdrLIN\workspace\Debug\dbg_console.o
 .debug_macro   0x0000bea3       0x64 C:\Users\uid42696\Desktop\Iteso_Projects\Tarea1_HdrLIN\workspace\Debug\dbg_console.o
 .debug_macro   0x0000bf07      0x276 C:\Users\uid42696\Desktop\Iteso_Projects\Tarea1_HdrLIN\workspace\Debug\dbg_console.o
 .debug_macro   0x0000c17d      0x1c4 C:\Users\uid42696\Desktop\Iteso_Projects\Tarea1_HdrLIN\workspace\Debug\dbg_console.o
 .debug_macro   0x0000c341      0x23b C:\Users\uid42696\Desktop\Iteso_Projects\Tarea1_HdrLIN\workspace\Debug\dbg_console.o
 .debug_macro   0x0000c57c      0x516 C:\Users\uid42696\Desktop\Iteso_Projects\Tarea1_HdrLIN\workspace\Debug\dbg_console.o
 .debug_macro   0x0000ca92      0x62d C:\Users\uid42696\Desktop\Iteso_Projects\Tarea1_HdrLIN\workspace\Debug\dbg_console.o
 .debug_macro   0x0000d0bf      0x6a9 C:\Users\uid42696\Desktop\Iteso_Projects\Tarea1_HdrLIN\workspace\Debug\dbg_console.o
 .debug_macro   0x0000d768       0x4c C:\Users\uid42696\Desktop\Iteso_Projects\Tarea1_HdrLIN\workspace\Debug\dbg_console.o
 .debug_macro   0x0000d7b4      0x45a C:\Users\uid42696\Desktop\Iteso_Projects\Tarea1_HdrLIN\workspace\Debug\dbg_console.o
 .debug_macro   0x0000dc0e      0x1fb C:\Users\uid42696\Desktop\Iteso_Projects\Tarea1_HdrLIN\workspace\Debug\dbg_console.o
 .debug_macro   0x0000de09      0x87d C:\Users\uid42696\Desktop\Iteso_Projects\Tarea1_HdrLIN\workspace\Debug\dbg_console.o
 .debug_macro   0x0000e686     0x1547 C:\Users\uid42696\Desktop\Iteso_Projects\Tarea1_HdrLIN\workspace\Debug\dbg_console.o
 .debug_macro   0x0000fbcd       0x40 C:\Users\uid42696\Desktop\Iteso_Projects\Tarea1_HdrLIN\workspace\Debug\dbg_console.o
 .debug_macro   0x0000fc0d       0x76 C:\Users\uid42696\Desktop\Iteso_Projects\Tarea1_HdrLIN\workspace\Debug\dbg_console.o
 .debug_macro   0x0000fc83      0xda0 C:\Users\uid42696\Desktop\Iteso_Projects\Tarea1_HdrLIN\workspace\Debug\dbg_console.o
 .debug_macro   0x00010a23       0x82 C:\Users\uid42696\Desktop\Iteso_Projects\Tarea1_HdrLIN\workspace\Debug\dbg_console.o
 .debug_macro   0x00010aa5       0x76 C:\Users\uid42696\Desktop\Iteso_Projects\Tarea1_HdrLIN\workspace\Debug\dbg_console.o
 .debug_macro   0x00010b1b       0x4c C:\Users\uid42696\Desktop\Iteso_Projects\Tarea1_HdrLIN\workspace\Debug\dbg_console.o
 .debug_macro   0x00010b67      0x126 C:\Users\uid42696\Desktop\Iteso_Projects\Tarea1_HdrLIN\workspace\Debug\dbg_console.o
 .debug_macro   0x00010c8d      0x126 C:\Users\uid42696\Desktop\Iteso_Projects\Tarea1_HdrLIN\workspace\Debug\dbg_console.o
 .debug_macro   0x00010db3      0x126 C:\Users\uid42696\Desktop\Iteso_Projects\Tarea1_HdrLIN\workspace\Debug\dbg_console.o
 .debug_macro   0x00010ed9       0x6a C:\Users\uid42696\Desktop\Iteso_Projects\Tarea1_HdrLIN\workspace\Debug\dbg_console.o
 .debug_macro   0x00010f43       0x6a C:\Users\uid42696\Desktop\Iteso_Projects\Tarea1_HdrLIN\workspace\Debug\dbg_console.o
 .debug_macro   0x00010fad      0x313 C:\Users\uid42696\Desktop\Iteso_Projects\Tarea1_HdrLIN\workspace\Debug\dbg_console.o
 .debug_macro   0x000112c0       0xb2 C:\Users\uid42696\Desktop\Iteso_Projects\Tarea1_HdrLIN\workspace\Debug\dbg_console.o
 .debug_macro   0x00011372       0xb2 C:\Users\uid42696\Desktop\Iteso_Projects\Tarea1_HdrLIN\workspace\Debug\dbg_console.o
 .debug_macro   0x00011424       0xb2 C:\Users\uid42696\Desktop\Iteso_Projects\Tarea1_HdrLIN\workspace\Debug\dbg_console.o
 .debug_macro   0x000114d6      0x112 C:\Users\uid42696\Desktop\Iteso_Projects\Tarea1_HdrLIN\workspace\Debug\dbg_console.o
 .debug_macro   0x000115e8      0x112 C:\Users\uid42696\Desktop\Iteso_Projects\Tarea1_HdrLIN\workspace\Debug\dbg_console.o
 .debug_macro   0x000116fa      0x2cd C:\Users\uid42696\Desktop\Iteso_Projects\Tarea1_HdrLIN\workspace\Debug\dbg_console.o
 .debug_macro   0x000119c7       0xb8 C:\Users\uid42696\Desktop\Iteso_Projects\Tarea1_HdrLIN\workspace\Debug\dbg_console.o
 .debug_macro   0x00011a7f       0x5e C:\Users\uid42696\Desktop\Iteso_Projects\Tarea1_HdrLIN\workspace\Debug\dbg_console.o
 .debug_macro   0x00011add       0x40 C:\Users\uid42696\Desktop\Iteso_Projects\Tarea1_HdrLIN\workspace\Debug\dbg_console.o
 .debug_macro   0x00011b1d       0x4c C:\Users\uid42696\Desktop\Iteso_Projects\Tarea1_HdrLIN\workspace\Debug\dbg_console.o
 .debug_macro   0x00011b69       0xa0 C:\Users\uid42696\Desktop\Iteso_Projects\Tarea1_HdrLIN\workspace\Debug\dbg_console.o
 .debug_macro   0x00011c09      0x494 C:\Users\uid42696\Desktop\Iteso_Projects\Tarea1_HdrLIN\workspace\Debug\dbg_console.o
 .debug_macro   0x0001209d      0x126 C:\Users\uid42696\Desktop\Iteso_Projects\Tarea1_HdrLIN\workspace\Debug\dbg_console.o
 .debug_macro   0x000121c3       0x4c C:\Users\uid42696\Desktop\Iteso_Projects\Tarea1_HdrLIN\workspace\Debug\dbg_console.o
 .debug_macro   0x0001220f      0x313 C:\Users\uid42696\Desktop\Iteso_Projects\Tarea1_HdrLIN\workspace\Debug\dbg_console.o
 .debug_macro   0x00012522       0x6a C:\Users\uid42696\Desktop\Iteso_Projects\Tarea1_HdrLIN\workspace\Debug\dbg_console.o
 .debug_macro   0x0001258c       0xb8 C:\Users\uid42696\Desktop\Iteso_Projects\Tarea1_HdrLIN\workspace\Debug\dbg_console.o
 .debug_macro   0x00012644       0x76 C:\Users\uid42696\Desktop\Iteso_Projects\Tarea1_HdrLIN\workspace\Debug\dbg_console.o
 .debug_macro   0x000126ba       0x6a C:\Users\uid42696\Desktop\Iteso_Projects\Tarea1_HdrLIN\workspace\Debug\dbg_console.o
 .debug_macro   0x00012724       0x2e C:\Users\uid42696\Desktop\Iteso_Projects\Tarea1_HdrLIN\workspace\Debug\dbg_console.o
 .debug_macro   0x00012752      0x9b1 C:\Users\uid42696\Desktop\Iteso_Projects\Tarea1_HdrLIN\workspace\Debug\dbg_console.o
 .debug_macro   0x00013103       0x6a C:\Users\uid42696\Desktop\Iteso_Projects\Tarea1_HdrLIN\workspace\Debug\dbg_console.o
 .debug_macro   0x0001316d       0x88 C:\Users\uid42696\Desktop\Iteso_Projects\Tarea1_HdrLIN\workspace\Debug\dbg_console.o
 .debug_macro   0x000131f5       0x58 C:\Users\uid42696\Desktop\Iteso_Projects\Tarea1_HdrLIN\workspace\Debug\dbg_console.o
 .debug_macro   0x0001324d       0xa6 C:\Users\uid42696\Desktop\Iteso_Projects\Tarea1_HdrLIN\workspace\Debug\dbg_console.o
 .debug_macro   0x000132f3       0x16 C:\Users\uid42696\Desktop\Iteso_Projects\Tarea1_HdrLIN\workspace\Debug\dbg_console.o
 .debug_macro   0x00013309       0xe2 C:\Users\uid42696\Desktop\Iteso_Projects\Tarea1_HdrLIN\workspace\Debug\dbg_console.o
 .debug_macro   0x000133eb       0x4c C:\Users\uid42696\Desktop\Iteso_Projects\Tarea1_HdrLIN\workspace\Debug\dbg_console.o
 .debug_macro   0x00013437       0x16 C:\Users\uid42696\Desktop\Iteso_Projects\Tarea1_HdrLIN\workspace\Debug\dbg_console.o
 .debug_macro   0x0001344d       0x4c C:\Users\uid42696\Desktop\Iteso_Projects\Tarea1_HdrLIN\workspace\Debug\dbg_console.o
 .debug_macro   0x00013499       0x2e C:\Users\uid42696\Desktop\Iteso_Projects\Tarea1_HdrLIN\workspace\Debug\dbg_console.o
 .debug_macro   0x000134c7      0x19e C:\Users\uid42696\Desktop\Iteso_Projects\Tarea1_HdrLIN\workspace\Debug\dbg_console.o
 .debug_macro   0x00013665      0x19e C:\Users\uid42696\Desktop\Iteso_Projects\Tarea1_HdrLIN\workspace\Debug\dbg_console.o
 .debug_macro   0x00013803      0x19e C:\Users\uid42696\Desktop\Iteso_Projects\Tarea1_HdrLIN\workspace\Debug\dbg_console.o
 .debug_macro   0x000139a1      0x19e C:\Users\uid42696\Desktop\Iteso_Projects\Tarea1_HdrLIN\workspace\Debug\dbg_console.o
 .debug_macro   0x00013b3f      0x19e C:\Users\uid42696\Desktop\Iteso_Projects\Tarea1_HdrLIN\workspace\Debug\dbg_console.o
 .debug_macro   0x00013cdd       0x1c C:\Users\uid42696\Desktop\Iteso_Projects\Tarea1_HdrLIN\workspace\Debug\dbg_console.o
 .debug_macro   0x00013cf9       0x2e C:\Users\uid42696\Desktop\Iteso_Projects\Tarea1_HdrLIN\workspace\Debug\dbg_console.o
 .debug_macro   0x00013d27       0x22 C:\Users\uid42696\Desktop\Iteso_Projects\Tarea1_HdrLIN\workspace\Debug\dbg_console.o
 .debug_macro   0x00013d49       0x1c C:\Users\uid42696\Desktop\Iteso_Projects\Tarea1_HdrLIN\workspace\Debug\dbg_console.o
 .debug_macro   0x00013d65       0x52 C:\Users\uid42696\Desktop\Iteso_Projects\Tarea1_HdrLIN\workspace\Debug\dbg_console.o
 .debug_macro   0x00013db7       0x10 C:\Users\uid42696\Desktop\Iteso_Projects\Tarea1_HdrLIN\workspace\Debug\dbg_console.o
 .debug_macro   0x00013dc7       0x1c C:\Users\uid42696\Desktop\Iteso_Projects\Tarea1_HdrLIN\workspace\Debug\dbg_console.o
 .debug_macro   0x00013de3       0x4c C:\Users\uid42696\Desktop\Iteso_Projects\Tarea1_HdrLIN\workspace\Debug\dbg_console.o
 .debug_macro   0x00013e2f       0x4c C:\Users\uid42696\Desktop\Iteso_Projects\Tarea1_HdrLIN\workspace\Debug\dbg_console.o
 .debug_macro   0x00013e7b       0x4c C:\Users\uid42696\Desktop\Iteso_Projects\Tarea1_HdrLIN\workspace\Debug\dbg_console.o
 .debug_macro   0x00013ec7      0x329 C:\Users\uid42696\Desktop\Iteso_Projects\Tarea1_HdrLIN\workspace\Debug\dbg_console.o
 .debug_macro   0x000141f0     0x1028 C:\Users\uid42696\Desktop\Iteso_Projects\Tarea1_HdrLIN\workspace\Debug\dbg_console.o
 .debug_macro   0x00015218      0x107 C:\Users\uid42696\Desktop\Iteso_Projects\Tarea1_HdrLIN\workspace\Debug\dbg_console.o
 .debug_macro   0x0001531f      0x166 C:\Users\uid42696\Desktop\Iteso_Projects\Tarea1_HdrLIN\workspace\Debug\dbg_console.o
 .debug_macro   0x00015485       0x58 C:\Users\uid42696\Desktop\Iteso_Projects\Tarea1_HdrLIN\workspace\Debug\dbg_console.o
 .debug_macro   0x000154dd       0x35 C:\Users\uid42696\Desktop\Iteso_Projects\Tarea1_HdrLIN\workspace\Debug\dbg_console.o
 .debug_macro   0x00015512       0x9c C:\Users\uid42696\Desktop\Iteso_Projects\Tarea1_HdrLIN\workspace\Debug\dbg_console.o
 .debug_macro   0x000155ae       0x16 C:\Users\uid42696\Desktop\Iteso_Projects\Tarea1_HdrLIN\workspace\Debug\dbg_console.o
 .debug_macro   0x000155c4       0x35 C:\Users\uid42696\Desktop\Iteso_Projects\Tarea1_HdrLIN\workspace\Debug\dbg_console.o
 .debug_macro   0x000155f9       0x52 C:\Users\uid42696\Desktop\Iteso_Projects\Tarea1_HdrLIN\workspace\Debug\dbg_console.o
 .debug_macro   0x0001564b       0x16 C:\Users\uid42696\Desktop\Iteso_Projects\Tarea1_HdrLIN\workspace\Debug\dbg_console.o
 .debug_macro   0x00015661       0x43 C:\Users\uid42696\Desktop\Iteso_Projects\Tarea1_HdrLIN\workspace\Debug\dbg_console.o
 .debug_macro   0x000156a4      0x180 C:\Users\uid42696\Desktop\Iteso_Projects\Tarea1_HdrLIN\workspace\Debug\dbg_console.o
 .debug_macro   0x00015824      0x29d C:\Users\uid42696\Desktop\Iteso_Projects\Tarea1_HdrLIN\workspace\Debug\dbg_console.o
 .debug_macro   0x00015ac1       0x16 C:\Users\uid42696\Desktop\Iteso_Projects\Tarea1_HdrLIN\workspace\Debug\dbg_console.o
 .debug_macro   0x00015ad7       0x29 C:\Users\uid42696\Desktop\Iteso_Projects\Tarea1_HdrLIN\workspace\Debug\dbg_console.o
 .debug_macro   0x00015b00       0x22 C:\Users\uid42696\Desktop\Iteso_Projects\Tarea1_HdrLIN\workspace\Debug\dbg_console.o
 .debug_macro   0x00015b22      0x159 C:\Users\uid42696\Desktop\Iteso_Projects\Tarea1_HdrLIN\workspace\Debug\dbg_console.o
 .debug_macro   0x00015c7b       0x5e C:\Users\uid42696\Desktop\Iteso_Projects\Tarea1_HdrLIN\workspace\Debug\dbg_console.o
 .debug_macro   0x00015cd9       0x91 C:\Users\uid42696\Desktop\Iteso_Projects\Tarea1_HdrLIN\workspace\Debug\dbg_console.o
 .debug_macro   0x00015d6a      0x19e C:\Users\uid42696\Desktop\Iteso_Projects\Tarea1_HdrLIN\workspace\Debug\dbg_console.o
 .debug_macro   0x00015f08       0x3a C:\Users\uid42696\Desktop\Iteso_Projects\Tarea1_HdrLIN\workspace\Debug\dbg_console.o
 .debug_macro   0x00015f42       0x52 C:\Users\uid42696\Desktop\Iteso_Projects\Tarea1_HdrLIN\workspace\Debug\dbg_console.o
 .debug_macro   0x00015f94       0x1c C:\Users\uid42696\Desktop\Iteso_Projects\Tarea1_HdrLIN\workspace\Debug\dbg_console.o
 .debug_macro   0x00015fb0       0x10 C:\Users\uid42696\Desktop\Iteso_Projects\Tarea1_HdrLIN\workspace\Debug\dbg_console.o
 .debug_macro   0x00015fc0       0x10 C:\Users\uid42696\Desktop\Iteso_Projects\Tarea1_HdrLIN\workspace\Debug\dbg_console.o
 .debug_macro   0x00015fd0       0x22 C:\Users\uid42696\Desktop\Iteso_Projects\Tarea1_HdrLIN\workspace\Debug\dbg_console.o
 .debug_macro   0x00015ff2       0xbe C:\Users\uid42696\Desktop\Iteso_Projects\Tarea1_HdrLIN\workspace\Debug\dbg_console.o
 .debug_macro   0x000160b0       0x16 C:\Users\uid42696\Desktop\Iteso_Projects\Tarea1_HdrLIN\workspace\Debug\dbg_console.o
 .debug_macro   0x000160c6      0x197 C:\Users\uid42696\Desktop\Iteso_Projects\Tarea1_HdrLIN\workspace\Debug\dbg_console.o
 .debug_macro   0x0001625d       0x93 C:\Users\uid42696\Desktop\Iteso_Projects\Tarea1_HdrLIN\workspace\Debug\dbg_console.o
 .debug_macro   0x000162f0       0x2e C:\Users\uid42696\Desktop\Iteso_Projects\Tarea1_HdrLIN\workspace\Debug\dbg_console.o
 .debug_macro   0x0001631e       0x2e C:\Users\uid42696\Desktop\Iteso_Projects\Tarea1_HdrLIN\workspace\Debug\dbg_console.o
 .debug_macro   0x0001634c       0x16 C:\Users\uid42696\Desktop\Iteso_Projects\Tarea1_HdrLIN\workspace\Debug\dbg_console.o
 .debug_macro   0x00016362       0x76 C:\Users\uid42696\Desktop\Iteso_Projects\Tarea1_HdrLIN\workspace\Debug\dbg_console.o
 .debug_macro   0x000163d8       0x10 C:\Users\uid42696\Desktop\Iteso_Projects\Tarea1_HdrLIN\workspace\Debug\dbg_console.o
 .debug_macro   0x000163e8       0x52 C:\Users\uid42696\Desktop\Iteso_Projects\Tarea1_HdrLIN\workspace\Debug\dbg_console.o
 .debug_macro   0x0001643a       0x16 C:\Users\uid42696\Desktop\Iteso_Projects\Tarea1_HdrLIN\workspace\Debug\dbg_console.o
 .debug_macro   0x00016450       0x10 C:\Users\uid42696\Desktop\Iteso_Projects\Tarea1_HdrLIN\workspace\Debug\dbg_console.o
 .debug_macro   0x00016460       0x10 C:\Users\uid42696\Desktop\Iteso_Projects\Tarea1_HdrLIN\workspace\Debug\dbg_console.o
 .debug_macro   0x00016470       0x10 C:\Users\uid42696\Desktop\Iteso_Projects\Tarea1_HdrLIN\workspace\Debug\dbg_console.o
 .debug_macro   0x00016480       0x35 C:\Users\uid42696\Desktop\Iteso_Projects\Tarea1_HdrLIN\workspace\Debug\dbg_console.o
 .debug_macro   0x000164b5      0x122 C:\Users\uid42696\Desktop\Iteso_Projects\Tarea1_HdrLIN\workspace\Debug\dbg_console.o
 .debug_macro   0x000165d7      0x459 C:\Users\uid42696\Desktop\Iteso_Projects\Tarea1_HdrLIN\workspace\Debug\dbg_console.o
 .debug_macro   0x00016a30      0x701 C:\Users\uid42696\Desktop\Iteso_Projects\Tarea1_HdrLIN\workspace\Debug\board_lowlevel.o
 .debug_macro   0x00017131      0x664 C:\Users\uid42696\Desktop\Iteso_Projects\Tarea1_HdrLIN\workspace\Debug\exceptions.o
 .debug_macro   0x00017795      0x664 C:\Users\uid42696\Desktop\Iteso_Projects\Tarea1_HdrLIN\workspace\Debug\pio.o
 .debug_macro   0x00017df9      0x664 C:\Users\uid42696\Desktop\Iteso_Projects\Tarea1_HdrLIN\workspace\Debug\mpu.o
 .debug_macro   0x0001845d      0x67a C:\Users\uid42696\Desktop\Iteso_Projects\Tarea1_HdrLIN\workspace\Debug\pmc.o
 .debug_macro   0x00018ad7       0x10 C:\Users\uid42696\Desktop\Iteso_Projects\Tarea1_HdrLIN\workspace\Debug\pmc.o
 .debug_macro   0x00018ae7      0x664 C:\Users\uid42696\Desktop\Iteso_Projects\Tarea1_HdrLIN\workspace\Debug\wdt.o
 .debug_macro   0x0001914b      0x674 C:\Users\uid42696\Desktop\Iteso_Projects\Tarea1_HdrLIN\workspace\Debug\pio_it.o
 .debug_macro   0x000197bf      0x687 C:\Users\uid42696\Desktop\Iteso_Projects\Tarea1_HdrLIN\workspace\Debug\uart.o
 .debug_macro   0x00019e46       0x16 C:\Users\uid42696\Desktop\Iteso_Projects\Tarea1_HdrLIN\workspace\Debug\uart.o
 .debug_macro   0x00019e5c      0x71f C:\Users\uid42696\Desktop\Iteso_Projects\Tarea1_HdrLIN\workspace\Debug\syscalls.o
 .debug_macro   0x0001a57b       0x10 C:\Users\uid42696\Desktop\Iteso_Projects\Tarea1_HdrLIN\workspace\Debug\syscalls.o
 .debug_macro   0x0001a58b      0x241 C:\Users\uid42696\Desktop\Iteso_Projects\Tarea1_HdrLIN\workspace\Debug\syscalls.o
 .debug_macro   0x0001a7cc      0x460 C:\Users\uid42696\Desktop\Iteso_Projects\Tarea1_HdrLIN\workspace\Debug\system_sam.o
 .debug_macro   0x0001ac2c      0x711 C:\Users\uid42696\Desktop\Iteso_Projects\Tarea1_HdrLIN\workspace\Debug\timetick.o
 .debug_macro   0x0001b33d      0x66e C:\Users\uid42696\Desktop\Iteso_Projects\Tarea1_HdrLIN\workspace\Debug\app_scheduler.o
 .debug_macro   0x0001b9ab       0x58 C:\Users\uid42696\Desktop\Iteso_Projects\Tarea1_HdrLIN\workspace\Debug\app_scheduler.o
 .debug_macro   0x0001ba03       0x50 C:\Users\uid42696\Desktop\Iteso_Projects\Tarea1_HdrLIN\workspace\Debug\app_scheduler.o
 .debug_macro   0x0001ba53      0x701 C:\Users\uid42696\Desktop\Iteso_Projects\Tarea1_HdrLIN\workspace\Debug\led.o
 .debug_macro   0x0001c154      0x714 C:\Users\uid42696\Desktop\Iteso_Projects\Tarea1_HdrLIN\workspace\Debug\linif.o
 .debug_macro   0x0001c868       0x16 C:\Users\uid42696\Desktop\Iteso_Projects\Tarea1_HdrLIN\workspace\Debug\linif.o
 .debug_macro   0x0001c87e       0x4a C:\Users\uid42696\Desktop\Iteso_Projects\Tarea1_HdrLIN\workspace\Debug\linif.o
 .debug_macro   0x0001c8c8       0x97 C:\Users\uid42696\Desktop\Iteso_Projects\Tarea1_HdrLIN\workspace\Debug\linif.o
 .debug_macro   0x0001c95f       0xef C:\Users\uid42696\Desktop\Iteso_Projects\Tarea1_HdrLIN\workspace\Debug\linif.o
 .debug_macro   0x0001ca4e       0x3a C:\Users\uid42696\Desktop\Iteso_Projects\Tarea1_HdrLIN\workspace\Debug\linif.o
 .debug_macro   0x0001ca88       0x99 C:\Users\uid42696\Desktop\Iteso_Projects\Tarea1_HdrLIN\workspace\Debug\linif.o
 .debug_macro   0x0001cb21      0x716 C:\Users\uid42696\Desktop\Iteso_Projects\Tarea1_HdrLIN\workspace\Debug\main.o
 .debug_macro   0x0001d237       0x5e C:\Users\uid42696\Desktop\Iteso_Projects\Tarea1_HdrLIN\workspace\Debug\main.o
 .debug_macro   0x0001d295      0x160 C:\Users\uid42696\Desktop\Iteso_Projects\Tarea1_HdrLIN\workspace\Debug\Tasks.o
 .debug_macro   0x0001d3f5      0x448 C:\Users\uid42696\Desktop\Iteso_Projects\Tarea1_HdrLIN\workspace\Debug\startup_sam.o

.debug_line     0x00000000    0x13bb1
 .debug_line    0x00000000     0x155b C:\Users\uid42696\Desktop\Iteso_Projects\Tarea1_HdrLIN\workspace\Debug\dbg_console.o
 .debug_line    0x0000155b     0x1419 C:\Users\uid42696\Desktop\Iteso_Projects\Tarea1_HdrLIN\workspace\Debug\board_lowlevel.o
 .debug_line    0x00002974     0x1210 C:\Users\uid42696\Desktop\Iteso_Projects\Tarea1_HdrLIN\workspace\Debug\exceptions.o
 .debug_line    0x00003b84     0x125b C:\Users\uid42696\Desktop\Iteso_Projects\Tarea1_HdrLIN\workspace\Debug\pio.o
 .debug_line    0x00004ddf     0x11e2 C:\Users\uid42696\Desktop\Iteso_Projects\Tarea1_HdrLIN\workspace\Debug\mpu.o
 .debug_line    0x00005fc1     0x135c C:\Users\uid42696\Desktop\Iteso_Projects\Tarea1_HdrLIN\workspace\Debug\pmc.o
 .debug_line    0x0000731d     0x11b5 C:\Users\uid42696\Desktop\Iteso_Projects\Tarea1_HdrLIN\workspace\Debug\wdt.o
 .debug_line    0x000084d2     0x125a C:\Users\uid42696\Desktop\Iteso_Projects\Tarea1_HdrLIN\workspace\Debug\pio_it.o
 .debug_line    0x0000972c     0x1250 C:\Users\uid42696\Desktop\Iteso_Projects\Tarea1_HdrLIN\workspace\Debug\uart.o
 .debug_line    0x0000a97c     0x140c C:\Users\uid42696\Desktop\Iteso_Projects\Tarea1_HdrLIN\workspace\Debug\syscalls.o
 .debug_line    0x0000bd88      0xc87 C:\Users\uid42696\Desktop\Iteso_Projects\Tarea1_HdrLIN\workspace\Debug\system_sam.o
 .debug_line    0x0000ca0f     0x13e0 C:\Users\uid42696\Desktop\Iteso_Projects\Tarea1_HdrLIN\workspace\Debug\timetick.o
 .debug_line    0x0000ddef     0x1283 C:\Users\uid42696\Desktop\Iteso_Projects\Tarea1_HdrLIN\workspace\Debug\app_scheduler.o
 .debug_line    0x0000f072     0x136b C:\Users\uid42696\Desktop\Iteso_Projects\Tarea1_HdrLIN\workspace\Debug\led.o
 .debug_line    0x000103dd     0x1408 C:\Users\uid42696\Desktop\Iteso_Projects\Tarea1_HdrLIN\workspace\Debug\linif.o
 .debug_line    0x000117e5     0x146f C:\Users\uid42696\Desktop\Iteso_Projects\Tarea1_HdrLIN\workspace\Debug\main.o
 .debug_line    0x00012c54      0x369 C:\Users\uid42696\Desktop\Iteso_Projects\Tarea1_HdrLIN\workspace\Debug\Tasks.o
 .debug_line    0x00012fbd      0xbf4 C:\Users\uid42696\Desktop\Iteso_Projects\Tarea1_HdrLIN\workspace\Debug\startup_sam.o

.debug_str      0x00000000    0x79b23
 .debug_str     0x00000000    0x76f07 C:\Users\uid42696\Desktop\Iteso_Projects\Tarea1_HdrLIN\workspace\Debug\dbg_console.o
                              0x774d4 (size before relaxing)
 .debug_str     0x00076f07      0x21a C:\Users\uid42696\Desktop\Iteso_Projects\Tarea1_HdrLIN\workspace\Debug\board_lowlevel.o
                              0x76b9e (size before relaxing)
 .debug_str     0x00077121       0xcc C:\Users\uid42696\Desktop\Iteso_Projects\Tarea1_HdrLIN\workspace\Debug\exceptions.o
                              0x73c38 (size before relaxing)
 .debug_str     0x000771ed      0x1fa C:\Users\uid42696\Desktop\Iteso_Projects\Tarea1_HdrLIN\workspace\Debug\pio.o
                              0x73ec9 (size before relaxing)
 .debug_str     0x000773e7      0x1ae C:\Users\uid42696\Desktop\Iteso_Projects\Tarea1_HdrLIN\workspace\Debug\mpu.o
                              0x73b83 (size before relaxing)
 .debug_str     0x00077595      0x477 C:\Users\uid42696\Desktop\Iteso_Projects\Tarea1_HdrLIN\workspace\Debug\pmc.o
                              0x73e7f (size before relaxing)
 .debug_str     0x00077a0c       0xfc C:\Users\uid42696\Desktop\Iteso_Projects\Tarea1_HdrLIN\workspace\Debug\wdt.o
                              0x73aac (size before relaxing)
 .debug_str     0x00077b08      0x4a1 C:\Users\uid42696\Desktop\Iteso_Projects\Tarea1_HdrLIN\workspace\Debug\pio_it.o
                              0x74380 (size before relaxing)
 .debug_str     0x00077fa9      0x284 C:\Users\uid42696\Desktop\Iteso_Projects\Tarea1_HdrLIN\workspace\Debug\uart.o
                              0x73c8b (size before relaxing)
 .debug_str     0x0007822d      0x5f4 C:\Users\uid42696\Desktop\Iteso_Projects\Tarea1_HdrLIN\workspace\Debug\syscalls.o
                              0x76fc1 (size before relaxing)
 .debug_str     0x00078821      0x25f C:\Users\uid42696\Desktop\Iteso_Projects\Tarea1_HdrLIN\workspace\Debug\system_sam.o
                              0x6e242 (size before relaxing)
 .debug_str     0x00078a80      0x23d C:\Users\uid42696\Desktop\Iteso_Projects\Tarea1_HdrLIN\workspace\Debug\timetick.o
                              0x77210 (size before relaxing)
 .debug_str     0x00078cbd      0x39f C:\Users\uid42696\Desktop\Iteso_Projects\Tarea1_HdrLIN\workspace\Debug\app_scheduler.o
                              0x73d5c (size before relaxing)
 .debug_str     0x0007905c       0xe0 C:\Users\uid42696\Desktop\Iteso_Projects\Tarea1_HdrLIN\workspace\Debug\led.o
                              0x76d02 (size before relaxing)
 .debug_str     0x0007913c      0x20a C:\Users\uid42696\Desktop\Iteso_Projects\Tarea1_HdrLIN\workspace\Debug\linif.o
                              0x77399 (size before relaxing)
 .debug_str     0x00079346       0xb4 C:\Users\uid42696\Desktop\Iteso_Projects\Tarea1_HdrLIN\workspace\Debug\main.o
                              0x76b86 (size before relaxing)
 .debug_str     0x000793fa      0x10f C:\Users\uid42696\Desktop\Iteso_Projects\Tarea1_HdrLIN\workspace\Debug\Tasks.o
                               0x633b (size before relaxing)
 .debug_str     0x00079509      0x61a C:\Users\uid42696\Desktop\Iteso_Projects\Tarea1_HdrLIN\workspace\Debug\startup_sam.o
                              0x6e607 (size before relaxing)

.comment        0x00000000       0x70
 .comment       0x00000000       0x70 C:\Users\uid42696\Desktop\Iteso_Projects\Tarea1_HdrLIN\workspace\Debug\dbg_console.o
                                 0x71 (size before relaxing)
 .comment       0x00000000       0x71 C:\Users\uid42696\Desktop\Iteso_Projects\Tarea1_HdrLIN\workspace\Debug\board_lowlevel.o
 .comment       0x00000000       0x71 C:\Users\uid42696\Desktop\Iteso_Projects\Tarea1_HdrLIN\workspace\Debug\exceptions.o
 .comment       0x00000000       0x71 C:\Users\uid42696\Desktop\Iteso_Projects\Tarea1_HdrLIN\workspace\Debug\pio.o
 .comment       0x00000000       0x71 C:\Users\uid42696\Desktop\Iteso_Projects\Tarea1_HdrLIN\workspace\Debug\mpu.o
 .comment       0x00000000       0x71 C:\Users\uid42696\Desktop\Iteso_Projects\Tarea1_HdrLIN\workspace\Debug\pmc.o
 .comment       0x00000000       0x71 C:\Users\uid42696\Desktop\Iteso_Projects\Tarea1_HdrLIN\workspace\Debug\wdt.o
 .comment       0x00000000       0x71 C:\Users\uid42696\Desktop\Iteso_Projects\Tarea1_HdrLIN\workspace\Debug\pio_it.o
 .comment       0x00000000       0x71 C:\Users\uid42696\Desktop\Iteso_Projects\Tarea1_HdrLIN\workspace\Debug\uart.o
 .comment       0x00000000       0x71 C:\Users\uid42696\Desktop\Iteso_Projects\Tarea1_HdrLIN\workspace\Debug\syscalls.o
 .comment       0x00000000       0x71 C:\Users\uid42696\Desktop\Iteso_Projects\Tarea1_HdrLIN\workspace\Debug\system_sam.o
 .comment       0x00000000       0x71 C:\Users\uid42696\Desktop\Iteso_Projects\Tarea1_HdrLIN\workspace\Debug\timetick.o
 .comment       0x00000000       0x71 C:\Users\uid42696\Desktop\Iteso_Projects\Tarea1_HdrLIN\workspace\Debug\app_scheduler.o
 .comment       0x00000000       0x71 C:\Users\uid42696\Desktop\Iteso_Projects\Tarea1_HdrLIN\workspace\Debug\led.o
 .comment       0x00000000       0x71 C:\Users\uid42696\Desktop\Iteso_Projects\Tarea1_HdrLIN\workspace\Debug\linif.o
 .comment       0x00000000       0x71 C:\Users\uid42696\Desktop\Iteso_Projects\Tarea1_HdrLIN\workspace\Debug\main.o
 .comment       0x00000000       0x71 C:\Users\uid42696\Desktop\Iteso_Projects\Tarea1_HdrLIN\workspace\Debug\Tasks.o
 .comment       0x00000000       0x71 C:\Users\uid42696\Desktop\Iteso_Projects\Tarea1_HdrLIN\workspace\Debug\startup_sam.o

.ARM.attributes
                0x00000000       0x35
 .ARM.attributes
                0x00000000       0x37 C:\Users\uid42696\Desktop\Iteso_Projects\Tarea1_HdrLIN\workspace\Debug\dbg_console.o
 .ARM.attributes
                0x00000037       0x37 C:\Users\uid42696\Desktop\Iteso_Projects\Tarea1_HdrLIN\workspace\Debug\board_lowlevel.o
 .ARM.attributes
                0x0000006e       0x37 C:\Users\uid42696\Desktop\Iteso_Projects\Tarea1_HdrLIN\workspace\Debug\exceptions.o
 .ARM.attributes
                0x000000a5       0x37 C:\Users\uid42696\Desktop\Iteso_Projects\Tarea1_HdrLIN\workspace\Debug\pio.o
 .ARM.attributes
                0x000000dc       0x37 C:\Users\uid42696\Desktop\Iteso_Projects\Tarea1_HdrLIN\workspace\Debug\mpu.o
 .ARM.attributes
                0x00000113       0x37 C:\Users\uid42696\Desktop\Iteso_Projects\Tarea1_HdrLIN\workspace\Debug\pmc.o
 .ARM.attributes
                0x0000014a       0x37 C:\Users\uid42696\Desktop\Iteso_Projects\Tarea1_HdrLIN\workspace\Debug\wdt.o
 .ARM.attributes
                0x00000181       0x37 C:\Users\uid42696\Desktop\Iteso_Projects\Tarea1_HdrLIN\workspace\Debug\pio_it.o
 .ARM.attributes
                0x000001b8       0x37 C:\Users\uid42696\Desktop\Iteso_Projects\Tarea1_HdrLIN\workspace\Debug\uart.o
 .ARM.attributes
                0x000001ef       0x37 C:\Users\uid42696\Desktop\Iteso_Projects\Tarea1_HdrLIN\workspace\Debug\syscalls.o
 .ARM.attributes
                0x00000226       0x37 C:\Users\uid42696\Desktop\Iteso_Projects\Tarea1_HdrLIN\workspace\Debug\system_sam.o
 .ARM.attributes
                0x0000025d       0x37 C:\Users\uid42696\Desktop\Iteso_Projects\Tarea1_HdrLIN\workspace\Debug\timetick.o
 .ARM.attributes
                0x00000294       0x37 C:\Users\uid42696\Desktop\Iteso_Projects\Tarea1_HdrLIN\workspace\Debug\app_scheduler.o
 .ARM.attributes
                0x000002cb       0x37 C:\Users\uid42696\Desktop\Iteso_Projects\Tarea1_HdrLIN\workspace\Debug\led.o
 .ARM.attributes
                0x00000302       0x37 C:\Users\uid42696\Desktop\Iteso_Projects\Tarea1_HdrLIN\workspace\Debug\linif.o
 .ARM.attributes
                0x00000339       0x37 C:\Users\uid42696\Desktop\Iteso_Projects\Tarea1_HdrLIN\workspace\Debug\main.o
 .ARM.attributes
                0x00000370       0x37 C:\Users\uid42696\Desktop\Iteso_Projects\Tarea1_HdrLIN\workspace\Debug\Tasks.o
 .ARM.attributes
                0x000003a7       0x37 C:\Users\uid42696\Desktop\Iteso_Projects\Tarea1_HdrLIN\workspace\Debug\startup_sam.o
 .ARM.attributes
                0x000003de       0x33 c:/isystem/winideaopen9/gcc/arm/bin/../lib/gcc/arm-none-eabi/4.9.3/../../../../arm-none-eabi/lib/cortex-m7\libc.a(lib_a-assert.o)
 .ARM.attributes
                0x00000411       0x33 c:/isystem/winideaopen9/gcc/arm/bin/../lib/gcc/arm-none-eabi/4.9.3/../../../../arm-none-eabi/lib/cortex-m7\libc.a(lib_a-fiprintf.o)
 .ARM.attributes
                0x00000444       0x33 c:/isystem/winideaopen9/gcc/arm/bin/../lib/gcc/arm-none-eabi/4.9.3/../../../../arm-none-eabi/lib/cortex-m7\libc.a(lib_a-impure.o)
 .ARM.attributes
                0x00000477       0x21 c:/isystem/winideaopen9/gcc/arm/bin/../lib/gcc/arm-none-eabi/4.9.3/../../../../arm-none-eabi/lib/cortex-m7\libc.a(lib_a-memcpy.o)
 .ARM.attributes
                0x00000498       0x33 c:/isystem/winideaopen9/gcc/arm/bin/../lib/gcc/arm-none-eabi/4.9.3/../../../../arm-none-eabi/lib/cortex-m7\libc.a(lib_a-printf.o)
 .ARM.attributes
                0x000004cb       0x33 c:/isystem/winideaopen9/gcc/arm/bin/../lib/gcc/arm-none-eabi/4.9.3/../../../../arm-none-eabi/lib/cortex-m7\libc.a(lib_a-putchar.o)
 .ARM.attributes
                0x000004fe       0x33 c:/isystem/winideaopen9/gcc/arm/bin/../lib/gcc/arm-none-eabi/4.9.3/../../../../arm-none-eabi/lib/cortex-m7\libc.a(lib_a-setvbuf.o)
 .ARM.attributes
                0x00000531       0x33 c:/isystem/winideaopen9/gcc/arm/bin/../lib/gcc/arm-none-eabi/4.9.3/../../../../arm-none-eabi/lib/cortex-m7\libc.a(lib_a-vfiprintf.o)
 .ARM.attributes
                0x00000564       0x33 c:/isystem/winideaopen9/gcc/arm/bin/../lib/gcc/arm-none-eabi/4.9.3/../../../../arm-none-eabi/lib/cortex-m7\libc.a(lib_a-vfprintf.o)
 .ARM.attributes
                0x00000597       0x33 c:/isystem/winideaopen9/gcc/arm/bin/../lib/gcc/arm-none-eabi/4.9.3/../../../../arm-none-eabi/lib/cortex-m7\libc.a(lib_a-wsetup.o)
 .ARM.attributes
                0x000005ca       0x33 c:/isystem/winideaopen9/gcc/arm/bin/../lib/gcc/arm-none-eabi/4.9.3/../../../../arm-none-eabi/lib/cortex-m7\libc.a(lib_a-abort.o)
 .ARM.attributes
                0x000005fd       0x33 c:/isystem/winideaopen9/gcc/arm/bin/../lib/gcc/arm-none-eabi/4.9.3/../../../../arm-none-eabi/lib/cortex-m7\libc.a(lib_a-dtoa.o)
 .ARM.attributes
                0x00000630       0x33 c:/isystem/winideaopen9/gcc/arm/bin/../lib/gcc/arm-none-eabi/4.9.3/../../../../arm-none-eabi/lib/cortex-m7\libc.a(lib_a-fflush.o)
 .ARM.attributes
                0x00000663       0x33 c:/isystem/winideaopen9/gcc/arm/bin/../lib/gcc/arm-none-eabi/4.9.3/../../../../arm-none-eabi/lib/cortex-m7\libc.a(lib_a-findfp.o)
 .ARM.attributes
                0x00000696       0x33 c:/isystem/winideaopen9/gcc/arm/bin/../lib/gcc/arm-none-eabi/4.9.3/../../../../arm-none-eabi/lib/cortex-m7\libc.a(lib_a-fputwc.o)
 .ARM.attributes
                0x000006c9       0x33 c:/isystem/winideaopen9/gcc/arm/bin/../lib/gcc/arm-none-eabi/4.9.3/../../../../arm-none-eabi/lib/cortex-m7\libc.a(lib_a-freer.o)
 .ARM.attributes
                0x000006fc       0x33 c:/isystem/winideaopen9/gcc/arm/bin/../lib/gcc/arm-none-eabi/4.9.3/../../../../arm-none-eabi/lib/cortex-m7\libc.a(lib_a-fvwrite.o)
 .ARM.attributes
                0x0000072f       0x33 c:/isystem/winideaopen9/gcc/arm/bin/../lib/gcc/arm-none-eabi/4.9.3/../../../../arm-none-eabi/lib/cortex-m7\libc.a(lib_a-fwalk.o)
 .ARM.attributes
                0x00000762       0x33 c:/isystem/winideaopen9/gcc/arm/bin/../lib/gcc/arm-none-eabi/4.9.3/../../../../arm-none-eabi/lib/cortex-m7\libc.a(lib_a-locale.o)
 .ARM.attributes
                0x00000795       0x33 c:/isystem/winideaopen9/gcc/arm/bin/../lib/gcc/arm-none-eabi/4.9.3/../../../../arm-none-eabi/lib/cortex-m7\libc.a(lib_a-makebuf.o)
 .ARM.attributes